Data/History_121_Monthly.csv
ProductID,ChannelID,LocationID,Qty,Period,StartDate,EndDate,UOM,NetPrice,ListPrice
APPLE_ELSTAR,WHOLESALE,NL-NH,6445.99,Monthly,2023-02-01,2023-02-28,KG,2.747,2.747
APPLE_ELSTAR,WHOLESALE,NL-NH,6440.95,Monthly,2023-03-01,2023-03-31,KG,2.765,2.765
APPLE_ELSTAR,WHOLESALE,NL-NH,5846.45,Monthly,2023-04-01,2023-04-30,KG,2.776,2.776
APPLE_ELSTAR,WHOLESALE,NL-NH,5954.1900000000005,Monthly,2023-05-01,2023-05-31,KG,2.747,2.747
APPLE_ELSTAR,WHOLESALE,NL-NH,5432.9,Monthly,2023-06-01,2023-06-30,KG,2.775,2.775
APPLE_ELSTAR,WHOLESALE,NL-NH,5163.33,Monthly,2023-07-01,2023-07-31,KG,2.746,2.746
APPLE_ELSTAR,WHOLESALE,NL-NH,5834.82,Monthly,2023-08-01,2023-08-31,KG,2.352,2.352
APPLE_ELSTAR,WHOLESALE,NL-NH,6450.58,Monthly,2023-09-01,2023-09-30,KG,2.253,2.253
APPLE_ELSTAR,WHOLESALE,NL-NH,6453.3,Monthly,2023-10-01,2023-10-31,KG,2.236,2.236
APPLE_ELSTAR,WHOLESALE,NL-NH,6207.68,Monthly,2023-11-01,2023-11-30,KG,2.239,2.239
APPLE_ELSTAR,WHOLESALE,NL-NH,6839.89,Monthly,2023-12-01,2023-12-31,KG,2.736,2.736
APPLE_ELSTAR,WHOLESALE,NL-NH,7333.12,Monthly,2024-01-01,2024-01-31,KG,2.734,2.734
APPLE_ELSTAR,WHOLESALE,NL-NH,6313.58,Monthly,2024-02-01,2024-02-29,KG,2.753,2.753
APPLE_ELSTAR,WHOLESALE,NL-NH,7013.96,Monthly,2024-03-01,2024-03-31,KG,2.755,2.755
APPLE_ELSTAR,WHOLESALE,NL-NH,5980.93,Monthly,2024-04-01,2024-04-30,KG,2.74,2.74
APPLE_ELSTAR,WHOLESALE,NL-NH,5676.01,Monthly,2024-05-01,2024-05-31,KG,2.762,2.762
APPLE_ELSTAR,WHOLESALE,NL-NH,5095.87,Monthly,2024-06-01,2024-06-30,KG,2.743,2.743
APPLE_ELSTAR,WHOLESALE,NL-NH,5056.469999999999,Monthly,2024-07-01,2024-07-31,KG,2.768,2.768
APPLE_ELSTAR,WHOLESALE,NL-NH,5954.8,Monthly,2024-08-01,2024-08-31,KG,2.373,2.373
APPLE_ELSTAR,WHOLESALE,NL-NH,6055.26,Monthly,2024-09-01,2024-09-30,KG,2.257,2.257
APPLE_ELSTAR,WHOLESALE,NL-NH,7240.02,Monthly,2024-10-01,2024-10-31,KG,2.253,2.253
APPLE_ELSTAR,WHOLESALE,NL-NH,6760.83,Monthly,2024-11-01,2024-11-30,KG,2.229,2.229
APPLE_ELSTAR,WHOLESALE,NL-NH,7129.42,Monthly,2024-12-01,2024-12-31,KG,2.734,2.734
APPLE_ELSTAR,WHOLESALE,NL-NH,7152.28,Monthly,2025-01-01,2025-01-31,KG,2.788,2.788
APPLE_ELSTAR,WHOLESALE,NL-NH,6647.47,Monthly,2025-02-01,2025-02-28,KG,2.717,2.717
APPLE_ELSTAR,WHOLESALE,NL-NH,7623.45,Monthly,2025-03-01,2025-03-31,KG,2.74,2.74
APPLE_ELSTAR,WHOLESALE,NL-NH,6744.32,Monthly,2025-04-01,2025-04-30,KG,2.785,2.785
APPLE_ELSTAR,WHOLESALE,NL-NH,6275.69,Monthly,2025-05-01,2025-05-31,KG,2.757,2.757
APPLE_ELSTAR,WHOLESALE,NL-NH,5277.3099999999995,Monthly,2025-06-01,2025-06-30,KG,2.73,2.73
APPLE_ELSTAR,WHOLESALE,NL-NH,5375.32,Monthly,2025-07-01,2025-07-31,KG,2.748,2.748
APPLE_ELSTAR,WHOLESALE,NL-NH,5979.07,Monthly,2025-08-01,2025-08-31,KG,2.35,2.35
APPLE_ELSTAR,WHOLESALE,NL-NH,6199.73,Monthly,2025-09-01,2025-09-30,KG,2.212,2.212
APPLE_ELSTAR,WHOLESALE,NL-NH,6385.74,Monthly,2025-10-01,2025-10-31,KG,2.244,2.244
APPLE_ELSTAR,WHOLESALE,NL-NH,6812.25,Monthly,2025-11-01,2025-11-30,KG,2.23,2.23
APPLE_ELSTAR,WHOLESALE,NL-NH,7656.92,Monthly,2025-12-01,2025-12-31,KG,2.786,2.786
APPLE_ELSTAR,WHOLESALE,NL-NH,6884.18,Monthly,2026-01-01,2026-01-31,KG,2.784,2.784
APPLE_ELSTAR,WHOLESALE,NL-NH,196.97,Monthly,2026-02-01,2026-02-28,KG,2.853,2.853
APPLE_ELSTAR,WHOLESALE,NL-ZH,6660.219999999999,Monthly,2023-02-01,2023-02-28,KG,2.828,2.828
APPLE_ELSTAR,WHOLESALE,NL-ZH,6447.59,Monthly,2023-03-01,2023-03-31,KG,2.845,2.845
APPLE_ELSTAR,WHOLESALE,NL-ZH,6115.48,Monthly,2023-04-01,2023-04-30,KG,2.856,2.856
APPLE_ELSTAR,WHOLESALE,NL-ZH,6289.61,Monthly,2023-05-01,2023-05-31,KG,2.834,2.834
APPLE_ELSTAR,WHOLESALE,NL-ZH,6000.33,Monthly,2023-06-01,2023-06-30,KG,2.824,2.824
APPLE_ELSTAR,WHOLESALE,NL-ZH,5258.12,Monthly,2023-07-01,2023-07-31,KG,2.851,2.851
APPLE_ELSTAR,WHOLESALE,NL-ZH,5872.23,Monthly,2023-08-01,2023-08-31,KG,2.401,2.401
APPLE_ELSTAR,WHOLESALE,NL-ZH,6358.99,Monthly,2023-09-01,2023-09-30,KG,2.272,2.272
APPLE_ELSTAR,WHOLESALE,NL-ZH,6678.19,Monthly,2023-10-01,2023-10-31,KG,2.3,2.3
APPLE_ELSTAR,WHOLESALE,NL-ZH,6410.34,Monthly,2023-11-01,2023-11-30,KG,2.311,2.311
APPLE_ELSTAR,WHOLESALE,NL-ZH,7046.34,Monthly,2023-12-01,2023-12-31,KG,2.834,2.834
APPLE_ELSTAR,WHOLESALE,NL-ZH,7488.3099999999995,Monthly,2024-01-01,2024-01-31,KG,2.843,2.843
APPLE_ELSTAR,WHOLESALE,NL-ZH,6525.87,Monthly,2024-02-01,2024-02-29,KG,2.858,2.858
APPLE_ELSTAR,WHOLESALE,NL-ZH,7082.25,Monthly,2024-03-01,2024-03-31,KG,2.855,2.855
APPLE_ELSTAR,WHOLESALE,NL-ZH,6194.5,Monthly,2024-04-01,2024-04-30,KG,2.834,2.834
APPLE_ELSTAR,WHOLESALE,NL-ZH,5936.57,Monthly,2024-05-01,2024-05-31,KG,2.8,2.8
APPLE_ELSTAR,WHOLESALE,NL-ZH,5277.03,Monthly,2024-06-01,2024-06-30,KG,2.823,2.823
APPLE_ELSTAR,WHOLESALE,NL-ZH,5230.5,Monthly,2024-07-01,2024-07-31,KG,2.833,2.833
APPLE_ELSTAR,WHOLESALE,NL-ZH,6124.64,Monthly,2024-08-01,2024-08-31,KG,2.414,2.414
APPLE_ELSTAR,WHOLESALE,NL-ZH,6160.14,Monthly,2024-09-01,2024-09-30,KG,2.312,2.312
APPLE_ELSTAR,WHOLESALE,NL-ZH,6877.02,Monthly,2024-10-01,2024-10-31,KG,2.303,2.303
APPLE_ELSTAR,WHOLESALE,NL-ZH,6822.93,Monthly,2024-11-01,2024-11-30,KG,2.304,2.304
APPLE_ELSTAR,WHOLESALE,NL-ZH,7188.0,Monthly,2024-12-01,2024-12-31,KG,2.823,2.823
APPLE_ELSTAR,WHOLESALE,NL-ZH,7091.92,Monthly,2025-01-01,2025-01-31,KG,2.828,2.828
APPLE_ELSTAR,WHOLESALE,NL-ZH,6595.69,Monthly,2025-02-01,2025-02-28,KG,2.838,2.838
APPLE_ELSTAR,WHOLESALE,NL-ZH,7783.76,Monthly,2025-03-01,2025-03-31,KG,2.84,2.84
APPLE_ELSTAR,WHOLESALE,NL-ZH,7314.82,Monthly,2025-04-01,2025-04-30,KG,2.839,2.839
APPLE_ELSTAR,WHOLESALE,NL-ZH,6625.99,Monthly,2025-05-01,2025-05-31,KG,2.849,2.849
APPLE_ELSTAR,WHOLESALE,NL-ZH,5625.96,Monthly,2025-06-01,2025-06-30,KG,2.823,2.823
APPLE_ELSTAR,WHOLESALE,NL-ZH,5555.81,Monthly,2025-07-01,2025-07-31,KG,2.846,2.846
APPLE_ELSTAR,WHOLESALE,NL-ZH,6308.42,Monthly,2025-08-01,2025-08-31,KG,2.42,2.42
APPLE_ELSTAR,WHOLESALE,NL-ZH,6524.25,Monthly,2025-09-01,2025-09-30,KG,2.306,2.306
APPLE_ELSTAR,WHOLESALE,NL-ZH,6736.86,Monthly,2025-10-01,2025-10-31,KG,2.3,2.3
APPLE_ELSTAR,WHOLESALE,NL-ZH,7031.67,Monthly,2025-11-01,2025-11-30,KG,2.307,2.307
APPLE_ELSTAR,WHOLESALE,NL-ZH,7721.12,Monthly,2025-12-01,2025-12-31,KG,2.849,2.849
APPLE_ELSTAR,WHOLESALE,NL-ZH,7151.24,Monthly,2026-01-01,2026-01-31,KG,2.848,2.848
APPLE_ELSTAR,WHOLESALE,NL-ZH,214.3,Monthly,2026-02-01,2026-02-28,KG,2.816,2.816
APPLE_GALA,ONLINE,NL-GE,4131.78,Monthly,2023-02-01,2023-02-28,KG,2.62,2.62
APPLE_GALA,ONLINE,NL-GE,4292.27,Monthly,2023-03-01,2023-03-31,KG,2.6,2.6
APPLE_GALA,ONLINE,NL-GE,3840.37,Monthly,2023-04-01,2023-04-30,KG,2.604,2.604
APPLE_GALA,ONLINE,NL-GE,4066.3900000000003,Monthly,2023-05-01,2023-05-31,KG,2.571,2.571
APPLE_GALA,ONLINE,NL-GE,3811.66,Monthly,2023-06-01,2023-06-30,KG,2.612,2.612
APPLE_GALA,ONLINE,NL-GE,3411.12,Monthly,2023-07-01,2023-07-31,KG,2.579,2.579
APPLE_GALA,ONLINE,NL-GE,3950.92,Monthly,2023-08-01,2023-08-31,KG,2.212,2.212
APPLE_GALA,ONLINE,NL-GE,4473.08,Monthly,2023-09-01,2023-09-30,KG,2.114,2.114
APPLE_GALA,ONLINE,NL-GE,4335.28,Monthly,2023-10-01,2023-10-31,KG,2.108,2.108
APPLE_GALA,ONLINE,NL-GE,4387.0,Monthly,2023-11-01,2023-11-30,KG,2.089,2.089
APPLE_GALA,ONLINE,NL-GE,4434.79,Monthly,2023-12-01,2023-12-31,KG,2.609,2.609
APPLE_GALA,ONLINE,NL-GE,4881.77,Monthly,2024-01-01,2024-01-31,KG,2.571,2.571
APPLE_GALA,ONLINE,NL-GE,4066.54,Monthly,2024-02-01,2024-02-29,KG,2.605,2.605
APPLE_GALA,ONLINE,NL-GE,4689.79,Monthly,2024-03-01,2024-03-31,KG,2.612,2.612
APPLE_GALA,ONLINE,NL-GE,4037.7200000000003,Monthly,2024-04-01,2024-04-30,KG,2.569,2.569
APPLE_GALA,ONLINE,NL-GE,3956.01,Monthly,2024-05-01,2024-05-31,KG,2.58,2.58
APPLE_GALA,ONLINE,NL-GE,3497.55,Monthly,2024-06-01,2024-06-30,KG,2.586,2.586
APPLE_GALA,ONLINE,NL-GE,3509.8199999999997,Monthly,2024-07-01,2024-07-31,KG,2.592,2.592
APPLE_GALA,ONLINE,NL-GE,3947.96,Monthly,2024-08-01,2024-08-31,KG,2.197,2.197
APPLE_GALA,ONLINE,NL-GE,4076.65,Monthly,2024-09-01,2024-09-30,KG,2.092,2.092
APPLE_GALA,ONLINE,NL-GE,4503.7,Monthly,2024-10-01,2024-10-31,KG,2.139,2.139
APPLE_GALA,ONLINE,NL-GE,4426.02,Monthly,2024-11-01,2024-11-30,KG,2.104,2.104
APPLE_GALA,ONLINE,NL-GE,4738.8,Monthly,2024-12-01,2024-12-31,KG,2.597,2.597
APPLE_GALA,ONLINE,NL-GE,4690.3,Monthly,2025-01-01,2025-01-31,KG,2.588,2.588
APPLE_GALA,ONLINE,NL-GE,4467.11,Monthly,2025-02-01,2025-02-28,KG,2.561,2.561
APPLE_GALA,ONLINE,NL-GE,5235.42,Monthly,2025-03-01,2025-03-31,KG,2.602,2.602
APPLE_GALA,ONLINE,NL-GE,4468.93,Monthly,2025-04-01,2025-04-30,KG,2.624,2.624
APPLE_GALA,ONLINE,NL-GE,4124.93,Monthly,2025-05-01,2025-05-31,KG,2.613,2.613
APPLE_GALA,ONLINE,NL-GE,3601.23,Monthly,2025-06-01,2025-06-30,KG,2.606,2.606
APPLE_GALA,ONLINE,NL-GE,3677.88,Monthly,2025-07-01,2025-07-31,KG,2.566,2.566
APPLE_GALA,ONLINE,NL-GE,3907.4,Monthly,2025-08-01,2025-08-31,KG,2.209,2.209
APPLE_GALA,ONLINE,NL-GE,4194.9400000000005,Monthly,2025-09-01,2025-09-30,KG,2.112,2.112
APPLE_GALA,ONLINE,NL-GE,4373.04,Monthly,2025-10-01,2025-10-31,KG,2.111,2.111
APPLE_GALA,ONLINE,NL-GE,4727.7,Monthly,2025-11-01,2025-11-30,KG,2.117,2.117
APPLE_GALA,ONLINE,NL-GE,5201.73,Monthly,2025-12-01,2025-12-31,KG,2.584,2.584
APPLE_GALA,ONLINE,NL-GE,4620.01,Monthly,2026-01-01,2026-01-31,KG,2.609,2.609
APPLE_GALA,ONLINE,NL-GE,156.45,Monthly,2026-02-01,2026-02-28,KG,2.662,2.662
APPLE_GALA,ONLINE,NL-NB,4302.94,Monthly,2023-02-01,2023-02-28,KG,2.686,2.686
APPLE_GALA,ONLINE,NL-NB,4541.54,Monthly,2023-03-01,2023-03-31,KG,2.718,2.718
APPLE_GALA,ONLINE,NL-NB,4007.38,Monthly,2023-04-01,2023-04-30,KG,2.691,2.691
APPLE_GALA,ONLINE,NL-NB,4219.33,Monthly,2023-05-01,2023-05-31,KG,2.642,2.642
APPLE_GALA,ONLINE,NL-NB,3897.01,Monthly,2023-06-01,2023-06-30,KG,2.662,2.662
APPLE_GALA,ONLINE,NL-NB,3724.2799999999997,Monthly,2023-07-01,2023-07-31,KG,2.661,2.661
APPLE_GALA,ONLINE,NL-NB,3892.55,Monthly,2023-08-01,2023-08-31,KG,2.282,2.282
APPLE_GALA,ONLINE,NL-NB,4460.93,Monthly,2023-09-01,2023-09-30,KG,2.171,2.171
APPLE_GALA,ONLINE,NL-NB,4588.9,Monthly,2023-10-01,2023-10-31,KG,2.176,2.176
APPLE_GALA,ONLINE,NL-NB,4524.57,Monthly,2023-11-01,2023-11-30,KG,2.187,2.187
APPLE_GALA,ONLINE,NL-NB,4584.2,Monthly,2023-12-01,2023-12-31,KG,2.668,2.668
APPLE_GALA,ONLINE,NL-NB,5034.24,Monthly,2024-01-01,2024-01-31,KG,2.694,2.694
APPLE_GALA,ONLINE,NL-NB,4514.95,Monthly,2024-02-01,2024-02-29,KG,2.65,2.65
APPLE_GALA,ONLINE,NL-NB,4810.92,Monthly,2024-03-01,2024-03-31,KG,2.632,2.632
APPLE_GALA,ONLINE,NL-NB,4204.04,Monthly,2024-04-01,2024-04-30,KG,2.684,2.684
APPLE_GALA,ONLINE,NL-NB,3847.06,Monthly,2024-05-01,2024-05-31,KG,2.721,2.721
APPLE_GALA,ONLINE,NL-NB,3528.99,Monthly,2024-06-01,2024-06-30,KG,2.674,2.674
APPLE_GALA,ONLINE,NL-NB,3695.66,Monthly,2024-07-01,2024-07-31,KG,2.668,2.668
APPLE_GALA,ONLINE,NL-NB,4117.3,Monthly,2024-08-01,2024-08-31,KG,2.284,2.284
APPLE_GALA,ONLINE,NL-NB,4293.78,Monthly,2024-09-01,2024-09-30,KG,2.169,2.169
APPLE_GALA,ONLINE,NL-NB,4831.73,Monthly,2024-10-01,2024-10-31,KG,2.205,2.205
APPLE_GALA,ONLINE,NL-NB,4665.68,Monthly,2024-11-01,2024-11-30,KG,2.136,2.136
APPLE_GALA,ONLINE,NL-NB,4913.139999999999,Monthly,2024-12-01,2024-12-31,KG,2.676,2.676
APPLE_GALA,ONLINE,NL-NB,4846.91,Monthly,2025-01-01,2025-01-31,KG,2.681,2.681
APPLE_GALA,ONLINE,NL-NB,4661.2,Monthly,2025-02-01,2025-02-28,KG,2.668,2.668
APPLE_GALA,ONLINE,NL-NB,5268.82,Monthly,2025-03-01,2025-03-31,KG,2.678,2.678
APPLE_GALA,ONLINE,NL-NB,4523.02,Monthly,2025-04-01,2025-04-30,KG,2.635,2.635
APPLE_GALA,ONLINE,NL-NB,4287.3099999999995,Monthly,2025-05-01,2025-05-31,KG,2.681,2.681
APPLE_GALA,ONLINE,NL-NB,3766.48,Monthly,2025-06-01,2025-06-30,KG,2.682,2.682
APPLE_GALA,ONLINE,NL-NB,3794.84,Monthly,2025-07-01,2025-07-31,KG,2.675,2.675
APPLE_GALA,ONLINE,NL-NB,4130.43,Monthly,2025-08-01,2025-08-31,KG,2.276,2.276
APPLE_GALA,ONLINE,NL-NB,4394.16,Monthly,2025-09-01,2025-09-30,KG,2.176,2.176
APPLE_GALA,ONLINE,NL-NB,4539.75,Monthly,2025-10-01,2025-10-31,KG,2.172,2.172
APPLE_GALA,ONLINE,NL-NB,4753.07,Monthly,2025-11-01,2025-11-30,KG,2.181,2.181
APPLE_GALA,ONLINE,NL-NB,5251.12,Monthly,2025-12-01,2025-12-31,KG,2.706,2.706
APPLE_GALA,ONLINE,NL-NB,4941.91,Monthly,2026-01-01,2026-01-31,KG,2.662,2.662
APPLE_GALA,ONLINE,NL-NB,166.11,Monthly,2026-02-01,2026-02-28,KG,2.66,2.66
APPLE_GALA,ONLINE,NL-NH,4704.29,Monthly,2023-02-01,2023-02-28,KG,2.756,2.756
APPLE_GALA,ONLINE,NL-NH,4509.22,Monthly,2023-03-01,2023-03-31,KG,2.783,2.783
APPLE_GALA,ONLINE,NL-NH,4253.6900000000005,Monthly,2023-04-01,2023-04-30,KG,2.786,2.786
APPLE_GALA,ONLINE,NL-NH,4266.05,Monthly,2023-05-01,2023-05-31,KG,2.747,2.747
APPLE_GALA,ONLINE,NL-NH,4058.08,Monthly,2023-06-01,2023-06-30,KG,2.731,2.731
APPLE_GALA,ONLINE,NL-NH,3807.62,Monthly,2023-07-01,2023-07-31,KG,2.752,2.752
APPLE_GALA,ONLINE,NL-NH,4206.47,Monthly,2023-08-01,2023-08-31,KG,2.316,2.316
APPLE_GALA,ONLINE,NL-NH,4759.13,Monthly,2023-09-01,2023-09-30,KG,2.262,2.262
APPLE_GALA,ONLINE,NL-NH,4525.4,Monthly,2023-10-01,2023-10-31,KG,2.25,2.25
APPLE_GALA,ONLINE,NL-NH,4495.4,Monthly,2023-11-01,2023-11-30,KG,2.228,2.228
APPLE_GALA,ONLINE,NL-NH,4712.45,Monthly,2023-12-01,2023-12-31,KG,2.767,2.767
APPLE_GALA,ONLINE,NL-NH,5108.32,Monthly,2024-01-01,2024-01-31,KG,2.752,2.752
APPLE_GALA,ONLINE,NL-NH,4374.3099999999995,Monthly,2024-02-01,2024-02-29,KG,2.752,2.752
APPLE_GALA,ONLINE,NL-NH,4904.95,Monthly,2024-03-01,2024-03-31,KG,2.73,2.73
APPLE_GALA,ONLINE,NL-NH,4408.7,Monthly,2024-04-01,2024-04-30,KG,2.717,2.717
APPLE_GALA,ONLINE,NL-NH,4169.0,Monthly,2024-05-01,2024-05-31,KG,2.766,2.766
APPLE_GALA,ONLINE,NL-NH,3685.0200000000004,Monthly,2024-06-01,2024-06-30,KG,2.791,2.791
APPLE_GALA,ONLINE,NL-NH,3546.9399999999996,Monthly,2024-07-01,2024-07-31,KG,2.783,2.783
APPLE_GALA,ONLINE,NL-NH,4261.3099999999995,Monthly,2024-08-01,2024-08-31,KG,2.345,2.345
APPLE_GALA,ONLINE,NL-NH,4373.6,Monthly,2024-09-01,2024-09-30,KG,2.238,2.238
APPLE_GALA,ONLINE,NL-NH,5163.96,Monthly,2024-10-01,2024-10-31,KG,2.239,2.239
APPLE_GALA,ONLINE,NL-NH,4707.79,Monthly,2024-11-01,2024-11-30,KG,2.246,2.246
APPLE_GALA,ONLINE,NL-NH,4935.99,Monthly,2024-12-01,2024-12-31,KG,2.736,2.736
APPLE_GALA,ONLINE,NL-NH,4977.42,Monthly,2025-01-01,2025-01-31,KG,2.749,2.749
APPLE_GALA,ONLINE,NL-NH,4615.27,Monthly,2025-02-01,2025-02-28,KG,2.794,2.794
APPLE_GALA,ONLINE,NL-NH,5443.97,Monthly,2025-03-01,2025-03-31,KG,2.737,2.737
APPLE_GALA,ONLINE,NL-NH,4733.89,Monthly,2025-04-01,2025-04-30,KG,2.77,2.77
APPLE_GALA,ONLINE,NL-NH,4405.47,Monthly,2025-05-01,2025-05-31,KG,2.781,2.781
APPLE_GALA,ONLINE,NL-NH,3872.33,Monthly,2025-06-01,2025-06-30,KG,2.744,2.744
APPLE_GALA,ONLINE,NL-NH,3990.04,Monthly,2025-07-01,2025-07-31,KG,2.776,2.776
APPLE_GALA,ONLINE,NL-NH,4106.28,Monthly,2025-08-01,2025-08-31,KG,2.363,2.363
APPLE_GALA,ONLINE,NL-NH,4381.83,Monthly,2025-09-01,2025-09-30,KG,2.24,2.24
APPLE_GALA,ONLINE,NL-NH,4561.51,Monthly,2025-10-01,2025-10-31,KG,2.225,2.225
APPLE_GALA,ONLINE,NL-NH,4689.23,Monthly,2025-11-01,2025-11-30,KG,2.25,2.25
APPLE_GALA,ONLINE,NL-NH,5320.42,Monthly,2025-12-01,2025-12-31,KG,2.748,2.748
APPLE_GALA,ONLINE,NL-NH,5034.49,Monthly,2026-01-01,2026-01-31,KG,2.779,2.779
APPLE_GALA,ONLINE,NL-NH,165.66,Monthly,2026-02-01,2026-02-28,KG,2.745,2.745
APPLE_GALA,ONLINE,NL-ZH,4586.09,Monthly,2023-02-01,2023-02-28,KG,2.851,2.851
APPLE_GALA,ONLINE,NL-ZH,4895.32,Monthly,2023-03-01,2023-03-31,KG,2.828,2.828
APPLE_GALA,ONLINE,NL-ZH,4414.89,Monthly,2023-04-01,2023-04-30,KG,2.847,2.847
APPLE_GALA,ONLINE,NL-ZH,4386.030000000001,Monthly,2023-05-01,2023-05-31,KG,2.812,2.812
APPLE_GALA,ONLINE,NL-ZH,4332.15,Monthly,2023-06-01,2023-06-30,KG,2.839,2.839
APPLE_GALA,ONLINE,NL-ZH,3612.6400000000003,Monthly,2023-07-01,2023-07-31,KG,2.837,2.837
APPLE_GALA,ONLINE,NL-ZH,4283.280000000001,Monthly,2023-08-01,2023-08-31,KG,2.428,2.428
APPLE_GALA,ONLINE,NL-ZH,4844.950000000001,Monthly,2023-09-01,2023-09-30,KG,2.3,2.3
APPLE_GALA,ONLINE,NL-ZH,4634.91,Monthly,2023-10-01,2023-10-31,KG,2.308,2.308
APPLE_GALA,ONLINE,NL-ZH,4853.83,Monthly,2023-11-01,2023-11-30,KG,2.341,2.341
APPLE_GALA,ONLINE,NL-ZH,4906.97,Monthly,2023-12-01,2023-12-31,KG,2.826,2.826
APPLE_GALA,ONLINE,NL-ZH,5451.99,Monthly,2024-01-01,2024-01-31,KG,2.853,2.853
APPLE_GALA,ONLINE,NL-ZH,4654.45,Monthly,2024-02-01,2024-02-29,KG,2.856,2.856
APPLE_GALA,ONLINE,NL-ZH,5103.51,Monthly,2024-03-01,2024-03-31,KG,2.828,2.828
APPLE_GALA,ONLINE,NL-ZH,4423.05,Monthly,2024-04-01,2024-04-30,KG,2.861,2.861
APPLE_GALA,ONLINE,NL-ZH,4327.85,Monthly,2024-05-01,2024-05-31,KG,2.831,2.831
APPLE_GALA,ONLINE,NL-ZH,3867.2799999999997,Monthly,2024-06-01,2024-06-30,KG,2.846,2.846
APPLE_GALA,ONLINE,NL-ZH,3506.25,Monthly,2024-07-01,2024-07-31,KG,2.83,2.83
APPLE_GALA,ONLINE,NL-ZH,4467.389999999999,Monthly,2024-08-01,2024-08-31,KG,2.413,2.413
APPLE_GALA,ONLINE,NL-ZH,4500.34,Monthly,2024-09-01,2024-09-30,KG,2.306,2.306
APPLE_GALA,ONLINE,NL-ZH,5176.0599999999995,Monthly,2024-10-01,2024-10-31,KG,2.312,2.312
APPLE_GALA,ONLINE,NL-ZH,5008.86,Monthly,2024-11-01,2024-11-30,KG,2.319,2.319
APPLE_GALA,ONLINE,NL-ZH,5139.63,Monthly,2024-12-01,2024-12-31,KG,2.867,2.867
APPLE_GALA,ONLINE,NL-ZH,5162.01,Monthly,2025-01-01,2025-01-31,KG,2.847,2.847
APPLE_GALA,ONLINE,NL-ZH,4582.73,Monthly,2025-02-01,2025-02-28,KG,2.84,2.84
APPLE_GALA,ONLINE,NL-ZH,5659.38,Monthly,2025-03-01,2025-03-31,KG,2.866,2.866
APPLE_GALA,ONLINE,NL-ZH,5295.53,Monthly,2025-04-01,2025-04-30,KG,2.84,2.84
APPLE_GALA,ONLINE,NL-ZH,4440.71,Monthly,2025-05-01,2025-05-31,KG,2.841,2.841
APPLE_GALA,ONLINE,NL-ZH,4043.83,Monthly,2025-06-01,2025-06-30,KG,2.873,2.873
APPLE_GALA,ONLINE,NL-ZH,4068.98,Monthly,2025-07-01,2025-07-31,KG,2.844,2.844
APPLE_GALA,ONLINE,NL-ZH,4489.5,Monthly,2025-08-01,2025-08-31,KG,2.427,2.427
APPLE_GALA,ONLINE,NL-ZH,4535.79,Monthly,2025-09-01,2025-09-30,KG,2.291,2.291
APPLE_GALA,ONLINE,NL-ZH,4927.85,Monthly,2025-10-01,2025-10-31,KG,2.304,2.304
APPLE_GALA,ONLINE,NL-ZH,5069.51,Monthly,2025-11-01,2025-11-30,KG,2.315,2.315
APPLE_GALA,ONLINE,NL-ZH,5706.78,Monthly,2025-12-01,2025-12-31,KG,2.85,2.85
APPLE_GALA,ONLINE,NL-ZH,5036.39,Monthly,2026-01-01,2026-01-31,KG,2.861,2.861
APPLE_GALA,ONLINE,NL-ZH,151.35,Monthly,2026-02-01,2026-02-28,KG,2.905,2.905
