Data/History_121_Monthly.csv
ProductID,ChannelID,LocationID,Qty,Period,StartDate,EndDate,UOM,NetPrice,ListPrice
APPLE_GALA,RETAIL,NL-GE,8489.25,Monthly,2023-02-01,2023-02-28,KG,2.58,2.58
APPLE_GALA,RETAIL,NL-GE,9002.73,Monthly,2023-03-01,2023-03-31,KG,2.543,2.582
APPLE_GALA,RETAIL,NL-GE,8155.39,Monthly,2023-04-01,2023-04-30,KG,2.589,2.589
APPLE_GALA,RETAIL,NL-GE,8322.83,Monthly,2023-05-01,2023-05-31,KG,2.572,2.572
APPLE_GALA,RETAIL,NL-GE,7579.85,Monthly,2023-06-01,2023-06-30,KG,2.575,2.575
APPLE_GALA,RETAIL,NL-GE,7047.75,Monthly,2023-07-01,2023-07-31,KG,2.597,2.597
APPLE_GALA,RETAIL,NL-GE,7333.51,Monthly,2023-08-01,2023-08-31,KG,2.217,2.217
APPLE_GALA,RETAIL,NL-GE,8914.41,Monthly,2023-09-01,2023-09-30,KG,2.124,2.124
APPLE_GALA,RETAIL,NL-GE,9268.74,Monthly,2023-10-01,2023-10-31,KG,2.02,2.103
APPLE_GALA,RETAIL,NL-GE,8637.49,Monthly,2023-11-01,2023-11-30,KG,2.126,2.126
APPLE_GALA,RETAIL,NL-GE,8860.73,Monthly,2023-12-01,2023-12-31,KG,2.6,2.6
APPLE_GALA,RETAIL,NL-GE,9307.26,Monthly,2024-01-01,2024-01-31,KG,2.554,2.554
APPLE_GALA,RETAIL,NL-GE,8435.67,Monthly,2024-02-01,2024-02-29,KG,2.582,2.582
APPLE_GALA,RETAIL,NL-GE,9695.08,Monthly,2024-03-01,2024-03-31,KG,2.631,2.631
APPLE_GALA,RETAIL,NL-GE,7994.530000000001,Monthly,2024-04-01,2024-04-30,KG,2.601,2.601
APPLE_GALA,RETAIL,NL-GE,7998.08,Monthly,2024-05-01,2024-05-31,KG,2.629,2.629
APPLE_GALA,RETAIL,NL-GE,6511.95,Monthly,2024-06-01,2024-06-30,KG,2.594,2.594
APPLE_GALA,RETAIL,NL-GE,6965.7,Monthly,2024-07-01,2024-07-31,KG,2.584,2.584
APPLE_GALA,RETAIL,NL-GE,7794.01,Monthly,2024-08-01,2024-08-31,KG,2.233,2.233
APPLE_GALA,RETAIL,NL-GE,8299.83,Monthly,2024-09-01,2024-09-30,KG,2.078,2.078
APPLE_GALA,RETAIL,NL-GE,9103.98,Monthly,2024-10-01,2024-10-31,KG,2.104,2.104
APPLE_GALA,RETAIL,NL-GE,8925.01,Monthly,2024-11-01,2024-11-30,KG,2.098,2.098
APPLE_GALA,RETAIL,NL-GE,9434.9,Monthly,2024-12-01,2024-12-31,KG,2.592,2.592
APPLE_GALA,RETAIL,NL-GE,9177.619999999999,Monthly,2025-01-01,2025-01-31,KG,2.581,2.581
APPLE_GALA,RETAIL,NL-GE,9162.55,Monthly,2025-02-01,2025-02-28,KG,2.504,2.583
APPLE_GALA,RETAIL,NL-GE,10534.67,Monthly,2025-03-01,2025-03-31,KG,2.575,2.575
APPLE_GALA,RETAIL,NL-GE,9205.6,Monthly,2025-04-01,2025-04-30,KG,2.627,2.627
APPLE_GALA,RETAIL,NL-GE,8305.35,Monthly,2025-05-01,2025-05-31,KG,2.601,2.601
APPLE_GALA,RETAIL,NL-GE,7125.67,Monthly,2025-06-01,2025-06-30,KG,2.576,2.576
APPLE_GALA,RETAIL,NL-GE,7313.26,Monthly,2025-07-01,2025-07-31,KG,2.6,2.6
APPLE_GALA,RETAIL,NL-GE,8233.189999999999,Monthly,2025-08-01,2025-08-31,KG,2.175,2.205
APPLE_GALA,RETAIL,NL-GE,8272.04,Monthly,2025-09-01,2025-09-30,KG,2.12,2.129
APPLE_GALA,RETAIL,NL-GE,8534.82,Monthly,2025-10-01,2025-10-31,KG,2.1,2.1
APPLE_GALA,RETAIL,NL-GE,8900.89,Monthly,2025-11-01,2025-11-30,KG,2.098,2.098
APPLE_GALA,RETAIL,NL-GE,9918.54,Monthly,2025-12-01,2025-12-31,KG,2.617,2.617
APPLE_GALA,RETAIL,NL-GE,9196.56,Monthly,2026-01-01,2026-01-31,KG,2.584,2.584
APPLE_GALA,RETAIL,NL-GE,416.81,Monthly,2026-02-01,2026-02-28,KG,2.478,2.478
APPLE_GALA,RETAIL,NL-NB,8748.77,Monthly,2023-02-01,2023-02-28,KG,2.666,2.666
APPLE_GALA,RETAIL,NL-NB,8918.62,Monthly,2023-03-01,2023-03-31,KG,2.683,2.683
APPLE_GALA,RETAIL,NL-NB,7907.32,Monthly,2023-04-01,2023-04-30,KG,2.67,2.67
APPLE_GALA,RETAIL,NL-NB,8144.280000000001,Monthly,2023-05-01,2023-05-31,KG,2.647,2.647
APPLE_GALA,RETAIL,NL-NB,7875.34,Monthly,2023-06-01,2023-06-30,KG,2.692,2.692
APPLE_GALA,RETAIL,NL-NB,7439.98,Monthly,2023-07-01,2023-07-31,KG,2.694,2.694
APPLE_GALA,RETAIL,NL-NB,8883.470000000001,Monthly,2023-08-01,2023-08-31,KG,2.089,2.269
APPLE_GALA,RETAIL,NL-NB,9205.34,Monthly,2023-09-01,2023-09-30,KG,2.193,2.193
APPLE_GALA,RETAIL,NL-NB,9346.93,Monthly,2023-10-01,2023-10-31,KG,2.181,2.181
APPLE_GALA,RETAIL,NL-NB,9053.65,Monthly,2023-11-01,2023-11-30,KG,2.201,2.201
APPLE_GALA,RETAIL,NL-NB,9446.52,Monthly,2023-12-01,2023-12-31,KG,2.65,2.65
APPLE_GALA,RETAIL,NL-NB,9621.89,Monthly,2024-01-01,2024-01-31,KG,2.653,2.653
APPLE_GALA,RETAIL,NL-NB,9192.99,Monthly,2024-02-01,2024-02-29,KG,2.656,2.656
APPLE_GALA,RETAIL,NL-NB,9815.76,Monthly,2024-03-01,2024-03-31,KG,2.697,2.697
APPLE_GALA,RETAIL,NL-NB,8226.89,Monthly,2024-04-01,2024-04-30,KG,2.66,2.66
APPLE_GALA,RETAIL,NL-NB,7549.07,Monthly,2024-05-01,2024-05-31,KG,2.681,2.681
APPLE_GALA,RETAIL,NL-NB,7275.74,Monthly,2024-06-01,2024-06-30,KG,2.655,2.655
APPLE_GALA,RETAIL,NL-NB,7262.24,Monthly,2024-07-01,2024-07-31,KG,2.696,2.696
APPLE_GALA,RETAIL,NL-NB,8071.389999999999,Monthly,2024-08-01,2024-08-31,KG,2.276,2.276
APPLE_GALA,RETAIL,NL-NB,8716.029999999999,Monthly,2024-09-01,2024-09-30,KG,2.185,2.185
APPLE_GALA,RETAIL,NL-NB,9244.2,Monthly,2024-10-01,2024-10-31,KG,2.178,2.178
APPLE_GALA,RETAIL,NL-NB,9144.33,Monthly,2024-11-01,2024-11-30,KG,2.155,2.155
APPLE_GALA,RETAIL,NL-NB,9446.21,Monthly,2024-12-01,2024-12-31,KG,2.681,2.681
APPLE_GALA,RETAIL,NL-NB,9251.02,Monthly,2025-01-01,2025-01-31,KG,2.687,2.687
APPLE_GALA,RETAIL,NL-NB,9511.65,Monthly,2025-02-01,2025-02-28,KG,2.62,2.659
APPLE_GALA,RETAIL,NL-NB,10827.1,Monthly,2025-03-01,2025-03-31,KG,2.641,2.641
APPLE_GALA,RETAIL,NL-NB,8844.13,Monthly,2025-04-01,2025-04-30,KG,2.68,2.68
APPLE_GALA,RETAIL,NL-NB,8404.83,Monthly,2025-05-01,2025-05-31,KG,2.639,2.702
APPLE_GALA,RETAIL,NL-NB,7489.79,Monthly,2025-06-01,2025-06-30,KG,2.655,2.655
APPLE_GALA,RETAIL,NL-NB,7301.030000000001,Monthly,2025-07-01,2025-07-31,KG,2.7,2.7
APPLE_GALA,RETAIL,NL-NB,8307.84,Monthly,2025-08-01,2025-08-31,KG,2.28,2.28
APPLE_GALA,RETAIL,NL-NB,8627.64,Monthly,2025-09-01,2025-09-30,KG,2.16,2.16
APPLE_GALA,RETAIL,NL-NB,8891.39,Monthly,2025-10-01,2025-10-31,KG,2.199,2.199
APPLE_GALA,RETAIL,NL-NB,9988.19,Monthly,2025-11-01,2025-11-30,KG,2.19,2.19
APPLE_GALA,RETAIL,NL-NB,11036.19,Monthly,2025-12-01,2025-12-31,KG,2.469,2.667
APPLE_GALA,RETAIL,NL-NB,9596.54,Monthly,2026-01-01,2026-01-31,KG,2.664,2.664
APPLE_GALA,RETAIL,NL-NB,427.25,Monthly,2026-02-01,2026-02-28,KG,2.933,2.933
APPLE_GALA,RETAIL,NL-NH,9282.18,Monthly,2023-02-01,2023-02-28,KG,2.747,2.747
APPLE_GALA,RETAIL,NL-NH,9140.85,Monthly,2023-03-01,2023-03-31,KG,2.769,2.769
APPLE_GALA,RETAIL,NL-NH,8466.89,Monthly,2023-04-01,2023-04-30,KG,2.765,2.765
APPLE_GALA,RETAIL,NL-NH,8342.01,Monthly,2023-05-01,2023-05-31,KG,2.743,2.743
APPLE_GALA,RETAIL,NL-NH,8006.78,Monthly,2023-06-01,2023-06-30,KG,2.797,2.797
APPLE_GALA,RETAIL,NL-NH,7441.13,Monthly,2023-07-01,2023-07-31,KG,2.749,2.749
APPLE_GALA,RETAIL,NL-NH,7923.47,Monthly,2023-08-01,2023-08-31,KG,2.302,2.356
APPLE_GALA,RETAIL,NL-NH,9553.42,Monthly,2023-09-01,2023-09-30,KG,2.212,2.226
APPLE_GALA,RETAIL,NL-NH,8929.82,Monthly,2023-10-01,2023-10-31,KG,2.233,2.233
APPLE_GALA,RETAIL,NL-NH,8819.74,Monthly,2023-11-01,2023-11-30,KG,2.221,2.221
APPLE_GALA,RETAIL,NL-NH,9951.380000000001,Monthly,2023-12-01,2023-12-31,KG,2.745,2.745
APPLE_GALA,RETAIL,NL-NH,10039.51,Monthly,2024-01-01,2024-01-31,KG,2.715,2.715
APPLE_GALA,RETAIL,NL-NH,8941.09,Monthly,2024-02-01,2024-02-29,KG,2.81,2.81
APPLE_GALA,RETAIL,NL-NH,10042.83,Monthly,2024-03-01,2024-03-31,KG,2.781,2.781
APPLE_GALA,RETAIL,NL-NH,8568.68,Monthly,2024-04-01,2024-04-30,KG,2.758,2.758
APPLE_GALA,RETAIL,NL-NH,7970.210000000001,Monthly,2024-05-01,2024-05-31,KG,2.765,2.765
APPLE_GALA,RETAIL,NL-NH,7186.21,Monthly,2024-06-01,2024-06-30,KG,2.766,2.766
APPLE_GALA,RETAIL,NL-NH,7170.17,Monthly,2024-07-01,2024-07-31,KG,2.743,2.743
APPLE_GALA,RETAIL,NL-NH,8832.720000000001,Monthly,2024-08-01,2024-08-31,KG,2.343,2.357
APPLE_GALA,RETAIL,NL-NH,8924.98,Monthly,2024-09-01,2024-09-30,KG,2.271,2.271
APPLE_GALA,RETAIL,NL-NH,10053.54,Monthly,2024-10-01,2024-10-31,KG,2.238,2.238
APPLE_GALA,RETAIL,NL-NH,9579.73,Monthly,2024-11-01,2024-11-30,KG,2.261,2.261
APPLE_GALA,RETAIL,NL-NH,10212.67,Monthly,2024-12-01,2024-12-31,KG,2.791,2.791
APPLE_GALA,RETAIL,NL-NH,9871.54,Monthly,2025-01-01,2025-01-31,KG,2.777,2.777
APPLE_GALA,RETAIL,NL-NH,9328.48,Monthly,2025-02-01,2025-02-28,KG,2.751,2.751
APPLE_GALA,RETAIL,NL-NH,11310.36,Monthly,2025-03-01,2025-03-31,KG,2.766,2.766
APPLE_GALA,RETAIL,NL-NH,9508.5,Monthly,2025-04-01,2025-04-30,KG,2.759,2.759
APPLE_GALA,RETAIL,NL-NH,9454.75,Monthly,2025-05-01,2025-05-31,KG,2.667,2.771
APPLE_GALA,RETAIL,NL-NH,7593.389999999999,Monthly,2025-06-01,2025-06-30,KG,2.762,2.762
APPLE_GALA,RETAIL,NL-NH,7276.18,Monthly,2025-07-01,2025-07-31,KG,2.772,2.772
APPLE_GALA,RETAIL,NL-NH,8488.84,Monthly,2025-08-01,2025-08-31,KG,2.364,2.364
APPLE_GALA,RETAIL,NL-NH,8670.93,Monthly,2025-09-01,2025-09-30,KG,2.247,2.247
APPLE_GALA,RETAIL,NL-NH,8932.029999999999,Monthly,2025-10-01,2025-10-31,KG,2.252,2.252
APPLE_GALA,RETAIL,NL-NH,9765.51,Monthly,2025-11-01,2025-11-30,KG,2.235,2.235
APPLE_GALA,RETAIL,NL-NH,10424.76,Monthly,2025-12-01,2025-12-31,KG,2.758,2.758
APPLE_GALA,RETAIL,NL-NH,9894.04,Monthly,2026-01-01,2026-01-31,KG,2.763,2.763
APPLE_GALA,RETAIL,NL-NH,412.72,Monthly,2026-02-01,2026-02-28,KG,2.908,2.908
APPLE_GALA,RETAIL,NL-ZH,9426.54,Monthly,2023-02-01,2023-02-28,KG,2.829,2.829
APPLE_GALA,RETAIL,NL-ZH,9277.55,Monthly,2023-03-01,2023-03-31,KG,2.809,2.809
APPLE_GALA,RETAIL,NL-ZH,8685.8,Monthly,2023-04-01,2023-04-30,KG,2.82,2.82
APPLE_GALA,RETAIL,NL-ZH,8643.02,Monthly,2023-05-01,2023-05-31,KG,2.855,2.855
APPLE_GALA,RETAIL,NL-ZH,8440.1,Monthly,2023-06-01,2023-06-30,KG,2.824,2.824
APPLE_GALA,RETAIL,NL-ZH,7491.35,Monthly,2023-07-01,2023-07-31,KG,2.812,2.812
APPLE_GALA,RETAIL,NL-ZH,8057.92,Monthly,2023-08-01,2023-08-31,KG,2.413,2.413
APPLE_GALA,RETAIL,NL-ZH,9364.310000000001,Monthly,2023-09-01,2023-09-30,KG,2.306,2.306
APPLE_GALA,RETAIL,NL-ZH,9489.41,Monthly,2023-10-01,2023-10-31,KG,2.35,2.35
APPLE_GALA,RETAIL,NL-ZH,9464.29,Monthly,2023-11-01,2023-11-30,KG,2.318,2.318
APPLE_GALA,RETAIL,NL-ZH,10220.69,Monthly,2023-12-01,2023-12-31,KG,2.835,2.835
APPLE_GALA,RETAIL,NL-ZH,10592.960000000001,Monthly,2024-01-01,2024-01-31,KG,2.826,2.826
APPLE_GALA,RETAIL,NL-ZH,9443.97,Monthly,2024-02-01,2024-02-29,KG,2.873,2.873
APPLE_GALA,RETAIL,NL-ZH,10379.95,Monthly,2024-03-01,2024-03-31,KG,2.863,2.863
APPLE_GALA,RETAIL,NL-ZH,8966.710000000001,Monthly,2024-04-01,2024-04-30,KG,2.859,2.859
APPLE_GALA,RETAIL,NL-ZH,8359.54,Monthly,2024-05-01,2024-05-31,KG,2.842,2.842
APPLE_GALA,RETAIL,NL-ZH,7795.54,Monthly,2024-06-01,2024-06-30,KG,2.846,2.846
APPLE_GALA,RETAIL,NL-ZH,7482.4800000000005,Monthly,2024-07-01,2024-07-31,KG,2.797,2.797
APPLE_GALA,RETAIL,NL-ZH,8787.33,Monthly,2024-08-01,2024-08-31,KG,2.398,2.398
APPLE_GALA,RETAIL,NL-ZH,8712.4,Monthly,2024-09-01,2024-09-30,KG,2.287,2.287
APPLE_GALA,RETAIL,NL-ZH,10146.94,Monthly,2024-10-01,2024-10-31,KG,2.319,2.319
APPLE_GALA,RETAIL,NL-ZH,9927.78,Monthly,2024-11-01,2024-11-30,KG,2.328,2.328
APPLE_GALA,RETAIL,NL-ZH,10384.54,Monthly,2024-12-01,2024-12-31,KG,2.852,2.852
APPLE_GALA,RETAIL,NL-ZH,10504.21,Monthly,2025-01-01,2025-01-31,KG,2.848,2.848
APPLE_GALA,RETAIL,NL-ZH,9444.060000000001,Monthly,2025-02-01,2025-02-28,KG,2.89,2.89
APPLE_GALA,RETAIL,NL-ZH,11336.65,Monthly,2025-03-01,2025-03-31,KG,2.831,2.831
APPLE_GALA,RETAIL,NL-ZH,10208.720000000001,Monthly,2025-04-01,2025-04-30,KG,2.848,2.848
APPLE_GALA,RETAIL,NL-ZH,9402.869999999999,Monthly,2025-05-01,2025-05-31,KG,2.845,2.845
APPLE_GALA,RETAIL,NL-ZH,9181.279999999999,Monthly,2025-06-01,2025-06-30,KG,2.501,2.806
APPLE_GALA,RETAIL,NL-ZH,8089.6900000000005,Monthly,2025-07-01,2025-07-31,KG,2.838,2.852
APPLE_GALA,RETAIL,NL-ZH,9525.35,Monthly,2025-08-01,2025-08-31,KG,2.4,2.428
APPLE_GALA,RETAIL,NL-ZH,9343.67,Monthly,2025-09-01,2025-09-30,KG,2.325,2.325
APPLE_GALA,RETAIL,NL-ZH,9484.05,Monthly,2025-10-01,2025-10-31,KG,2.313,2.313
APPLE_GALA,RETAIL,NL-ZH,10110.130000000001,Monthly,2025-11-01,2025-11-30,KG,2.342,2.342
APPLE_GALA,RETAIL,NL-ZH,10851.96,Monthly,2025-12-01,2025-12-31,KG,2.839,2.839
APPLE_GALA,RETAIL,NL-ZH,10144.36,Monthly,2026-01-01,2026-01-31,KG,2.813,2.813
APPLE_GALA,RETAIL,NL-ZH,355.51,Monthly,2026-02-01,2026-02-28,KG,3.142,3.142
APPLE_GALA,WHOLESALE,NL-GE,7153.01,Monthly,2023-02-01,2023-02-28,KG,2.57,2.57
APPLE_GALA,WHOLESALE,NL-GE,7157.82,Monthly,2023-03-01,2023-03-31,KG,2.571,2.571
APPLE_GALA,WHOLESALE,NL-GE,6741.84,Monthly,2023-04-01,2023-04-30,KG,2.604,2.604
APPLE_GALA,WHOLESALE,NL-GE,6712.3,Monthly,2023-05-01,2023-05-31,KG,2.593,2.593
APPLE_GALA,WHOLESALE,NL-GE,6257.1,Monthly,2023-06-01,2023-06-30,KG,2.577,2.577
APPLE_GALA,WHOLESALE,NL-GE,5809.99,Monthly,2023-07-01,2023-07-31,KG,2.619,2.619
APPLE_GALA,WHOLESALE,NL-GE,6685.08,Monthly,2023-08-01,2023-08-31,KG,2.223,2.223
APPLE_GALA,WHOLESALE,NL-GE,7627.05,Monthly,2023-09-01,2023-09-30,KG,2.081,2.081
APPLE_GALA,WHOLESALE,NL-GE,7351.65,Monthly,2023-10-01,2023-10-31,KG,2.13,2.13
APPLE_GALA,WHOLESALE,NL-GE,7382.46,Monthly,2023-11-01,2023-11-30,KG,2.087,2.087
APPLE_GALA,WHOLESALE,NL-GE,7374.87,Monthly,2023-12-01,2023-12-31,KG,2.559,2.559
APPLE_GALA,WHOLESALE,NL-GE,8645.8,Monthly,2024-01-01,2024-01-31,KG,2.607,2.607
APPLE_GALA,WHOLESALE,NL-GE,7111.68,Monthly,2024-02-01,2024-02-29,KG,2.594,2.594
APPLE_GALA,WHOLESALE,NL-GE,8016.71,Monthly,2024-03-01,2024-03-31,KG,2.591,2.591
APPLE_GALA,WHOLESALE,NL-GE,6835.37,Monthly,2024-04-01,2024-04-30,KG,2.609,2.609
APPLE_GALA,WHOLESALE,NL-GE,6741.0,Monthly,2024-05-01,2024-05-31,KG,2.596,2.596
APPLE_GALA,WHOLESALE,NL-GE,5898.45,Monthly,2024-06-01,2024-06-30,KG,2.557,2.557
APPLE_GALA,WHOLESALE,NL-GE,6023.0,Monthly,2024-07-01,2024-07-31,KG,2.573,2.573
APPLE_GALA,WHOLESALE,NL-GE,6586.38,Monthly,2024-08-01,2024-08-31,KG,2.211,2.211
APPLE_GALA,WHOLESALE,NL-GE,7005.04,Monthly,2024-09-01,2024-09-30,KG,2.114,2.114
APPLE_GALA,WHOLESALE,NL-GE,7826.22,Monthly,2024-10-01,2024-10-31,KG,2.126,2.126
APPLE_GALA,WHOLESALE,NL-GE,7772.21,Monthly,2024-11-01,2024-11-30,KG,2.124,2.124
APPLE_GALA,WHOLESALE,NL-GE,7959.8099999999995,Monthly,2024-12-01,2024-12-31,KG,2.6,2.6
APPLE_GALA,WHOLESALE,NL-GE,7912.5599999999995,Monthly,2025-01-01,2025-01-31,KG,2.581,2.581
APPLE_GALA,WHOLESALE,NL-GE,7389.49,Monthly,2025-02-01,2025-02-28,KG,2.575,2.575
APPLE_GALA,WHOLESALE,NL-GE,8740.53,Monthly,2025-03-01,2025-03-31,KG,2.612,2.612
APPLE_GALA,WHOLESALE,NL-GE,7576.9,Monthly,2025-04-01,2025-04-30,KG,2.572,2.572
APPLE_GALA,WHOLESALE,NL-GE,7187.57,Monthly,2025-05-01,2025-05-31,KG,2.599,2.599
APPLE_GALA,WHOLESALE,NL-GE,6096.9800000000005,Monthly,2025-06-01,2025-06-30,KG,2.587,2.587
APPLE_GALA,WHOLESALE,NL-GE,6275.26,Monthly,2025-07-01,2025-07-31,KG,2.58,2.58
APPLE_GALA,WHOLESALE,NL-GE,7033.22,Monthly,2025-08-01,2025-08-31,KG,2.208,2.208
APPLE_GALA,WHOLESALE,NL-GE,7258.9,Monthly,2025-09-01,2025-09-30,KG,2.139,2.139
APPLE_GALA,WHOLESALE,NL-GE,7434.9,Monthly,2025-10-01,2025-10-31,KG,2.115,2.115
APPLE_GALA,WHOLESALE,NL-GE,7834.27,Monthly,2025-11-01,2025-11-30,KG,2.1,2.1
APPLE_GALA,WHOLESALE,NL-GE,8475.89,Monthly,2025-12-01,2025-12-31,KG,2.592,2.592
APPLE_GALA,WHOLESALE,NL-GE,7900.77,Monthly,2026-01-01,2026-01-31,KG,2.601,2.601
APPLE_GALA,WHOLESALE,NL-GE,284.82,Monthly,2026-02-01,2026-02-28,KG,2.483,2.483
APPLE_GALA,WHOLESALE,NL-NB,7363.73,Monthly,2023-02-01,2023-02-28,KG,2.674,2.674
APPLE_GALA,WHOLESALE,NL-NB,7274.26,Monthly,2023-03-01,2023-03-31,KG,2.682,2.682
APPLE_GALA,WHOLESALE,NL-NB,6988.57,Monthly,2023-04-01,2023-04-30,KG,2.682,2.682
APPLE_GALA,WHOLESALE,NL-NB,7126.83,Monthly,2023-05-01,2023-05-31,KG,2.688,2.688
APPLE_GALA,WHOLESALE,NL-NB,6711.52,Monthly,2023-06-01,2023-06-30,KG,2.666,2.666
APPLE_GALA,WHOLESALE,NL-NB,6049.47,Monthly,2023-07-01,2023-07-31,KG,2.679,2.679
APPLE_GALA,WHOLESALE,NL-NB,6636.73,Monthly,2023-08-01,2023-08-31,KG,2.268,2.268
APPLE_GALA,WHOLESALE,NL-NB,7861.3,Monthly,2023-09-01,2023-09-30,KG,2.175,2.175
APPLE_GALA,WHOLESALE,NL-NB,7803.68,Monthly,2023-10-01,2023-10-31,KG,2.183,2.183
APPLE_GALA,WHOLESALE,NL-NB,7684.4,Monthly,2023-11-01,2023-11-30,KG,2.155,2.155
APPLE_GALA,WHOLESALE,NL-NB,8116.3,Monthly,2023-12-01,2023-12-31,KG,2.679,2.679
APPLE_GALA,WHOLESALE,NL-NB,8550.96,Monthly,2024-01-01,2024-01-31,KG,2.706,2.706
APPLE_GALA,WHOLESALE,NL-NB,7372.13,Monthly,2024-02-01,2024-02-29,KG,2.682,2.682
APPLE_GALA,WHOLESALE,NL-NB,8295.43,Monthly,2024-03-01,2024-03-31,KG,2.665,2.665
APPLE_GALA,WHOLESALE,NL-NB,6919.64,Monthly,2024-04-01,2024-04-30,KG,2.667,2.667
APPLE_GALA,WHOLESALE,NL-NB,6340.71,Monthly,2024-05-01,2024-05-31,KG,2.674,2.674
APPLE_GALA,WHOLESALE,NL-NB,5995.26,Monthly,2024-06-01,2024-06-30,KG,2.688,2.688
APPLE_GALA,WHOLESALE,NL-NB,6164.57,Monthly,2024-07-01,2024-07-31,KG,2.679,2.679
APPLE_GALA,WHOLESALE,NL-NB,7148.98,Monthly,2024-08-01,2024-08-31,KG,2.285,2.285
APPLE_GALA,WHOLESALE,NL-NB,7095.48,Monthly,2024-09-01,2024-09-30,KG,2.152,2.152
APPLE_GALA,WHOLESALE,NL-NB,8076.88,Monthly,2024-10-01,2024-10-31,KG,2.193,2.193
APPLE_GALA,WHOLESALE,NL-NB,7745.24,Monthly,2024-11-01,2024-11-30,KG,2.178,2.178
APPLE_GALA,WHOLESALE,NL-NB,8329.0,Monthly,2024-12-01,2024-12-31,KG,2.662,2.662
APPLE_GALA,WHOLESALE,NL-NB,7869.22,Monthly,2025-01-01,2025-01-31,KG,2.68,2.68
APPLE_GALA,WHOLESALE,NL-NB,7562.04,Monthly,2025-02-01,2025-02-28,KG,2.649,2.649
APPLE_GALA,WHOLESALE,NL-NB,9040.99,Monthly,2025-03-01,2025-03-31,KG,2.68,2.68
APPLE_GALA,WHOLESALE,NL-NB,7897.5,Monthly,2025-04-01,2025-04-30,KG,2.665,2.665
APPLE_GALA,WHOLESALE,NL-NB,7134.65,Monthly,2025-05-01,2025-05-31,KG,2.685,2.685
APPLE_GALA,WHOLESALE,NL-NB,6474.110000000001,Monthly,2025-06-01,2025-06-30,KG,2.686,2.686
APPLE_GALA,WHOLESALE,NL-NB,6608.03,Monthly,2025-07-01,2025-07-31,KG,2.677,2.677
APPLE_GALA,WHOLESALE,NL-NB,7061.57,Monthly,2025-08-01,2025-08-31,KG,2.302,2.302
APPLE_GALA,WHOLESALE,NL-NB,7627.99,Monthly,2025-09-01,2025-09-30,KG,2.151,2.151
APPLE_GALA,WHOLESALE,NL-NB,7825.0599999999995,Monthly,2025-10-01,2025-10-31,KG,2.189,2.189
APPLE_GALA,WHOLESALE,NL-NB,8265.99,Monthly,2025-11-01,2025-11-30,KG,2.169,2.169
APPLE_GALA,WHOLESALE,NL-NB,8743.310000000001,Monthly,2025-12-01,2025-12-31,KG,2.702,2.702
APPLE_GALA,WHOLESALE,NL-NB,8325.66,Monthly,2026-01-01,2026-01-31,KG,2.693,2.693
APPLE_GALA,WHOLESALE,NL-NB,236.97,Monthly,2026-02-01,2026-02-28,KG,2.849,2.849
