Data/History_121_Monthly.csv
ProductID,ChannelID,LocationID,Qty,Period,StartDate,EndDate,UOM,NetPrice,ListPrice
APPLE_GALA,WHOLESALE,NL-NH,7885.14,Monthly,2023-02-01,2023-02-28,KG,2.738,2.738
APPLE_GALA,WHOLESALE,NL-NH,7967.94,Monthly,2023-03-01,2023-03-31,KG,2.739,2.739
APPLE_GALA,WHOLESALE,NL-NH,7022.8099999999995,Monthly,2023-04-01,2023-04-30,KG,2.74,2.74
APPLE_GALA,WHOLESALE,NL-NH,7271.41,Monthly,2023-05-01,2023-05-31,KG,2.76,2.76
APPLE_GALA,WHOLESALE,NL-NH,6766.9,Monthly,2023-06-01,2023-06-30,KG,2.755,2.755
APPLE_GALA,WHOLESALE,NL-NH,6407.85,Monthly,2023-07-01,2023-07-31,KG,2.737,2.737
APPLE_GALA,WHOLESALE,NL-NH,6951.28,Monthly,2023-08-01,2023-08-31,KG,2.353,2.353
APPLE_GALA,WHOLESALE,NL-NH,7822.599999999999,Monthly,2023-09-01,2023-09-30,KG,2.229,2.229
APPLE_GALA,WHOLESALE,NL-NH,7613.98,Monthly,2023-10-01,2023-10-31,KG,2.245,2.245
APPLE_GALA,WHOLESALE,NL-NH,7638.33,Monthly,2023-11-01,2023-11-30,KG,2.237,2.237
APPLE_GALA,WHOLESALE,NL-NH,8191.08,Monthly,2023-12-01,2023-12-31,KG,2.745,2.745
APPLE_GALA,WHOLESALE,NL-NH,8735.43,Monthly,2024-01-01,2024-01-31,KG,2.755,2.755
APPLE_GALA,WHOLESALE,NL-NH,7436.01,Monthly,2024-02-01,2024-02-29,KG,2.785,2.785
APPLE_GALA,WHOLESALE,NL-NH,8414.47,Monthly,2024-03-01,2024-03-31,KG,2.739,2.739
APPLE_GALA,WHOLESALE,NL-NH,7332.58,Monthly,2024-04-01,2024-04-30,KG,2.78,2.78
APPLE_GALA,WHOLESALE,NL-NH,7006.91,Monthly,2024-05-01,2024-05-31,KG,2.734,2.734
APPLE_GALA,WHOLESALE,NL-NH,6083.86,Monthly,2024-06-01,2024-06-30,KG,2.774,2.774
APPLE_GALA,WHOLESALE,NL-NH,6082.33,Monthly,2024-07-01,2024-07-31,KG,2.753,2.753
APPLE_GALA,WHOLESALE,NL-NH,7065.34,Monthly,2024-08-01,2024-08-31,KG,2.374,2.374
APPLE_GALA,WHOLESALE,NL-NH,7172.91,Monthly,2024-09-01,2024-09-30,KG,2.246,2.246
APPLE_GALA,WHOLESALE,NL-NH,8572.11,Monthly,2024-10-01,2024-10-31,KG,2.252,2.252
APPLE_GALA,WHOLESALE,NL-NH,8112.950000000001,Monthly,2024-11-01,2024-11-30,KG,2.241,2.241
APPLE_GALA,WHOLESALE,NL-NH,8663.48,Monthly,2024-12-01,2024-12-31,KG,2.738,2.738
APPLE_GALA,WHOLESALE,NL-NH,8694.52,Monthly,2025-01-01,2025-01-31,KG,2.798,2.798
APPLE_GALA,WHOLESALE,NL-NH,7764.6,Monthly,2025-02-01,2025-02-28,KG,2.764,2.764
APPLE_GALA,WHOLESALE,NL-NH,9403.91,Monthly,2025-03-01,2025-03-31,KG,2.753,2.753
APPLE_GALA,WHOLESALE,NL-NH,8400.529999999999,Monthly,2025-04-01,2025-04-30,KG,2.766,2.766
APPLE_GALA,WHOLESALE,NL-NH,7596.85,Monthly,2025-05-01,2025-05-31,KG,2.747,2.747
APPLE_GALA,WHOLESALE,NL-NH,6445.110000000001,Monthly,2025-06-01,2025-06-30,KG,2.743,2.743
APPLE_GALA,WHOLESALE,NL-NH,6335.41,Monthly,2025-07-01,2025-07-31,KG,2.751,2.751
APPLE_GALA,WHOLESALE,NL-NH,7400.299999999999,Monthly,2025-08-01,2025-08-31,KG,2.363,2.363
APPLE_GALA,WHOLESALE,NL-NH,7733.8,Monthly,2025-09-01,2025-09-30,KG,2.239,2.239
APPLE_GALA,WHOLESALE,NL-NH,7871.400000000001,Monthly,2025-10-01,2025-10-31,KG,2.252,2.252
APPLE_GALA,WHOLESALE,NL-NH,8305.46,Monthly,2025-11-01,2025-11-30,KG,2.247,2.247
APPLE_GALA,WHOLESALE,NL-NH,8803.16,Monthly,2025-12-01,2025-12-31,KG,2.759,2.759
APPLE_GALA,WHOLESALE,NL-NH,8430.28,Monthly,2026-01-01,2026-01-31,KG,2.74,2.74
APPLE_GALA,WHOLESALE,NL-NH,284.46,Monthly,2026-02-01,2026-02-28,KG,2.833,2.833
APPLE_GALA,WHOLESALE,NL-ZH,8064.61,Monthly,2023-02-01,2023-02-28,KG,2.809,2.809
APPLE_GALA,WHOLESALE,NL-ZH,7909.63,Monthly,2023-03-01,2023-03-31,KG,2.845,2.845
APPLE_GALA,WHOLESALE,NL-ZH,7285.84,Monthly,2023-04-01,2023-04-30,KG,2.838,2.838
APPLE_GALA,WHOLESALE,NL-ZH,7631.6,Monthly,2023-05-01,2023-05-31,KG,2.838,2.838
APPLE_GALA,WHOLESALE,NL-ZH,6990.44,Monthly,2023-06-01,2023-06-30,KG,2.862,2.862
APPLE_GALA,WHOLESALE,NL-ZH,6434.13,Monthly,2023-07-01,2023-07-31,KG,2.817,2.817
APPLE_GALA,WHOLESALE,NL-ZH,7074.780000000001,Monthly,2023-08-01,2023-08-31,KG,2.41,2.41
APPLE_GALA,WHOLESALE,NL-ZH,7975.02,Monthly,2023-09-01,2023-09-30,KG,2.281,2.281
APPLE_GALA,WHOLESALE,NL-ZH,8180.13,Monthly,2023-10-01,2023-10-31,KG,2.303,2.303
APPLE_GALA,WHOLESALE,NL-ZH,8036.37,Monthly,2023-11-01,2023-11-30,KG,2.312,2.312
APPLE_GALA,WHOLESALE,NL-ZH,8313.02,Monthly,2023-12-01,2023-12-31,KG,2.847,2.847
APPLE_GALA,WHOLESALE,NL-ZH,9036.7,Monthly,2024-01-01,2024-01-31,KG,2.855,2.855
APPLE_GALA,WHOLESALE,NL-ZH,7770.89,Monthly,2024-02-01,2024-02-29,KG,2.848,2.848
APPLE_GALA,WHOLESALE,NL-ZH,8476.98,Monthly,2024-03-01,2024-03-31,KG,2.832,2.832
APPLE_GALA,WHOLESALE,NL-ZH,7581.780000000001,Monthly,2024-04-01,2024-04-30,KG,2.828,2.828
APPLE_GALA,WHOLESALE,NL-ZH,6877.03,Monthly,2024-05-01,2024-05-31,KG,2.852,2.852
APPLE_GALA,WHOLESALE,NL-ZH,6257.89,Monthly,2024-06-01,2024-06-30,KG,2.83,2.83
APPLE_GALA,WHOLESALE,NL-ZH,6397.85,Monthly,2024-07-01,2024-07-31,KG,2.831,2.831
APPLE_GALA,WHOLESALE,NL-ZH,7615.16,Monthly,2024-08-01,2024-08-31,KG,2.422,2.422
APPLE_GALA,WHOLESALE,NL-ZH,7329.56,Monthly,2024-09-01,2024-09-30,KG,2.317,2.317
APPLE_GALA,WHOLESALE,NL-ZH,8839.84,Monthly,2024-10-01,2024-10-31,KG,2.295,2.295
APPLE_GALA,WHOLESALE,NL-ZH,8129.72,Monthly,2024-11-01,2024-11-30,KG,2.308,2.308
APPLE_GALA,WHOLESALE,NL-ZH,8864.8,Monthly,2024-12-01,2024-12-31,KG,2.845,2.845
APPLE_GALA,WHOLESALE,NL-ZH,8826.56,Monthly,2025-01-01,2025-01-31,KG,2.843,2.843
APPLE_GALA,WHOLESALE,NL-ZH,8313.33,Monthly,2025-02-01,2025-02-28,KG,2.847,2.847
APPLE_GALA,WHOLESALE,NL-ZH,9820.59,Monthly,2025-03-01,2025-03-31,KG,2.841,2.841
APPLE_GALA,WHOLESALE,NL-ZH,8619.91,Monthly,2025-04-01,2025-04-30,KG,2.824,2.824
APPLE_GALA,WHOLESALE,NL-ZH,7982.9,Monthly,2025-05-01,2025-05-31,KG,2.834,2.834
APPLE_GALA,WHOLESALE,NL-ZH,6892.42,Monthly,2025-06-01,2025-06-30,KG,2.855,2.855
APPLE_GALA,WHOLESALE,NL-ZH,6904.79,Monthly,2025-07-01,2025-07-31,KG,2.855,2.855
APPLE_GALA,WHOLESALE,NL-ZH,7710.16,Monthly,2025-08-01,2025-08-31,KG,2.399,2.399
APPLE_GALA,WHOLESALE,NL-ZH,7996.18,Monthly,2025-09-01,2025-09-30,KG,2.319,2.319
APPLE_GALA,WHOLESALE,NL-ZH,8138.76,Monthly,2025-10-01,2025-10-31,KG,2.3,2.3
APPLE_GALA,WHOLESALE,NL-ZH,8467.14,Monthly,2025-11-01,2025-11-30,KG,2.308,2.308
APPLE_GALA,WHOLESALE,NL-ZH,9690.400000000001,Monthly,2025-12-01,2025-12-31,KG,2.809,2.809
APPLE_GALA,WHOLESALE,NL-ZH,8766.58,Monthly,2026-01-01,2026-01-31,KG,2.848,2.848
APPLE_GALA,WHOLESALE,NL-ZH,329.04,Monthly,2026-02-01,2026-02-28,KG,2.715,2.715
APPLE_GRANNY_SMITH,ONLINE,NL-GE,3693.52,Monthly,2023-02-01,2023-02-28,KG,2.601,2.601
APPLE_GRANNY_SMITH,ONLINE,NL-GE,3786.92,Monthly,2023-03-01,2023-03-31,KG,2.579,2.579
APPLE_GRANNY_SMITH,ONLINE,NL-GE,3486.7400000000002,Monthly,2023-04-01,2023-04-30,KG,2.6,2.6
APPLE_GRANNY_SMITH,ONLINE,NL-GE,3513.56,Monthly,2023-05-01,2023-05-31,KG,2.592,2.592
APPLE_GRANNY_SMITH,ONLINE,NL-GE,3411.8100000000004,Monthly,2023-06-01,2023-06-30,KG,2.58,2.58
APPLE_GRANNY_SMITH,ONLINE,NL-GE,3125.51,Monthly,2023-07-01,2023-07-31,KG,2.585,2.585
APPLE_GRANNY_SMITH,ONLINE,NL-GE,3424.3599999999997,Monthly,2023-08-01,2023-08-31,KG,2.233,2.233
APPLE_GRANNY_SMITH,ONLINE,NL-GE,3728.91,Monthly,2023-09-01,2023-09-30,KG,2.117,2.117
APPLE_GRANNY_SMITH,ONLINE,NL-GE,3819.97,Monthly,2023-10-01,2023-10-31,KG,2.11,2.11
APPLE_GRANNY_SMITH,ONLINE,NL-GE,3751.98,Monthly,2023-11-01,2023-11-30,KG,2.107,2.107
APPLE_GRANNY_SMITH,ONLINE,NL-GE,3936.4700000000003,Monthly,2023-12-01,2023-12-31,KG,2.571,2.571
APPLE_GRANNY_SMITH,ONLINE,NL-GE,4247.93,Monthly,2024-01-01,2024-01-31,KG,2.61,2.61
APPLE_GRANNY_SMITH,ONLINE,NL-GE,3806.98,Monthly,2024-02-01,2024-02-29,KG,2.597,2.597
APPLE_GRANNY_SMITH,ONLINE,NL-GE,4163.2300000000005,Monthly,2024-03-01,2024-03-31,KG,2.597,2.597
APPLE_GRANNY_SMITH,ONLINE,NL-GE,3603.7000000000003,Monthly,2024-04-01,2024-04-30,KG,2.583,2.583
APPLE_GRANNY_SMITH,ONLINE,NL-GE,3395.08,Monthly,2024-05-01,2024-05-31,KG,2.583,2.583
APPLE_GRANNY_SMITH,ONLINE,NL-GE,2952.79,Monthly,2024-06-01,2024-06-30,KG,2.595,2.595
APPLE_GRANNY_SMITH,ONLINE,NL-GE,3173.89,Monthly,2024-07-01,2024-07-31,KG,2.604,2.604
APPLE_GRANNY_SMITH,ONLINE,NL-GE,3505.85,Monthly,2024-08-01,2024-08-31,KG,2.198,2.198
APPLE_GRANNY_SMITH,ONLINE,NL-GE,3619.52,Monthly,2024-09-01,2024-09-30,KG,2.13,2.13
APPLE_GRANNY_SMITH,ONLINE,NL-GE,4032.0,Monthly,2024-10-01,2024-10-31,KG,2.103,2.103
APPLE_GRANNY_SMITH,ONLINE,NL-GE,3837.12,Monthly,2024-11-01,2024-11-30,KG,2.111,2.111
APPLE_GRANNY_SMITH,ONLINE,NL-GE,4313.96,Monthly,2024-12-01,2024-12-31,KG,2.573,2.573
APPLE_GRANNY_SMITH,ONLINE,NL-GE,4045.35,Monthly,2025-01-01,2025-01-31,KG,2.58,2.58
APPLE_GRANNY_SMITH,ONLINE,NL-GE,3904.04,Monthly,2025-02-01,2025-02-28,KG,2.58,2.58
APPLE_GRANNY_SMITH,ONLINE,NL-GE,4633.12,Monthly,2025-03-01,2025-03-31,KG,2.596,2.596
APPLE_GRANNY_SMITH,ONLINE,NL-GE,4009.68,Monthly,2025-04-01,2025-04-30,KG,2.566,2.566
APPLE_GRANNY_SMITH,ONLINE,NL-GE,3718.8199999999997,Monthly,2025-05-01,2025-05-31,KG,2.612,2.612
APPLE_GRANNY_SMITH,ONLINE,NL-GE,3242.11,Monthly,2025-06-01,2025-06-30,KG,2.578,2.578
APPLE_GRANNY_SMITH,ONLINE,NL-GE,3302.7,Monthly,2025-07-01,2025-07-31,KG,2.577,2.577
APPLE_GRANNY_SMITH,ONLINE,NL-GE,3618.2,Monthly,2025-08-01,2025-08-31,KG,2.189,2.189
APPLE_GRANNY_SMITH,ONLINE,NL-GE,3577.46,Monthly,2025-09-01,2025-09-30,KG,2.109,2.109
APPLE_GRANNY_SMITH,ONLINE,NL-GE,3998.84,Monthly,2025-10-01,2025-10-31,KG,2.091,2.091
APPLE_GRANNY_SMITH,ONLINE,NL-GE,3895.8999999999996,Monthly,2025-11-01,2025-11-30,KG,2.117,2.117
APPLE_GRANNY_SMITH,ONLINE,NL-GE,4438.110000000001,Monthly,2025-12-01,2025-12-31,KG,2.588,2.588
APPLE_GRANNY_SMITH,ONLINE,NL-GE,4074.81,Monthly,2026-01-01,2026-01-31,KG,2.572,2.572
APPLE_GRANNY_SMITH,ONLINE,NL-GE,140.44,Monthly,2026-02-01,2026-02-28,KG,2.71,2.71
APPLE_GRANNY_SMITH,ONLINE,NL-NB,3838.6899999999996,Monthly,2023-02-01,2023-02-28,KG,2.676,2.676
APPLE_GRANNY_SMITH,ONLINE,NL-NB,3922.51,Monthly,2023-03-01,2023-03-31,KG,2.674,2.674
APPLE_GRANNY_SMITH,ONLINE,NL-NB,3590.56,Monthly,2023-04-01,2023-04-30,KG,2.679,2.679
APPLE_GRANNY_SMITH,ONLINE,NL-NB,3684.1800000000003,Monthly,2023-05-01,2023-05-31,KG,2.646,2.646
APPLE_GRANNY_SMITH,ONLINE,NL-NB,3418.04,Monthly,2023-06-01,2023-06-30,KG,2.674,2.674
APPLE_GRANNY_SMITH,ONLINE,NL-NB,3253.6899999999996,Monthly,2023-07-01,2023-07-31,KG,2.695,2.695
APPLE_GRANNY_SMITH,ONLINE,NL-NB,3591.25,Monthly,2023-08-01,2023-08-31,KG,2.298,2.298
APPLE_GRANNY_SMITH,ONLINE,NL-NB,3970.6800000000003,Monthly,2023-09-01,2023-09-30,KG,2.164,2.164
APPLE_GRANNY_SMITH,ONLINE,NL-NB,4100.08,Monthly,2023-10-01,2023-10-31,KG,2.18,2.18
APPLE_GRANNY_SMITH,ONLINE,NL-NB,3921.78,Monthly,2023-11-01,2023-11-30,KG,2.184,2.184
APPLE_GRANNY_SMITH,ONLINE,NL-NB,4305.73,Monthly,2023-12-01,2023-12-31,KG,2.671,2.671
APPLE_GRANNY_SMITH,ONLINE,NL-NB,4501.639999999999,Monthly,2024-01-01,2024-01-31,KG,2.691,2.691
APPLE_GRANNY_SMITH,ONLINE,NL-NB,3832.4399999999996,Monthly,2024-02-01,2024-02-29,KG,2.682,2.682
APPLE_GRANNY_SMITH,ONLINE,NL-NB,4154.7,Monthly,2024-03-01,2024-03-31,KG,2.702,2.702
APPLE_GRANNY_SMITH,ONLINE,NL-NB,3642.4300000000003,Monthly,2024-04-01,2024-04-30,KG,2.717,2.717
APPLE_GRANNY_SMITH,ONLINE,NL-NB,3333.5600000000004,Monthly,2024-05-01,2024-05-31,KG,2.676,2.676
APPLE_GRANNY_SMITH,ONLINE,NL-NB,3219.6,Monthly,2024-06-01,2024-06-30,KG,2.658,2.658
APPLE_GRANNY_SMITH,ONLINE,NL-NB,3288.2200000000003,Monthly,2024-07-01,2024-07-31,KG,2.706,2.706
APPLE_GRANNY_SMITH,ONLINE,NL-NB,3599.55,Monthly,2024-08-01,2024-08-31,KG,2.281,2.281
APPLE_GRANNY_SMITH,ONLINE,NL-NB,3783.51,Monthly,2024-09-01,2024-09-30,KG,2.169,2.169
APPLE_GRANNY_SMITH,ONLINE,NL-NB,4119.5,Monthly,2024-10-01,2024-10-31,KG,2.154,2.154
APPLE_GRANNY_SMITH,ONLINE,NL-NB,4111.9,Monthly,2024-11-01,2024-11-30,KG,2.174,2.174
APPLE_GRANNY_SMITH,ONLINE,NL-NB,4376.49,Monthly,2024-12-01,2024-12-31,KG,2.627,2.627
APPLE_GRANNY_SMITH,ONLINE,NL-NB,4171.22,Monthly,2025-01-01,2025-01-31,KG,2.644,2.644
APPLE_GRANNY_SMITH,ONLINE,NL-NB,3817.25,Monthly,2025-02-01,2025-02-28,KG,2.656,2.656
APPLE_GRANNY_SMITH,ONLINE,NL-NB,4647.33,Monthly,2025-03-01,2025-03-31,KG,2.678,2.678
APPLE_GRANNY_SMITH,ONLINE,NL-NB,4070.48,Monthly,2025-04-01,2025-04-30,KG,2.67,2.67
APPLE_GRANNY_SMITH,ONLINE,NL-NB,3739.21,Monthly,2025-05-01,2025-05-31,KG,2.656,2.656
APPLE_GRANNY_SMITH,ONLINE,NL-NB,3332.94,Monthly,2025-06-01,2025-06-30,KG,2.664,2.664
APPLE_GRANNY_SMITH,ONLINE,NL-NB,3320.4700000000003,Monthly,2025-07-01,2025-07-31,KG,2.638,2.638
APPLE_GRANNY_SMITH,ONLINE,NL-NB,3620.73,Monthly,2025-08-01,2025-08-31,KG,2.302,2.302
APPLE_GRANNY_SMITH,ONLINE,NL-NB,4001.41,Monthly,2025-09-01,2025-09-30,KG,2.194,2.194
APPLE_GRANNY_SMITH,ONLINE,NL-NB,4134.42,Monthly,2025-10-01,2025-10-31,KG,2.196,2.196
APPLE_GRANNY_SMITH,ONLINE,NL-NB,4305.56,Monthly,2025-11-01,2025-11-30,KG,2.166,2.166
APPLE_GRANNY_SMITH,ONLINE,NL-NB,4468.8099999999995,Monthly,2025-12-01,2025-12-31,KG,2.693,2.693
APPLE_GRANNY_SMITH,ONLINE,NL-NB,4223.95,Monthly,2026-01-01,2026-01-31,KG,2.676,2.676
APPLE_GRANNY_SMITH,ONLINE,NL-NB,157.94,Monthly,2026-02-01,2026-02-28,KG,2.665,2.665
APPLE_GRANNY_SMITH,ONLINE,NL-NH,3996.22,Monthly,2023-02-01,2023-02-28,KG,2.775,2.775
APPLE_GRANNY_SMITH,ONLINE,NL-NH,4063.98,Monthly,2023-03-01,2023-03-31,KG,2.768,2.768
APPLE_GRANNY_SMITH,ONLINE,NL-NH,3744.01,Monthly,2023-04-01,2023-04-30,KG,2.727,2.727
APPLE_GRANNY_SMITH,ONLINE,NL-NH,3834.04,Monthly,2023-05-01,2023-05-31,KG,2.812,2.812
APPLE_GRANNY_SMITH,ONLINE,NL-NH,3552.6800000000003,Monthly,2023-06-01,2023-06-30,KG,2.732,2.732
APPLE_GRANNY_SMITH,ONLINE,NL-NH,3232.1800000000003,Monthly,2023-07-01,2023-07-31,KG,2.75,2.75
APPLE_GRANNY_SMITH,ONLINE,NL-NH,3565.76,Monthly,2023-08-01,2023-08-31,KG,2.352,2.352
APPLE_GRANNY_SMITH,ONLINE,NL-NH,4021.41,Monthly,2023-09-01,2023-09-30,KG,2.229,2.229
APPLE_GRANNY_SMITH,ONLINE,NL-NH,3939.8199999999997,Monthly,2023-10-01,2023-10-31,KG,2.253,2.253
APPLE_GRANNY_SMITH,ONLINE,NL-NH,3940.38,Monthly,2023-11-01,2023-11-30,KG,2.23,2.23
APPLE_GRANNY_SMITH,ONLINE,NL-NH,4310.74,Monthly,2023-12-01,2023-12-31,KG,2.774,2.774
APPLE_GRANNY_SMITH,ONLINE,NL-NH,4522.77,Monthly,2024-01-01,2024-01-31,KG,2.712,2.712
APPLE_GRANNY_SMITH,ONLINE,NL-NH,3950.82,Monthly,2024-02-01,2024-02-29,KG,2.763,2.763
APPLE_GRANNY_SMITH,ONLINE,NL-NH,4327.26,Monthly,2024-03-01,2024-03-31,KG,2.77,2.77
APPLE_GRANNY_SMITH,ONLINE,NL-NH,3720.2,Monthly,2024-04-01,2024-04-30,KG,2.756,2.756
APPLE_GRANNY_SMITH,ONLINE,NL-NH,3518.25,Monthly,2024-05-01,2024-05-31,KG,2.728,2.728
APPLE_GRANNY_SMITH,ONLINE,NL-NH,3206.59,Monthly,2024-06-01,2024-06-30,KG,2.725,2.725
APPLE_GRANNY_SMITH,ONLINE,NL-NH,3197.55,Monthly,2024-07-01,2024-07-31,KG,2.741,2.741
APPLE_GRANNY_SMITH,ONLINE,NL-NH,3939.02,Monthly,2024-08-01,2024-08-31,KG,2.349,2.349
APPLE_GRANNY_SMITH,ONLINE,NL-NH,3830.1800000000003,Monthly,2024-09-01,2024-09-30,KG,2.231,2.231
APPLE_GRANNY_SMITH,ONLINE,NL-NH,4426.43,Monthly,2024-10-01,2024-10-31,KG,2.246,2.246
APPLE_GRANNY_SMITH,ONLINE,NL-NH,4245.139999999999,Monthly,2024-11-01,2024-11-30,KG,2.228,2.228
APPLE_GRANNY_SMITH,ONLINE,NL-NH,4510.6,Monthly,2024-12-01,2024-12-31,KG,2.772,2.772
APPLE_GRANNY_SMITH,ONLINE,NL-NH,4490.87,Monthly,2025-01-01,2025-01-31,KG,2.764,2.764
APPLE_GRANNY_SMITH,ONLINE,NL-NH,4087.9700000000003,Monthly,2025-02-01,2025-02-28,KG,2.736,2.736
APPLE_GRANNY_SMITH,ONLINE,NL-NH,4832.9,Monthly,2025-03-01,2025-03-31,KG,2.762,2.762
APPLE_GRANNY_SMITH,ONLINE,NL-NH,4330.5,Monthly,2025-04-01,2025-04-30,KG,2.782,2.782
APPLE_GRANNY_SMITH,ONLINE,NL-NH,3947.56,Monthly,2025-05-01,2025-05-31,KG,2.774,2.774
APPLE_GRANNY_SMITH,ONLINE,NL-NH,3451.73,Monthly,2025-06-01,2025-06-30,KG,2.745,2.745
APPLE_GRANNY_SMITH,ONLINE,NL-NH,3290.9300000000003,Monthly,2025-07-01,2025-07-31,KG,2.758,2.758
APPLE_GRANNY_SMITH,ONLINE,NL-NH,3833.8,Monthly,2025-08-01,2025-08-31,KG,2.338,2.338
APPLE_GRANNY_SMITH,ONLINE,NL-NH,3800.04,Monthly,2025-09-01,2025-09-30,KG,2.264,2.264
APPLE_GRANNY_SMITH,ONLINE,NL-NH,3977.5299999999997,Monthly,2025-10-01,2025-10-31,KG,2.224,2.224
APPLE_GRANNY_SMITH,ONLINE,NL-NH,4339.85,Monthly,2025-11-01,2025-11-30,KG,2.243,2.243
APPLE_GRANNY_SMITH,ONLINE,NL-NH,4688.49,Monthly,2025-12-01,2025-12-31,KG,2.744,2.744
APPLE_GRANNY_SMITH,ONLINE,NL-NH,4365.24,Monthly,2026-01-01,2026-01-31,KG,2.764,2.764
APPLE_GRANNY_SMITH,ONLINE,NL-NH,139.69,Monthly,2026-02-01,2026-02-28,KG,2.735,2.735
