Data/History_121_Monthly.csv
ProductID,ChannelID,LocationID,Qty,Period,StartDate,EndDate,UOM,NetPrice,ListPrice
APPLE_JONAGOLD,ONLINE,NL-NB,3778.9300000000003,Monthly,2023-02-01,2023-02-28,KG,2.692,2.692
APPLE_JONAGOLD,ONLINE,NL-NB,3944.86,Monthly,2023-03-01,2023-03-31,KG,2.671,2.671
APPLE_JONAGOLD,ONLINE,NL-NB,3540.93,Monthly,2023-04-01,2023-04-30,KG,2.675,2.675
APPLE_JONAGOLD,ONLINE,NL-NB,3563.95,Monthly,2023-05-01,2023-05-31,KG,2.675,2.675
APPLE_JONAGOLD,ONLINE,NL-NB,3270.29,Monthly,2023-06-01,2023-06-30,KG,2.672,2.672
APPLE_JONAGOLD,ONLINE,NL-NB,3104.0,Monthly,2023-07-01,2023-07-31,KG,2.671,2.671
APPLE_JONAGOLD,ONLINE,NL-NB,3451.95,Monthly,2023-08-01,2023-08-31,KG,2.29,2.29
APPLE_JONAGOLD,ONLINE,NL-NB,3995.41,Monthly,2023-09-01,2023-09-30,KG,2.134,2.134
APPLE_JONAGOLD,ONLINE,NL-NB,3866.44,Monthly,2023-10-01,2023-10-31,KG,2.174,2.174
APPLE_JONAGOLD,ONLINE,NL-NB,3852.3,Monthly,2023-11-01,2023-11-30,KG,2.174,2.174
APPLE_JONAGOLD,ONLINE,NL-NB,4132.1,Monthly,2023-12-01,2023-12-31,KG,2.659,2.659
APPLE_JONAGOLD,ONLINE,NL-NB,4348.6900000000005,Monthly,2024-01-01,2024-01-31,KG,2.673,2.673
APPLE_JONAGOLD,ONLINE,NL-NB,3925.3,Monthly,2024-02-01,2024-02-29,KG,2.688,2.688
APPLE_JONAGOLD,ONLINE,NL-NB,4251.16,Monthly,2024-03-01,2024-03-31,KG,2.654,2.654
APPLE_JONAGOLD,ONLINE,NL-NB,3546.57,Monthly,2024-04-01,2024-04-30,KG,2.694,2.694
APPLE_JONAGOLD,ONLINE,NL-NB,3303.79,Monthly,2024-05-01,2024-05-31,KG,2.689,2.689
APPLE_JONAGOLD,ONLINE,NL-NB,3077.92,Monthly,2024-06-01,2024-06-30,KG,2.723,2.723
APPLE_JONAGOLD,ONLINE,NL-NB,3179.23,Monthly,2024-07-01,2024-07-31,KG,2.675,2.675
APPLE_JONAGOLD,ONLINE,NL-NB,3541.32,Monthly,2024-08-01,2024-08-31,KG,2.273,2.273
APPLE_JONAGOLD,ONLINE,NL-NB,3747.81,Monthly,2024-09-01,2024-09-30,KG,2.196,2.196
APPLE_JONAGOLD,ONLINE,NL-NB,4137.86,Monthly,2024-10-01,2024-10-31,KG,2.174,2.174
APPLE_JONAGOLD,ONLINE,NL-NB,3997.6099999999997,Monthly,2024-11-01,2024-11-30,KG,2.205,2.205
APPLE_JONAGOLD,ONLINE,NL-NB,4346.26,Monthly,2024-12-01,2024-12-31,KG,2.665,2.665
APPLE_JONAGOLD,ONLINE,NL-NB,4121.93,Monthly,2025-01-01,2025-01-31,KG,2.651,2.651
APPLE_JONAGOLD,ONLINE,NL-NB,3865.7,Monthly,2025-02-01,2025-02-28,KG,2.653,2.653
APPLE_JONAGOLD,ONLINE,NL-NB,4571.71,Monthly,2025-03-01,2025-03-31,KG,2.663,2.663
APPLE_JONAGOLD,ONLINE,NL-NB,4226.43,Monthly,2025-04-01,2025-04-30,KG,2.632,2.632
APPLE_JONAGOLD,ONLINE,NL-NB,3831.57,Monthly,2025-05-01,2025-05-31,KG,2.663,2.663
APPLE_JONAGOLD,ONLINE,NL-NB,3242.6899999999996,Monthly,2025-06-01,2025-06-30,KG,2.682,2.682
APPLE_JONAGOLD,ONLINE,NL-NB,3326.6899999999996,Monthly,2025-07-01,2025-07-31,KG,2.656,2.656
APPLE_JONAGOLD,ONLINE,NL-NB,3640.46,Monthly,2025-08-01,2025-08-31,KG,2.303,2.303
APPLE_JONAGOLD,ONLINE,NL-NB,3848.65,Monthly,2025-09-01,2025-09-30,KG,2.145,2.145
APPLE_JONAGOLD,ONLINE,NL-NB,4127.8099999999995,Monthly,2025-10-01,2025-10-31,KG,2.185,2.185
APPLE_JONAGOLD,ONLINE,NL-NB,4169.1900000000005,Monthly,2025-11-01,2025-11-30,KG,2.171,2.171
APPLE_JONAGOLD,ONLINE,NL-NB,4509.92,Monthly,2025-12-01,2025-12-31,KG,2.656,2.656
APPLE_JONAGOLD,ONLINE,NL-NB,4289.02,Monthly,2026-01-01,2026-01-31,KG,2.684,2.684
APPLE_JONAGOLD,ONLINE,NL-NB,139.55,Monthly,2026-02-01,2026-02-28,KG,2.723,2.723
APPLE_JONAGOLD,ONLINE,NL-NH,3996.62,Monthly,2023-02-01,2023-02-28,KG,2.739,2.739
APPLE_JONAGOLD,ONLINE,NL-NH,4052.75,Monthly,2023-03-01,2023-03-31,KG,2.734,2.734
APPLE_JONAGOLD,ONLINE,NL-NH,3663.73,Monthly,2023-04-01,2023-04-30,KG,2.759,2.759
APPLE_JONAGOLD,ONLINE,NL-NH,3688.54,Monthly,2023-05-01,2023-05-31,KG,2.759,2.759
APPLE_JONAGOLD,ONLINE,NL-NH,3432.4,Monthly,2023-06-01,2023-06-30,KG,2.765,2.765
APPLE_JONAGOLD,ONLINE,NL-NH,3156.98,Monthly,2023-07-01,2023-07-31,KG,2.821,2.821
APPLE_JONAGOLD,ONLINE,NL-NH,3578.24,Monthly,2023-08-01,2023-08-31,KG,2.353,2.353
APPLE_JONAGOLD,ONLINE,NL-NH,3981.2400000000002,Monthly,2023-09-01,2023-09-30,KG,2.206,2.206
APPLE_JONAGOLD,ONLINE,NL-NH,4012.1099999999997,Monthly,2023-10-01,2023-10-31,KG,2.249,2.249
APPLE_JONAGOLD,ONLINE,NL-NH,3777.05,Monthly,2023-11-01,2023-11-30,KG,2.247,2.247
APPLE_JONAGOLD,ONLINE,NL-NH,4187.97,Monthly,2023-12-01,2023-12-31,KG,2.773,2.773
APPLE_JONAGOLD,ONLINE,NL-NH,4393.86,Monthly,2024-01-01,2024-01-31,KG,2.739,2.739
APPLE_JONAGOLD,ONLINE,NL-NH,3876.85,Monthly,2024-02-01,2024-02-29,KG,2.762,2.762
APPLE_JONAGOLD,ONLINE,NL-NH,4290.74,Monthly,2024-03-01,2024-03-31,KG,2.802,2.802
APPLE_JONAGOLD,ONLINE,NL-NH,3594.26,Monthly,2024-04-01,2024-04-30,KG,2.736,2.736
APPLE_JONAGOLD,ONLINE,NL-NH,3667.4300000000003,Monthly,2024-05-01,2024-05-31,KG,2.792,2.792
APPLE_JONAGOLD,ONLINE,NL-NH,3207.35,Monthly,2024-06-01,2024-06-30,KG,2.793,2.793
APPLE_JONAGOLD,ONLINE,NL-NH,3214.46,Monthly,2024-07-01,2024-07-31,KG,2.778,2.778
APPLE_JONAGOLD,ONLINE,NL-NH,3819.52,Monthly,2024-08-01,2024-08-31,KG,2.356,2.356
APPLE_JONAGOLD,ONLINE,NL-NH,3770.0,Monthly,2024-09-01,2024-09-30,KG,2.232,2.232
APPLE_JONAGOLD,ONLINE,NL-NH,4494.91,Monthly,2024-10-01,2024-10-31,KG,2.268,2.268
APPLE_JONAGOLD,ONLINE,NL-NH,4112.700000000001,Monthly,2024-11-01,2024-11-30,KG,2.206,2.206
APPLE_JONAGOLD,ONLINE,NL-NH,4338.15,Monthly,2024-12-01,2024-12-31,KG,2.763,2.763
APPLE_JONAGOLD,ONLINE,NL-NH,4384.38,Monthly,2025-01-01,2025-01-31,KG,2.764,2.764
APPLE_JONAGOLD,ONLINE,NL-NH,3950.1,Monthly,2025-02-01,2025-02-28,KG,2.761,2.761
APPLE_JONAGOLD,ONLINE,NL-NH,4610.9,Monthly,2025-03-01,2025-03-31,KG,2.743,2.743
APPLE_JONAGOLD,ONLINE,NL-NH,4225.219999999999,Monthly,2025-04-01,2025-04-30,KG,2.706,2.706
APPLE_JONAGOLD,ONLINE,NL-NH,3852.42,Monthly,2025-05-01,2025-05-31,KG,2.771,2.771
APPLE_JONAGOLD,ONLINE,NL-NH,3300.6000000000004,Monthly,2025-06-01,2025-06-30,KG,2.739,2.739
APPLE_JONAGOLD,ONLINE,NL-NH,3389.45,Monthly,2025-07-01,2025-07-31,KG,2.758,2.758
APPLE_JONAGOLD,ONLINE,NL-NH,3545.6,Monthly,2025-08-01,2025-08-31,KG,2.376,2.376
APPLE_JONAGOLD,ONLINE,NL-NH,3917.58,Monthly,2025-09-01,2025-09-30,KG,2.242,2.242
APPLE_JONAGOLD,ONLINE,NL-NH,4011.26,Monthly,2025-10-01,2025-10-31,KG,2.23,2.23
APPLE_JONAGOLD,ONLINE,NL-NH,4176.65,Monthly,2025-11-01,2025-11-30,KG,2.235,2.235
APPLE_JONAGOLD,ONLINE,NL-NH,4594.7,Monthly,2025-12-01,2025-12-31,KG,2.728,2.728
APPLE_JONAGOLD,ONLINE,NL-NH,4282.0,Monthly,2026-01-01,2026-01-31,KG,2.728,2.728
APPLE_JONAGOLD,ONLINE,NL-NH,142.01,Monthly,2026-02-01,2026-02-28,KG,2.837,2.837
APPLE_JONAGOLD,ONLINE,NL-ZH,4136.01,Monthly,2023-02-01,2023-02-28,KG,2.817,2.817
APPLE_JONAGOLD,ONLINE,NL-ZH,3978.41,Monthly,2023-03-01,2023-03-31,KG,2.807,2.807
APPLE_JONAGOLD,ONLINE,NL-ZH,3724.1800000000003,Monthly,2023-04-01,2023-04-30,KG,2.84,2.84
APPLE_JONAGOLD,ONLINE,NL-ZH,4022.46,Monthly,2023-05-01,2023-05-31,KG,2.832,2.832
APPLE_JONAGOLD,ONLINE,NL-ZH,3622.4800000000005,Monthly,2023-06-01,2023-06-30,KG,2.844,2.844
APPLE_JONAGOLD,ONLINE,NL-ZH,3253.23,Monthly,2023-07-01,2023-07-31,KG,2.819,2.819
APPLE_JONAGOLD,ONLINE,NL-ZH,3588.92,Monthly,2023-08-01,2023-08-31,KG,2.386,2.386
APPLE_JONAGOLD,ONLINE,NL-ZH,4123.299999999999,Monthly,2023-09-01,2023-09-30,KG,2.297,2.297
APPLE_JONAGOLD,ONLINE,NL-ZH,4137.0599999999995,Monthly,2023-10-01,2023-10-31,KG,2.262,2.262
APPLE_JONAGOLD,ONLINE,NL-ZH,3989.5699999999997,Monthly,2023-11-01,2023-11-30,KG,2.286,2.286
APPLE_JONAGOLD,ONLINE,NL-ZH,4288.17,Monthly,2023-12-01,2023-12-31,KG,2.837,2.837
APPLE_JONAGOLD,ONLINE,NL-ZH,4591.55,Monthly,2024-01-01,2024-01-31,KG,2.841,2.841
APPLE_JONAGOLD,ONLINE,NL-ZH,4082.33,Monthly,2024-02-01,2024-02-29,KG,2.849,2.849
APPLE_JONAGOLD,ONLINE,NL-ZH,4539.4,Monthly,2024-03-01,2024-03-31,KG,2.835,2.835
APPLE_JONAGOLD,ONLINE,NL-ZH,3841.33,Monthly,2024-04-01,2024-04-30,KG,2.801,2.801
APPLE_JONAGOLD,ONLINE,NL-ZH,3717.9700000000003,Monthly,2024-05-01,2024-05-31,KG,2.872,2.872
APPLE_JONAGOLD,ONLINE,NL-ZH,3335.16,Monthly,2024-06-01,2024-06-30,KG,2.848,2.848
APPLE_JONAGOLD,ONLINE,NL-ZH,3355.69,Monthly,2024-07-01,2024-07-31,KG,2.817,2.817
APPLE_JONAGOLD,ONLINE,NL-ZH,4005.88,Monthly,2024-08-01,2024-08-31,KG,2.417,2.417
APPLE_JONAGOLD,ONLINE,NL-ZH,3818.34,Monthly,2024-09-01,2024-09-30,KG,2.337,2.337
APPLE_JONAGOLD,ONLINE,NL-ZH,4518.89,Monthly,2024-10-01,2024-10-31,KG,2.283,2.283
APPLE_JONAGOLD,ONLINE,NL-ZH,4232.68,Monthly,2024-11-01,2024-11-30,KG,2.33,2.33
APPLE_JONAGOLD,ONLINE,NL-ZH,4685.18,Monthly,2024-12-01,2024-12-31,KG,2.798,2.798
APPLE_JONAGOLD,ONLINE,NL-ZH,4459.83,Monthly,2025-01-01,2025-01-31,KG,2.82,2.82
APPLE_JONAGOLD,ONLINE,NL-ZH,4127.23,Monthly,2025-02-01,2025-02-28,KG,2.855,2.855
APPLE_JONAGOLD,ONLINE,NL-ZH,4928.21,Monthly,2025-03-01,2025-03-31,KG,2.836,2.836
APPLE_JONAGOLD,ONLINE,NL-ZH,4425.22,Monthly,2025-04-01,2025-04-30,KG,2.837,2.837
APPLE_JONAGOLD,ONLINE,NL-ZH,4015.3900000000003,Monthly,2025-05-01,2025-05-31,KG,2.819,2.819
APPLE_JONAGOLD,ONLINE,NL-ZH,3491.95,Monthly,2025-06-01,2025-06-30,KG,2.888,2.888
APPLE_JONAGOLD,ONLINE,NL-ZH,3435.63,Monthly,2025-07-01,2025-07-31,KG,2.851,2.851
APPLE_JONAGOLD,ONLINE,NL-ZH,3788.94,Monthly,2025-08-01,2025-08-31,KG,2.435,2.435
APPLE_JONAGOLD,ONLINE,NL-ZH,4233.28,Monthly,2025-09-01,2025-09-30,KG,2.302,2.302
APPLE_JONAGOLD,ONLINE,NL-ZH,4308.530000000001,Monthly,2025-10-01,2025-10-31,KG,2.272,2.272
APPLE_JONAGOLD,ONLINE,NL-ZH,4334.21,Monthly,2025-11-01,2025-11-30,KG,2.302,2.302
APPLE_JONAGOLD,ONLINE,NL-ZH,4948.21,Monthly,2025-12-01,2025-12-31,KG,2.843,2.843
APPLE_JONAGOLD,ONLINE,NL-ZH,4497.34,Monthly,2026-01-01,2026-01-31,KG,2.835,2.835
APPLE_JONAGOLD,ONLINE,NL-ZH,145.13,Monthly,2026-02-01,2026-02-28,KG,2.982,2.982
APPLE_JONAGOLD,RETAIL,NL-GE,7551.49,Monthly,2023-02-01,2023-02-28,KG,2.618,2.618
APPLE_JONAGOLD,RETAIL,NL-GE,7401.93,Monthly,2023-03-01,2023-03-31,KG,2.584,2.584
APPLE_JONAGOLD,RETAIL,NL-GE,7070.91,Monthly,2023-04-01,2023-04-30,KG,2.619,2.619
APPLE_JONAGOLD,RETAIL,NL-GE,6759.25,Monthly,2023-05-01,2023-05-31,KG,2.585,2.585
APPLE_JONAGOLD,RETAIL,NL-GE,6360.5,Monthly,2023-06-01,2023-06-30,KG,2.586,2.586
APPLE_JONAGOLD,RETAIL,NL-GE,5955.3,Monthly,2023-07-01,2023-07-31,KG,2.573,2.573
APPLE_JONAGOLD,RETAIL,NL-GE,6777.9,Monthly,2023-08-01,2023-08-31,KG,2.159,2.226
APPLE_JONAGOLD,RETAIL,NL-GE,7723.09,Monthly,2023-09-01,2023-09-30,KG,2.095,2.095
APPLE_JONAGOLD,RETAIL,NL-GE,8062.129999999999,Monthly,2023-10-01,2023-10-31,KG,2.002,2.083
APPLE_JONAGOLD,RETAIL,NL-GE,7621.610000000001,Monthly,2023-11-01,2023-11-30,KG,2.131,2.131
APPLE_JONAGOLD,RETAIL,NL-GE,7775.33,Monthly,2023-12-01,2023-12-31,KG,2.596,2.596
APPLE_JONAGOLD,RETAIL,NL-GE,8100.540000000001,Monthly,2024-01-01,2024-01-31,KG,2.58,2.58
APPLE_JONAGOLD,RETAIL,NL-GE,7053.9400000000005,Monthly,2024-02-01,2024-02-29,KG,2.578,2.578
APPLE_JONAGOLD,RETAIL,NL-GE,8244.47,Monthly,2024-03-01,2024-03-31,KG,2.582,2.582
APPLE_JONAGOLD,RETAIL,NL-GE,6952.87,Monthly,2024-04-01,2024-04-30,KG,2.627,2.627
APPLE_JONAGOLD,RETAIL,NL-GE,6768.21,Monthly,2024-05-01,2024-05-31,KG,2.577,2.577
APPLE_JONAGOLD,RETAIL,NL-GE,5976.83,Monthly,2024-06-01,2024-06-30,KG,2.597,2.597
APPLE_JONAGOLD,RETAIL,NL-GE,6111.01,Monthly,2024-07-01,2024-07-31,KG,2.6,2.6
APPLE_JONAGOLD,RETAIL,NL-GE,6898.79,Monthly,2024-08-01,2024-08-31,KG,2.212,2.212
APPLE_JONAGOLD,RETAIL,NL-GE,7052.73,Monthly,2024-09-01,2024-09-30,KG,2.112,2.112
APPLE_JONAGOLD,RETAIL,NL-GE,8115.04,Monthly,2024-10-01,2024-10-31,KG,2.122,2.122
APPLE_JONAGOLD,RETAIL,NL-GE,7797.95,Monthly,2024-11-01,2024-11-30,KG,2.111,2.111
APPLE_JONAGOLD,RETAIL,NL-GE,8469.39,Monthly,2024-12-01,2024-12-31,KG,2.566,2.566
APPLE_JONAGOLD,RETAIL,NL-GE,7895.549999999999,Monthly,2025-01-01,2025-01-31,KG,2.591,2.591
APPLE_JONAGOLD,RETAIL,NL-GE,8030.6900000000005,Monthly,2025-02-01,2025-02-28,KG,2.478,2.573
APPLE_JONAGOLD,RETAIL,NL-GE,9215.41,Monthly,2025-03-01,2025-03-31,KG,2.588,2.588
APPLE_JONAGOLD,RETAIL,NL-GE,7583.7300000000005,Monthly,2025-04-01,2025-04-30,KG,2.604,2.604
APPLE_JONAGOLD,RETAIL,NL-GE,7229.82,Monthly,2025-05-01,2025-05-31,KG,2.618,2.618
APPLE_JONAGOLD,RETAIL,NL-GE,6371.68,Monthly,2025-06-01,2025-06-30,KG,2.586,2.586
APPLE_JONAGOLD,RETAIL,NL-GE,6263.07,Monthly,2025-07-01,2025-07-31,KG,2.597,2.597
APPLE_JONAGOLD,RETAIL,NL-GE,7119.54,Monthly,2025-08-01,2025-08-31,KG,2.218,2.218
APPLE_JONAGOLD,RETAIL,NL-GE,7187.33,Monthly,2025-09-01,2025-09-30,KG,2.109,2.109
APPLE_JONAGOLD,RETAIL,NL-GE,7604.77,Monthly,2025-10-01,2025-10-31,KG,2.11,2.11
APPLE_JONAGOLD,RETAIL,NL-GE,8146.38,Monthly,2025-11-01,2025-11-30,KG,2.107,2.107
APPLE_JONAGOLD,RETAIL,NL-GE,8277.29,Monthly,2025-12-01,2025-12-31,KG,2.592,2.592
APPLE_JONAGOLD,RETAIL,NL-GE,8102.47,Monthly,2026-01-01,2026-01-31,KG,2.583,2.583
APPLE_JONAGOLD,RETAIL,NL-GE,324.22,Monthly,2026-02-01,2026-02-28,KG,2.447,2.447
APPLE_JONAGOLD,RETAIL,NL-NB,7905.91,Monthly,2023-02-01,2023-02-28,KG,2.614,2.688
APPLE_JONAGOLD,RETAIL,NL-NB,7549.51,Monthly,2023-03-01,2023-03-31,KG,2.666,2.666
APPLE_JONAGOLD,RETAIL,NL-NB,7177.22,Monthly,2023-04-01,2023-04-30,KG,2.68,2.68
APPLE_JONAGOLD,RETAIL,NL-NB,7083.8099999999995,Monthly,2023-05-01,2023-05-31,KG,2.686,2.686
APPLE_JONAGOLD,RETAIL,NL-NB,6759.83,Monthly,2023-06-01,2023-06-30,KG,2.622,2.645
APPLE_JONAGOLD,RETAIL,NL-NB,6379.87,Monthly,2023-07-01,2023-07-31,KG,2.655,2.655
APPLE_JONAGOLD,RETAIL,NL-NB,7343.14,Monthly,2023-08-01,2023-08-31,KG,2.123,2.299
APPLE_JONAGOLD,RETAIL,NL-NB,7881.75,Monthly,2023-09-01,2023-09-30,KG,2.19,2.19
APPLE_JONAGOLD,RETAIL,NL-NB,8038.13,Monthly,2023-10-01,2023-10-31,KG,2.194,2.194
APPLE_JONAGOLD,RETAIL,NL-NB,7862.12,Monthly,2023-11-01,2023-11-30,KG,2.152,2.152
APPLE_JONAGOLD,RETAIL,NL-NB,8269.529999999999,Monthly,2023-12-01,2023-12-31,KG,2.687,2.687
APPLE_JONAGOLD,RETAIL,NL-NB,8545.75,Monthly,2024-01-01,2024-01-31,KG,2.689,2.689
APPLE_JONAGOLD,RETAIL,NL-NB,7963.1,Monthly,2024-02-01,2024-02-29,KG,2.646,2.646
APPLE_JONAGOLD,RETAIL,NL-NB,8529.84,Monthly,2024-03-01,2024-03-31,KG,2.693,2.693
APPLE_JONAGOLD,RETAIL,NL-NB,7110.860000000001,Monthly,2024-04-01,2024-04-30,KG,2.701,2.701
APPLE_JONAGOLD,RETAIL,NL-NB,6532.68,Monthly,2024-05-01,2024-05-31,KG,2.653,2.653
APPLE_JONAGOLD,RETAIL,NL-NB,6318.3,Monthly,2024-06-01,2024-06-30,KG,2.659,2.659
APPLE_JONAGOLD,RETAIL,NL-NB,6269.820000000001,Monthly,2024-07-01,2024-07-31,KG,2.652,2.652
APPLE_JONAGOLD,RETAIL,NL-NB,7100.139999999999,Monthly,2024-08-01,2024-08-31,KG,2.304,2.304
APPLE_JONAGOLD,RETAIL,NL-NB,7302.030000000001,Monthly,2024-09-01,2024-09-30,KG,2.161,2.161
APPLE_JONAGOLD,RETAIL,NL-NB,8191.14,Monthly,2024-10-01,2024-10-31,KG,2.185,2.185
APPLE_JONAGOLD,RETAIL,NL-NB,8124.01,Monthly,2024-11-01,2024-11-30,KG,2.17,2.17
APPLE_JONAGOLD,RETAIL,NL-NB,8269.25,Monthly,2024-12-01,2024-12-31,KG,2.686,2.686
APPLE_JONAGOLD,RETAIL,NL-NB,8315.33,Monthly,2025-01-01,2025-01-31,KG,2.689,2.689
APPLE_JONAGOLD,RETAIL,NL-NB,7597.65,Monthly,2025-02-01,2025-02-28,KG,2.689,2.689
APPLE_JONAGOLD,RETAIL,NL-NB,9387.09,Monthly,2025-03-01,2025-03-31,KG,2.677,2.677
APPLE_JONAGOLD,RETAIL,NL-NB,8317.88,Monthly,2025-04-01,2025-04-30,KG,2.684,2.684
APPLE_JONAGOLD,RETAIL,NL-NB,7405.5,Monthly,2025-05-01,2025-05-31,KG,2.649,2.649
APPLE_JONAGOLD,RETAIL,NL-NB,6393.42,Monthly,2025-06-01,2025-06-30,KG,2.671,2.671
APPLE_JONAGOLD,RETAIL,NL-NB,6529.33,Monthly,2025-07-01,2025-07-31,KG,2.67,2.67
APPLE_JONAGOLD,RETAIL,NL-NB,7473.42,Monthly,2025-08-01,2025-08-31,KG,2.274,2.274
APPLE_JONAGOLD,RETAIL,NL-NB,7534.59,Monthly,2025-09-01,2025-09-30,KG,2.16,2.16
APPLE_JONAGOLD,RETAIL,NL-NB,7802.33,Monthly,2025-10-01,2025-10-31,KG,2.186,2.186
APPLE_JONAGOLD,RETAIL,NL-NB,8342.54,Monthly,2025-11-01,2025-11-30,KG,2.158,2.158
APPLE_JONAGOLD,RETAIL,NL-NB,9771.95,Monthly,2025-12-01,2025-12-31,KG,2.479,2.696
APPLE_JONAGOLD,RETAIL,NL-NB,8683.14,Monthly,2026-01-01,2026-01-31,KG,2.677,2.677
APPLE_JONAGOLD,RETAIL,NL-NB,325.12,Monthly,2026-02-01,2026-02-28,KG,2.672,2.672
