Data/History_121_Monthly.csv
ProductID,ChannelID,LocationID,Qty,Period,StartDate,EndDate,UOM,NetPrice,ListPrice
APPLE_JONAGOLD,RETAIL,NL-NH,7863.83,Monthly,2023-02-01,2023-02-28,KG,2.763,2.763
APPLE_JONAGOLD,RETAIL,NL-NH,8255.27,Monthly,2023-03-01,2023-03-31,KG,2.761,2.761
APPLE_JONAGOLD,RETAIL,NL-NH,7457.32,Monthly,2023-04-01,2023-04-30,KG,2.78,2.78
APPLE_JONAGOLD,RETAIL,NL-NH,7239.799999999999,Monthly,2023-05-01,2023-05-31,KG,2.799,2.799
APPLE_JONAGOLD,RETAIL,NL-NH,6840.17,Monthly,2023-06-01,2023-06-30,KG,2.773,2.773
APPLE_JONAGOLD,RETAIL,NL-NH,6285.95,Monthly,2023-07-01,2023-07-31,KG,2.765,2.765
APPLE_JONAGOLD,RETAIL,NL-NH,6965.34,Monthly,2023-08-01,2023-08-31,KG,2.381,2.381
APPLE_JONAGOLD,RETAIL,NL-NH,8125.01,Monthly,2023-09-01,2023-09-30,KG,2.241,2.241
APPLE_JONAGOLD,RETAIL,NL-NH,7983.96,Monthly,2023-10-01,2023-10-31,KG,2.239,2.239
APPLE_JONAGOLD,RETAIL,NL-NH,7807.0599999999995,Monthly,2023-11-01,2023-11-30,KG,2.241,2.241
APPLE_JONAGOLD,RETAIL,NL-NH,8523.59,Monthly,2023-12-01,2023-12-31,KG,2.795,2.795
APPLE_JONAGOLD,RETAIL,NL-NH,8746.7,Monthly,2024-01-01,2024-01-31,KG,2.732,2.732
APPLE_JONAGOLD,RETAIL,NL-NH,7675.88,Monthly,2024-02-01,2024-02-29,KG,2.777,2.777
APPLE_JONAGOLD,RETAIL,NL-NH,8655.49,Monthly,2024-03-01,2024-03-31,KG,2.746,2.768
APPLE_JONAGOLD,RETAIL,NL-NH,7517.29,Monthly,2024-04-01,2024-04-30,KG,2.733,2.733
APPLE_JONAGOLD,RETAIL,NL-NH,6772.8099999999995,Monthly,2024-05-01,2024-05-31,KG,2.79,2.79
APPLE_JONAGOLD,RETAIL,NL-NH,6457.86,Monthly,2024-06-01,2024-06-30,KG,2.734,2.734
APPLE_JONAGOLD,RETAIL,NL-NH,6137.71,Monthly,2024-07-01,2024-07-31,KG,2.797,2.797
APPLE_JONAGOLD,RETAIL,NL-NH,7462.23,Monthly,2024-08-01,2024-08-31,KG,2.317,2.317
APPLE_JONAGOLD,RETAIL,NL-NH,7828.700000000001,Monthly,2024-09-01,2024-09-30,KG,2.252,2.252
APPLE_JONAGOLD,RETAIL,NL-NH,8695.28,Monthly,2024-10-01,2024-10-31,KG,2.219,2.219
APPLE_JONAGOLD,RETAIL,NL-NH,8038.780000000001,Monthly,2024-11-01,2024-11-30,KG,2.237,2.237
APPLE_JONAGOLD,RETAIL,NL-NH,8833.75,Monthly,2024-12-01,2024-12-31,KG,2.742,2.742
APPLE_JONAGOLD,RETAIL,NL-NH,8575.61,Monthly,2025-01-01,2025-01-31,KG,2.75,2.75
APPLE_JONAGOLD,RETAIL,NL-NH,8128.58,Monthly,2025-02-01,2025-02-28,KG,2.78,2.78
APPLE_JONAGOLD,RETAIL,NL-NH,9490.01,Monthly,2025-03-01,2025-03-31,KG,2.728,2.728
APPLE_JONAGOLD,RETAIL,NL-NH,8367.93,Monthly,2025-04-01,2025-04-30,KG,2.758,2.758
APPLE_JONAGOLD,RETAIL,NL-NH,7693.150000000001,Monthly,2025-05-01,2025-05-31,KG,2.777,2.777
APPLE_JONAGOLD,RETAIL,NL-NH,6783.45,Monthly,2025-06-01,2025-06-30,KG,2.745,2.745
APPLE_JONAGOLD,RETAIL,NL-NH,6425.42,Monthly,2025-07-01,2025-07-31,KG,2.771,2.771
APPLE_JONAGOLD,RETAIL,NL-NH,7476.47,Monthly,2025-08-01,2025-08-31,KG,2.338,2.338
APPLE_JONAGOLD,RETAIL,NL-NH,7817.88,Monthly,2025-09-01,2025-09-30,KG,2.2,2.2
APPLE_JONAGOLD,RETAIL,NL-NH,8127.73,Monthly,2025-10-01,2025-10-31,KG,2.239,2.239
APPLE_JONAGOLD,RETAIL,NL-NH,8442.84,Monthly,2025-11-01,2025-11-30,KG,2.264,2.264
APPLE_JONAGOLD,RETAIL,NL-NH,9096.16,Monthly,2025-12-01,2025-12-31,KG,2.762,2.762
APPLE_JONAGOLD,RETAIL,NL-NH,8639.41,Monthly,2026-01-01,2026-01-31,KG,2.763,2.763
APPLE_JONAGOLD,RETAIL,NL-NH,320.56,Monthly,2026-02-01,2026-02-28,KG,2.821,2.821
APPLE_JONAGOLD,RETAIL,NL-ZH,8029.48,Monthly,2023-02-01,2023-02-28,KG,2.824,2.824
APPLE_JONAGOLD,RETAIL,NL-ZH,7990.32,Monthly,2023-03-01,2023-03-31,KG,2.833,2.833
APPLE_JONAGOLD,RETAIL,NL-ZH,7578.18,Monthly,2023-04-01,2023-04-30,KG,2.854,2.854
APPLE_JONAGOLD,RETAIL,NL-ZH,7535.64,Monthly,2023-05-01,2023-05-31,KG,2.828,2.828
APPLE_JONAGOLD,RETAIL,NL-ZH,7040.1900000000005,Monthly,2023-06-01,2023-06-30,KG,2.803,2.803
APPLE_JONAGOLD,RETAIL,NL-ZH,6709.71,Monthly,2023-07-01,2023-07-31,KG,2.811,2.811
APPLE_JONAGOLD,RETAIL,NL-ZH,7431.139999999999,Monthly,2023-08-01,2023-08-31,KG,2.394,2.394
APPLE_JONAGOLD,RETAIL,NL-ZH,8019.4,Monthly,2023-09-01,2023-09-30,KG,2.312,2.312
APPLE_JONAGOLD,RETAIL,NL-ZH,8321.96,Monthly,2023-10-01,2023-10-31,KG,2.326,2.326
APPLE_JONAGOLD,RETAIL,NL-ZH,7824.64,Monthly,2023-11-01,2023-11-30,KG,2.315,2.315
APPLE_JONAGOLD,RETAIL,NL-ZH,9124.75,Monthly,2023-12-01,2023-12-31,KG,2.854,2.854
APPLE_JONAGOLD,RETAIL,NL-ZH,9197.58,Monthly,2024-01-01,2024-01-31,KG,2.852,2.852
APPLE_JONAGOLD,RETAIL,NL-ZH,7828.03,Monthly,2024-02-01,2024-02-29,KG,2.814,2.814
APPLE_JONAGOLD,RETAIL,NL-ZH,8885.19,Monthly,2024-03-01,2024-03-31,KG,2.846,2.846
APPLE_JONAGOLD,RETAIL,NL-ZH,7909.04,Monthly,2024-04-01,2024-04-30,KG,2.822,2.822
APPLE_JONAGOLD,RETAIL,NL-ZH,7208.4,Monthly,2024-05-01,2024-05-31,KG,2.845,2.845
APPLE_JONAGOLD,RETAIL,NL-ZH,6469.52,Monthly,2024-06-01,2024-06-30,KG,2.881,2.881
APPLE_JONAGOLD,RETAIL,NL-ZH,6463.34,Monthly,2024-07-01,2024-07-31,KG,2.843,2.843
APPLE_JONAGOLD,RETAIL,NL-ZH,7576.469999999999,Monthly,2024-08-01,2024-08-31,KG,2.438,2.438
APPLE_JONAGOLD,RETAIL,NL-ZH,7586.710000000001,Monthly,2024-09-01,2024-09-30,KG,2.304,2.304
APPLE_JONAGOLD,RETAIL,NL-ZH,8944.2,Monthly,2024-10-01,2024-10-31,KG,2.316,2.316
APPLE_JONAGOLD,RETAIL,NL-ZH,8329.17,Monthly,2024-11-01,2024-11-30,KG,2.289,2.289
APPLE_JONAGOLD,RETAIL,NL-ZH,9025.720000000001,Monthly,2024-12-01,2024-12-31,KG,2.842,2.842
APPLE_JONAGOLD,RETAIL,NL-ZH,8966.37,Monthly,2025-01-01,2025-01-31,KG,2.853,2.853
APPLE_JONAGOLD,RETAIL,NL-ZH,8322.86,Monthly,2025-02-01,2025-02-28,KG,2.842,2.842
APPLE_JONAGOLD,RETAIL,NL-ZH,9694.23,Monthly,2025-03-01,2025-03-31,KG,2.836,2.836
APPLE_JONAGOLD,RETAIL,NL-ZH,8538.46,Monthly,2025-04-01,2025-04-30,KG,2.858,2.858
APPLE_JONAGOLD,RETAIL,NL-ZH,7838.81,Monthly,2025-05-01,2025-05-31,KG,2.857,2.857
APPLE_JONAGOLD,RETAIL,NL-ZH,8126.01,Monthly,2025-06-01,2025-06-30,KG,2.558,2.854
APPLE_JONAGOLD,RETAIL,NL-ZH,7008.32,Monthly,2025-07-01,2025-07-31,KG,2.812,2.827
APPLE_JONAGOLD,RETAIL,NL-ZH,7952.129999999999,Monthly,2025-08-01,2025-08-31,KG,2.405,2.431
APPLE_JONAGOLD,RETAIL,NL-ZH,8285.97,Monthly,2025-09-01,2025-09-30,KG,2.304,2.304
APPLE_JONAGOLD,RETAIL,NL-ZH,7981.87,Monthly,2025-10-01,2025-10-31,KG,2.299,2.299
APPLE_JONAGOLD,RETAIL,NL-ZH,8732.119999999999,Monthly,2025-11-01,2025-11-30,KG,2.288,2.288
APPLE_JONAGOLD,RETAIL,NL-ZH,9554.0,Monthly,2025-12-01,2025-12-31,KG,2.882,2.882
APPLE_JONAGOLD,RETAIL,NL-ZH,8795.56,Monthly,2026-01-01,2026-01-31,KG,2.882,2.882
APPLE_JONAGOLD,RETAIL,NL-ZH,381.88,Monthly,2026-02-01,2026-02-28,KG,2.677,2.677
APPLE_JONAGOLD,WHOLESALE,NL-GE,6079.74,Monthly,2023-02-01,2023-02-28,KG,2.596,2.596
APPLE_JONAGOLD,WHOLESALE,NL-GE,6362.36,Monthly,2023-03-01,2023-03-31,KG,2.605,2.605
APPLE_JONAGOLD,WHOLESALE,NL-GE,6075.73,Monthly,2023-04-01,2023-04-30,KG,2.558,2.558
APPLE_JONAGOLD,WHOLESALE,NL-GE,6026.48,Monthly,2023-05-01,2023-05-31,KG,2.614,2.614
APPLE_JONAGOLD,WHOLESALE,NL-GE,5586.99,Monthly,2023-06-01,2023-06-30,KG,2.605,2.605
APPLE_JONAGOLD,WHOLESALE,NL-GE,5040.41,Monthly,2023-07-01,2023-07-31,KG,2.582,2.582
APPLE_JONAGOLD,WHOLESALE,NL-GE,5662.8,Monthly,2023-08-01,2023-08-31,KG,2.172,2.198
APPLE_JONAGOLD,WHOLESALE,NL-GE,6335.89,Monthly,2023-09-01,2023-09-30,KG,2.098,2.098
APPLE_JONAGOLD,WHOLESALE,NL-GE,6421.25,Monthly,2023-10-01,2023-10-31,KG,2.109,2.109
APPLE_JONAGOLD,WHOLESALE,NL-GE,6483.78,Monthly,2023-11-01,2023-11-30,KG,2.116,2.116
APPLE_JONAGOLD,WHOLESALE,NL-GE,6576.21,Monthly,2023-12-01,2023-12-31,KG,2.621,2.621
APPLE_JONAGOLD,WHOLESALE,NL-GE,6932.97,Monthly,2024-01-01,2024-01-31,KG,2.603,2.603
APPLE_JONAGOLD,WHOLESALE,NL-GE,6207.11,Monthly,2024-02-01,2024-02-29,KG,2.585,2.585
APPLE_JONAGOLD,WHOLESALE,NL-GE,6973.9800000000005,Monthly,2024-03-01,2024-03-31,KG,2.588,2.588
APPLE_JONAGOLD,WHOLESALE,NL-GE,5972.35,Monthly,2024-04-01,2024-04-30,KG,2.614,2.614
APPLE_JONAGOLD,WHOLESALE,NL-GE,5716.37,Monthly,2024-05-01,2024-05-31,KG,2.583,2.583
APPLE_JONAGOLD,WHOLESALE,NL-GE,4975.8,Monthly,2024-06-01,2024-06-30,KG,2.603,2.603
APPLE_JONAGOLD,WHOLESALE,NL-GE,5309.88,Monthly,2024-07-01,2024-07-31,KG,2.593,2.593
APPLE_JONAGOLD,WHOLESALE,NL-GE,5696.0,Monthly,2024-08-01,2024-08-31,KG,2.218,2.218
APPLE_JONAGOLD,WHOLESALE,NL-GE,6130.42,Monthly,2024-09-01,2024-09-30,KG,2.114,2.114
APPLE_JONAGOLD,WHOLESALE,NL-GE,6818.18,Monthly,2024-10-01,2024-10-31,KG,2.114,2.114
APPLE_JONAGOLD,WHOLESALE,NL-GE,6556.08,Monthly,2024-11-01,2024-11-30,KG,2.098,2.098
APPLE_JONAGOLD,WHOLESALE,NL-GE,6952.34,Monthly,2024-12-01,2024-12-31,KG,2.588,2.588
APPLE_JONAGOLD,WHOLESALE,NL-GE,6770.05,Monthly,2025-01-01,2025-01-31,KG,2.583,2.583
APPLE_JONAGOLD,WHOLESALE,NL-GE,6189.35,Monthly,2025-02-01,2025-02-28,KG,2.57,2.57
APPLE_JONAGOLD,WHOLESALE,NL-GE,7838.67,Monthly,2025-03-01,2025-03-31,KG,2.605,2.605
APPLE_JONAGOLD,WHOLESALE,NL-GE,6766.28,Monthly,2025-04-01,2025-04-30,KG,2.588,2.588
APPLE_JONAGOLD,WHOLESALE,NL-GE,6146.77,Monthly,2025-05-01,2025-05-31,KG,2.588,2.588
APPLE_JONAGOLD,WHOLESALE,NL-GE,5369.95,Monthly,2025-06-01,2025-06-30,KG,2.604,2.604
APPLE_JONAGOLD,WHOLESALE,NL-GE,5431.3099999999995,Monthly,2025-07-01,2025-07-31,KG,2.594,2.594
APPLE_JONAGOLD,WHOLESALE,NL-GE,5998.79,Monthly,2025-08-01,2025-08-31,KG,2.211,2.211
APPLE_JONAGOLD,WHOLESALE,NL-GE,6182.6900000000005,Monthly,2025-09-01,2025-09-30,KG,2.098,2.098
APPLE_JONAGOLD,WHOLESALE,NL-GE,6490.27,Monthly,2025-10-01,2025-10-31,KG,2.132,2.132
APPLE_JONAGOLD,WHOLESALE,NL-GE,6787.3,Monthly,2025-11-01,2025-11-30,KG,2.115,2.115
APPLE_JONAGOLD,WHOLESALE,NL-GE,7485.11,Monthly,2025-12-01,2025-12-31,KG,2.576,2.576
APPLE_JONAGOLD,WHOLESALE,NL-GE,6924.9,Monthly,2026-01-01,2026-01-31,KG,2.588,2.588
APPLE_JONAGOLD,WHOLESALE,NL-GE,217.29000000000002,Monthly,2026-02-01,2026-02-28,KG,2.6,2.6
APPLE_JONAGOLD,WHOLESALE,NL-NB,6662.2,Monthly,2023-02-01,2023-02-28,KG,2.653,2.653
APPLE_JONAGOLD,WHOLESALE,NL-NB,6305.110000000001,Monthly,2023-03-01,2023-03-31,KG,2.66,2.66
APPLE_JONAGOLD,WHOLESALE,NL-NB,6036.64,Monthly,2023-04-01,2023-04-30,KG,2.682,2.682
APPLE_JONAGOLD,WHOLESALE,NL-NB,6101.389999999999,Monthly,2023-05-01,2023-05-31,KG,2.66,2.66
APPLE_JONAGOLD,WHOLESALE,NL-NB,5771.139999999999,Monthly,2023-06-01,2023-06-30,KG,2.708,2.708
APPLE_JONAGOLD,WHOLESALE,NL-NB,5493.6900000000005,Monthly,2023-07-01,2023-07-31,KG,2.682,2.682
APPLE_JONAGOLD,WHOLESALE,NL-NB,5669.04,Monthly,2023-08-01,2023-08-31,KG,2.249,2.249
APPLE_JONAGOLD,WHOLESALE,NL-NB,6652.01,Monthly,2023-09-01,2023-09-30,KG,2.18,2.18
APPLE_JONAGOLD,WHOLESALE,NL-NB,6797.780000000001,Monthly,2023-10-01,2023-10-31,KG,2.165,2.165
APPLE_JONAGOLD,WHOLESALE,NL-NB,6528.6900000000005,Monthly,2023-11-01,2023-11-30,KG,2.165,2.165
APPLE_JONAGOLD,WHOLESALE,NL-NB,7102.74,Monthly,2023-12-01,2023-12-31,KG,2.659,2.659
APPLE_JONAGOLD,WHOLESALE,NL-NB,7223.889999999999,Monthly,2024-01-01,2024-01-31,KG,2.673,2.673
APPLE_JONAGOLD,WHOLESALE,NL-NB,6469.42,Monthly,2024-02-01,2024-02-29,KG,2.67,2.67
APPLE_JONAGOLD,WHOLESALE,NL-NB,7337.9400000000005,Monthly,2024-03-01,2024-03-31,KG,2.674,2.674
APPLE_JONAGOLD,WHOLESALE,NL-NB,5983.93,Monthly,2024-04-01,2024-04-30,KG,2.678,2.678
APPLE_JONAGOLD,WHOLESALE,NL-NB,5677.58,Monthly,2024-05-01,2024-05-31,KG,2.68,2.68
APPLE_JONAGOLD,WHOLESALE,NL-NB,5259.06,Monthly,2024-06-01,2024-06-30,KG,2.664,2.664
APPLE_JONAGOLD,WHOLESALE,NL-NB,5438.34,Monthly,2024-07-01,2024-07-31,KG,2.672,2.672
APPLE_JONAGOLD,WHOLESALE,NL-NB,6177.51,Monthly,2024-08-01,2024-08-31,KG,2.281,2.281
APPLE_JONAGOLD,WHOLESALE,NL-NB,6269.9800000000005,Monthly,2024-09-01,2024-09-30,KG,2.162,2.162
APPLE_JONAGOLD,WHOLESALE,NL-NB,6824.4400000000005,Monthly,2024-10-01,2024-10-31,KG,2.185,2.185
APPLE_JONAGOLD,WHOLESALE,NL-NB,6870.14,Monthly,2024-11-01,2024-11-30,KG,2.185,2.185
APPLE_JONAGOLD,WHOLESALE,NL-NB,7007.5599999999995,Monthly,2024-12-01,2024-12-31,KG,2.683,2.683
APPLE_JONAGOLD,WHOLESALE,NL-NB,7016.65,Monthly,2025-01-01,2025-01-31,KG,2.656,2.656
APPLE_JONAGOLD,WHOLESALE,NL-NB,6669.27,Monthly,2025-02-01,2025-02-28,KG,2.653,2.653
APPLE_JONAGOLD,WHOLESALE,NL-NB,7820.54,Monthly,2025-03-01,2025-03-31,KG,2.675,2.675
APPLE_JONAGOLD,WHOLESALE,NL-NB,6879.860000000001,Monthly,2025-04-01,2025-04-30,KG,2.704,2.704
APPLE_JONAGOLD,WHOLESALE,NL-NB,6467.04,Monthly,2025-05-01,2025-05-31,KG,2.659,2.659
APPLE_JONAGOLD,WHOLESALE,NL-NB,5646.52,Monthly,2025-06-01,2025-06-30,KG,2.686,2.686
APPLE_JONAGOLD,WHOLESALE,NL-NB,5618.860000000001,Monthly,2025-07-01,2025-07-31,KG,2.648,2.648
APPLE_JONAGOLD,WHOLESALE,NL-NB,6162.46,Monthly,2025-08-01,2025-08-31,KG,2.287,2.287
APPLE_JONAGOLD,WHOLESALE,NL-NB,6806.0,Monthly,2025-09-01,2025-09-30,KG,2.17,2.17
APPLE_JONAGOLD,WHOLESALE,NL-NB,6648.12,Monthly,2025-10-01,2025-10-31,KG,2.167,2.167
APPLE_JONAGOLD,WHOLESALE,NL-NB,6913.91,Monthly,2025-11-01,2025-11-30,KG,2.165,2.165
APPLE_JONAGOLD,WHOLESALE,NL-NB,7618.22,Monthly,2025-12-01,2025-12-31,KG,2.662,2.662
APPLE_JONAGOLD,WHOLESALE,NL-NB,7249.54,Monthly,2026-01-01,2026-01-31,KG,2.671,2.671
APPLE_JONAGOLD,WHOLESALE,NL-NB,245.52,Monthly,2026-02-01,2026-02-28,KG,2.711,2.711
APPLE_JONAGOLD,WHOLESALE,NL-NH,6996.26,Monthly,2023-02-01,2023-02-28,KG,2.731,2.731
APPLE_JONAGOLD,WHOLESALE,NL-NH,6809.37,Monthly,2023-03-01,2023-03-31,KG,2.749,2.749
APPLE_JONAGOLD,WHOLESALE,NL-NH,6122.97,Monthly,2023-04-01,2023-04-30,KG,2.767,2.767
APPLE_JONAGOLD,WHOLESALE,NL-NH,6385.05,Monthly,2023-05-01,2023-05-31,KG,2.75,2.75
APPLE_JONAGOLD,WHOLESALE,NL-NH,5959.44,Monthly,2023-06-01,2023-06-30,KG,2.741,2.741
APPLE_JONAGOLD,WHOLESALE,NL-NH,5405.45,Monthly,2023-07-01,2023-07-31,KG,2.769,2.769
APPLE_JONAGOLD,WHOLESALE,NL-NH,5974.28,Monthly,2023-08-01,2023-08-31,KG,2.346,2.346
APPLE_JONAGOLD,WHOLESALE,NL-NH,6701.0,Monthly,2023-09-01,2023-09-30,KG,2.233,2.233
APPLE_JONAGOLD,WHOLESALE,NL-NH,6931.09,Monthly,2023-10-01,2023-10-31,KG,2.232,2.232
APPLE_JONAGOLD,WHOLESALE,NL-NH,6642.01,Monthly,2023-11-01,2023-11-30,KG,2.265,2.265
APPLE_JONAGOLD,WHOLESALE,NL-NH,7236.09,Monthly,2023-12-01,2023-12-31,KG,2.777,2.777
APPLE_JONAGOLD,WHOLESALE,NL-NH,7760.6,Monthly,2024-01-01,2024-01-31,KG,2.761,2.761
APPLE_JONAGOLD,WHOLESALE,NL-NH,6675.28,Monthly,2024-02-01,2024-02-29,KG,2.741,2.741
APPLE_JONAGOLD,WHOLESALE,NL-NH,7221.4400000000005,Monthly,2024-03-01,2024-03-31,KG,2.768,2.768
APPLE_JONAGOLD,WHOLESALE,NL-NH,6333.37,Monthly,2024-04-01,2024-04-30,KG,2.76,2.76
APPLE_JONAGOLD,WHOLESALE,NL-NH,5998.24,Monthly,2024-05-01,2024-05-31,KG,2.747,2.747
APPLE_JONAGOLD,WHOLESALE,NL-NH,5383.64,Monthly,2024-06-01,2024-06-30,KG,2.775,2.775
APPLE_JONAGOLD,WHOLESALE,NL-NH,5370.99,Monthly,2024-07-01,2024-07-31,KG,2.758,2.758
APPLE_JONAGOLD,WHOLESALE,NL-NH,6379.97,Monthly,2024-08-01,2024-08-31,KG,2.355,2.355
APPLE_JONAGOLD,WHOLESALE,NL-NH,6245.31,Monthly,2024-09-01,2024-09-30,KG,2.229,2.229
APPLE_JONAGOLD,WHOLESALE,NL-NH,7507.21,Monthly,2024-10-01,2024-10-31,KG,2.235,2.235
APPLE_JONAGOLD,WHOLESALE,NL-NH,6921.17,Monthly,2024-11-01,2024-11-30,KG,2.238,2.238
APPLE_JONAGOLD,WHOLESALE,NL-NH,7636.0,Monthly,2024-12-01,2024-12-31,KG,2.762,2.762
APPLE_JONAGOLD,WHOLESALE,NL-NH,7413.32,Monthly,2025-01-01,2025-01-31,KG,2.744,2.744
APPLE_JONAGOLD,WHOLESALE,NL-NH,6743.45,Monthly,2025-02-01,2025-02-28,KG,2.75,2.75
APPLE_JONAGOLD,WHOLESALE,NL-NH,7930.39,Monthly,2025-03-01,2025-03-31,KG,2.76,2.76
APPLE_JONAGOLD,WHOLESALE,NL-NH,7179.66,Monthly,2025-04-01,2025-04-30,KG,2.76,2.76
APPLE_JONAGOLD,WHOLESALE,NL-NH,6394.62,Monthly,2025-05-01,2025-05-31,KG,2.791,2.791
APPLE_JONAGOLD,WHOLESALE,NL-NH,5637.16,Monthly,2025-06-01,2025-06-30,KG,2.782,2.782
APPLE_JONAGOLD,WHOLESALE,NL-NH,5674.24,Monthly,2025-07-01,2025-07-31,KG,2.744,2.744
APPLE_JONAGOLD,WHOLESALE,NL-NH,6354.51,Monthly,2025-08-01,2025-08-31,KG,2.356,2.356
APPLE_JONAGOLD,WHOLESALE,NL-NH,6685.95,Monthly,2025-09-01,2025-09-30,KG,2.227,2.227
APPLE_JONAGOLD,WHOLESALE,NL-NH,6835.1,Monthly,2025-10-01,2025-10-31,KG,2.235,2.235
APPLE_JONAGOLD,WHOLESALE,NL-NH,7325.07,Monthly,2025-11-01,2025-11-30,KG,2.218,2.218
APPLE_JONAGOLD,WHOLESALE,NL-NH,7757.8,Monthly,2025-12-01,2025-12-31,KG,2.746,2.746
APPLE_JONAGOLD,WHOLESALE,NL-NH,7427.29,Monthly,2026-01-01,2026-01-31,KG,2.739,2.739
APPLE_JONAGOLD,WHOLESALE,NL-NH,202.91,Monthly,2026-02-01,2026-02-28,KG,2.814,2.814
