Data/History_121_Monthly.csv
ProductID,ChannelID,LocationID,Qty,Period,StartDate,EndDate,UOM,NetPrice,ListPrice
PEAR_ABATE,WHOLESALE,NL-ZH,5642.12,Monthly,2023-02-01,2023-02-28,KG,3.353,3.353
PEAR_ABATE,WHOLESALE,NL-ZH,5352.06,Monthly,2023-03-01,2023-03-31,KG,3.387,3.387
PEAR_ABATE,WHOLESALE,NL-ZH,4724.7,Monthly,2023-04-01,2023-04-30,KG,3.333,3.333
PEAR_ABATE,WHOLESALE,NL-ZH,5295.33,Monthly,2023-05-01,2023-05-31,KG,3.341,3.341
PEAR_ABATE,WHOLESALE,NL-ZH,5638.93,Monthly,2023-06-01,2023-06-30,KG,3.371,3.371
PEAR_ABATE,WHOLESALE,NL-ZH,5791.93,Monthly,2023-07-01,2023-07-31,KG,3.36,3.36
PEAR_ABATE,WHOLESALE,NL-ZH,6841.75,Monthly,2023-08-01,2023-08-31,KG,2.709,2.709
PEAR_ABATE,WHOLESALE,NL-ZH,7746.66,Monthly,2023-09-01,2023-09-30,KG,2.684,2.684
PEAR_ABATE,WHOLESALE,NL-ZH,7372.79,Monthly,2023-10-01,2023-10-31,KG,2.691,2.691
PEAR_ABATE,WHOLESALE,NL-ZH,6655.92,Monthly,2023-11-01,2023-11-30,KG,3.348,3.348
PEAR_ABATE,WHOLESALE,NL-ZH,6556.02,Monthly,2023-12-01,2023-12-31,KG,3.34,3.34
PEAR_ABATE,WHOLESALE,NL-ZH,6539.84,Monthly,2024-01-01,2024-01-31,KG,3.383,3.383
PEAR_ABATE,WHOLESALE,NL-ZH,5450.74,Monthly,2024-02-01,2024-02-29,KG,3.328,3.328
PEAR_ABATE,WHOLESALE,NL-ZH,5499.4,Monthly,2024-03-01,2024-03-31,KG,3.33,3.33
PEAR_ABATE,WHOLESALE,NL-ZH,4814.9,Monthly,2024-04-01,2024-04-30,KG,3.337,3.337
PEAR_ABATE,WHOLESALE,NL-ZH,5013.72,Monthly,2024-05-01,2024-05-31,KG,3.336,3.336
PEAR_ABATE,WHOLESALE,NL-ZH,5175.799999999999,Monthly,2024-06-01,2024-06-30,KG,3.343,3.343
PEAR_ABATE,WHOLESALE,NL-ZH,5941.18,Monthly,2024-07-01,2024-07-31,KG,3.338,3.338
PEAR_ABATE,WHOLESALE,NL-ZH,7135.89,Monthly,2024-08-01,2024-08-31,KG,2.664,2.664
PEAR_ABATE,WHOLESALE,NL-ZH,7055.74,Monthly,2024-09-01,2024-09-30,KG,2.682,2.682
PEAR_ABATE,WHOLESALE,NL-ZH,7738.469999999999,Monthly,2024-10-01,2024-10-31,KG,2.717,2.717
PEAR_ABATE,WHOLESALE,NL-ZH,6824.16,Monthly,2024-11-01,2024-11-30,KG,3.34,3.34
PEAR_ABATE,WHOLESALE,NL-ZH,6853.889999999999,Monthly,2024-12-01,2024-12-31,KG,3.353,3.353
PEAR_ABATE,WHOLESALE,NL-ZH,6256.46,Monthly,2025-01-01,2025-01-31,KG,3.363,3.363
PEAR_ABATE,WHOLESALE,NL-ZH,5478.57,Monthly,2025-02-01,2025-02-28,KG,3.341,3.341
PEAR_ABATE,WHOLESALE,NL-ZH,6296.43,Monthly,2025-03-01,2025-03-31,KG,3.327,3.327
PEAR_ABATE,WHOLESALE,NL-ZH,5771.33,Monthly,2025-04-01,2025-04-30,KG,3.356,3.356
PEAR_ABATE,WHOLESALE,NL-ZH,5470.77,Monthly,2025-05-01,2025-05-31,KG,3.379,3.379
PEAR_ABATE,WHOLESALE,NL-ZH,5247.63,Monthly,2025-06-01,2025-06-30,KG,3.344,3.344
PEAR_ABATE,WHOLESALE,NL-ZH,6378.27,Monthly,2025-07-01,2025-07-31,KG,3.328,3.328
PEAR_ABATE,WHOLESALE,NL-ZH,7304.44,Monthly,2025-08-01,2025-08-31,KG,2.707,2.707
PEAR_ABATE,WHOLESALE,NL-ZH,7746.89,Monthly,2025-09-01,2025-09-30,KG,2.677,2.677
PEAR_ABATE,WHOLESALE,NL-ZH,7689.2,Monthly,2025-10-01,2025-10-31,KG,2.676,2.676
PEAR_ABATE,WHOLESALE,NL-ZH,7055.32,Monthly,2025-11-01,2025-11-30,KG,3.341,3.341
PEAR_ABATE,WHOLESALE,NL-ZH,7483.93,Monthly,2025-12-01,2025-12-31,KG,3.324,3.324
PEAR_ABATE,WHOLESALE,NL-ZH,6307.27,Monthly,2026-01-01,2026-01-31,KG,3.355,3.355
PEAR_ABATE,WHOLESALE,NL-ZH,226.15,Monthly,2026-02-01,2026-02-28,KG,3.28,3.28
PEAR_COMICE,ONLINE,NL-GE,2789.5,Monthly,2023-02-01,2023-02-28,KG,3.069,3.069
PEAR_COMICE,ONLINE,NL-GE,2682.98,Monthly,2023-03-01,2023-03-31,KG,3.075,3.075
PEAR_COMICE,ONLINE,NL-GE,2577.76,Monthly,2023-04-01,2023-04-30,KG,3.038,3.038
PEAR_COMICE,ONLINE,NL-GE,2822.05,Monthly,2023-05-01,2023-05-31,KG,3.055,3.055
PEAR_COMICE,ONLINE,NL-GE,3019.04,Monthly,2023-06-01,2023-06-30,KG,3.08,3.08
PEAR_COMICE,ONLINE,NL-GE,3115.45,Monthly,2023-07-01,2023-07-31,KG,3.035,3.035
PEAR_COMICE,ONLINE,NL-GE,3702.08,Monthly,2023-08-01,2023-08-31,KG,2.473,2.473
PEAR_COMICE,ONLINE,NL-GE,4094.3900000000003,Monthly,2023-09-01,2023-09-30,KG,2.457,2.457
PEAR_COMICE,ONLINE,NL-GE,3884.5699999999997,Monthly,2023-10-01,2023-10-31,KG,2.489,2.489
PEAR_COMICE,ONLINE,NL-GE,3688.17,Monthly,2023-11-01,2023-11-30,KG,3.062,3.062
PEAR_COMICE,ONLINE,NL-GE,3469.35,Monthly,2023-12-01,2023-12-31,KG,3.068,3.068
PEAR_COMICE,ONLINE,NL-GE,3428.32,Monthly,2024-01-01,2024-01-31,KG,3.036,3.036
PEAR_COMICE,ONLINE,NL-GE,2794.75,Monthly,2024-02-01,2024-02-29,KG,3.091,3.091
PEAR_COMICE,ONLINE,NL-GE,3060.54,Monthly,2024-03-01,2024-03-31,KG,3.057,3.057
PEAR_COMICE,ONLINE,NL-GE,2594.5699999999997,Monthly,2024-04-01,2024-04-30,KG,3.022,3.022
PEAR_COMICE,ONLINE,NL-GE,2700.02,Monthly,2024-05-01,2024-05-31,KG,3.052,3.052
PEAR_COMICE,ONLINE,NL-GE,2779.99,Monthly,2024-06-01,2024-06-30,KG,2.99,3.065
PEAR_COMICE,ONLINE,NL-GE,3156.42,Monthly,2024-07-01,2024-07-31,KG,3.038,3.038
PEAR_COMICE,ONLINE,NL-GE,3796.42,Monthly,2024-08-01,2024-08-31,KG,2.471,2.471
PEAR_COMICE,ONLINE,NL-GE,3808.76,Monthly,2024-09-01,2024-09-30,KG,2.46,2.46
PEAR_COMICE,ONLINE,NL-GE,4228.27,Monthly,2024-10-01,2024-10-31,KG,2.43,2.43
PEAR_COMICE,ONLINE,NL-GE,3716.75,Monthly,2024-11-01,2024-11-30,KG,3.032,3.032
PEAR_COMICE,ONLINE,NL-GE,3559.99,Monthly,2024-12-01,2024-12-31,KG,3.051,3.051
PEAR_COMICE,ONLINE,NL-GE,3284.99,Monthly,2025-01-01,2025-01-31,KG,3.05,3.05
PEAR_COMICE,ONLINE,NL-GE,2802.17,Monthly,2025-02-01,2025-02-28,KG,3.067,3.067
PEAR_COMICE,ONLINE,NL-GE,3236.2799999999997,Monthly,2025-03-01,2025-03-31,KG,3.039,3.039
PEAR_COMICE,ONLINE,NL-GE,2911.99,Monthly,2025-04-01,2025-04-30,KG,3.049,3.049
PEAR_COMICE,ONLINE,NL-GE,2910.88,Monthly,2025-05-01,2025-05-31,KG,3.107,3.107
PEAR_COMICE,ONLINE,NL-GE,2871.62,Monthly,2025-06-01,2025-06-30,KG,3.09,3.09
PEAR_COMICE,ONLINE,NL-GE,3295.84,Monthly,2025-07-01,2025-07-31,KG,3.055,3.055
PEAR_COMICE,ONLINE,NL-GE,3963.49,Monthly,2025-08-01,2025-08-31,KG,2.461,2.461
PEAR_COMICE,ONLINE,NL-GE,4098.24,Monthly,2025-09-01,2025-09-30,KG,2.455,2.455
PEAR_COMICE,ONLINE,NL-GE,4046.46,Monthly,2025-10-01,2025-10-31,KG,2.46,2.46
PEAR_COMICE,ONLINE,NL-GE,3940.58,Monthly,2025-11-01,2025-11-30,KG,3.043,3.043
PEAR_COMICE,ONLINE,NL-GE,3835.1,Monthly,2025-12-01,2025-12-31,KG,3.056,3.056
PEAR_COMICE,ONLINE,NL-GE,3261.8,Monthly,2026-01-01,2026-01-31,KG,3.043,3.043
PEAR_COMICE,ONLINE,NL-GE,98.96000000000001,Monthly,2026-02-01,2026-02-28,KG,2.808,2.808
PEAR_COMICE,ONLINE,NL-NB,3001.22,Monthly,2023-02-01,2023-02-28,KG,3.154,3.154
PEAR_COMICE,ONLINE,NL-NB,2778.7200000000003,Monthly,2023-03-01,2023-03-31,KG,3.121,3.121
PEAR_COMICE,ONLINE,NL-NB,2592.46,Monthly,2023-04-01,2023-04-30,KG,3.117,3.117
PEAR_COMICE,ONLINE,NL-NB,2936.33,Monthly,2023-05-01,2023-05-31,KG,3.148,3.148
PEAR_COMICE,ONLINE,NL-NB,3058.9900000000002,Monthly,2023-06-01,2023-06-30,KG,3.108,3.108
PEAR_COMICE,ONLINE,NL-NB,3210.56,Monthly,2023-07-01,2023-07-31,KG,3.14,3.14
PEAR_COMICE,ONLINE,NL-NB,3836.71,Monthly,2023-08-01,2023-08-31,KG,2.542,2.542
PEAR_COMICE,ONLINE,NL-NB,4343.65,Monthly,2023-09-01,2023-09-30,KG,2.534,2.534
PEAR_COMICE,ONLINE,NL-NB,4158.63,Monthly,2023-10-01,2023-10-31,KG,2.552,2.552
PEAR_COMICE,ONLINE,NL-NB,3861.0699999999997,Monthly,2023-11-01,2023-11-30,KG,3.155,3.155
PEAR_COMICE,ONLINE,NL-NB,3630.25,Monthly,2023-12-01,2023-12-31,KG,3.132,3.132
PEAR_COMICE,ONLINE,NL-NB,3488.8999999999996,Monthly,2024-01-01,2024-01-31,KG,3.189,3.189
PEAR_COMICE,ONLINE,NL-NB,2884.3199999999997,Monthly,2024-02-01,2024-02-29,KG,3.11,3.11
PEAR_COMICE,ONLINE,NL-NB,3211.62,Monthly,2024-03-01,2024-03-31,KG,3.113,3.113
PEAR_COMICE,ONLINE,NL-NB,2608.64,Monthly,2024-04-01,2024-04-30,KG,3.143,3.143
PEAR_COMICE,ONLINE,NL-NB,2679.38,Monthly,2024-05-01,2024-05-31,KG,3.141,3.141
PEAR_COMICE,ONLINE,NL-NB,2924.84,Monthly,2024-06-01,2024-06-30,KG,3.159,3.159
PEAR_COMICE,ONLINE,NL-NB,3319.25,Monthly,2024-07-01,2024-07-31,KG,3.152,3.152
PEAR_COMICE,ONLINE,NL-NB,3922.4300000000003,Monthly,2024-08-01,2024-08-31,KG,2.528,2.528
PEAR_COMICE,ONLINE,NL-NB,3962.59,Monthly,2024-09-01,2024-09-30,KG,2.513,2.513
PEAR_COMICE,ONLINE,NL-NB,4204.8,Monthly,2024-10-01,2024-10-31,KG,2.515,2.515
PEAR_COMICE,ONLINE,NL-NB,3843.44,Monthly,2024-11-01,2024-11-30,KG,3.122,3.122
PEAR_COMICE,ONLINE,NL-NB,3776.62,Monthly,2024-12-01,2024-12-31,KG,3.154,3.154
PEAR_COMICE,ONLINE,NL-NB,3297.1400000000003,Monthly,2025-01-01,2025-01-31,KG,3.162,3.162
PEAR_COMICE,ONLINE,NL-NB,3115.46,Monthly,2025-02-01,2025-02-28,KG,3.105,3.105
PEAR_COMICE,ONLINE,NL-NB,3307.09,Monthly,2025-03-01,2025-03-31,KG,3.159,3.159
PEAR_COMICE,ONLINE,NL-NB,3019.5699999999997,Monthly,2025-04-01,2025-04-30,KG,3.137,3.137
PEAR_COMICE,ONLINE,NL-NB,3045.63,Monthly,2025-05-01,2025-05-31,KG,3.137,3.137
PEAR_COMICE,ONLINE,NL-NB,2958.89,Monthly,2025-06-01,2025-06-30,KG,3.172,3.172
PEAR_COMICE,ONLINE,NL-NB,3221.54,Monthly,2025-07-01,2025-07-31,KG,3.132,3.132
PEAR_COMICE,ONLINE,NL-NB,4080.74,Monthly,2025-08-01,2025-08-31,KG,2.515,2.515
PEAR_COMICE,ONLINE,NL-NB,4242.2,Monthly,2025-09-01,2025-09-30,KG,2.522,2.522
PEAR_COMICE,ONLINE,NL-NB,4078.21,Monthly,2025-10-01,2025-10-31,KG,2.54,2.54
PEAR_COMICE,ONLINE,NL-NB,4113.22,Monthly,2025-11-01,2025-11-30,KG,3.125,3.125
PEAR_COMICE,ONLINE,NL-NB,3985.6400000000003,Monthly,2025-12-01,2025-12-31,KG,3.176,3.176
PEAR_COMICE,ONLINE,NL-NB,3605.8999999999996,Monthly,2026-01-01,2026-01-31,KG,3.164,3.164
PEAR_COMICE,ONLINE,NL-NB,108.59,Monthly,2026-02-01,2026-02-28,KG,3.133,3.133
PEAR_COMICE,ONLINE,NL-NH,2958.65,Monthly,2023-02-01,2023-02-28,KG,3.262,3.262
PEAR_COMICE,ONLINE,NL-NH,2966.98,Monthly,2023-03-01,2023-03-31,KG,3.243,3.243
PEAR_COMICE,ONLINE,NL-NH,2738.45,Monthly,2023-04-01,2023-04-30,KG,3.236,3.236
PEAR_COMICE,ONLINE,NL-NH,3066.63,Monthly,2023-05-01,2023-05-31,KG,3.274,3.274
PEAR_COMICE,ONLINE,NL-NH,3160.5499999999997,Monthly,2023-06-01,2023-06-30,KG,3.247,3.247
PEAR_COMICE,ONLINE,NL-NH,3261.97,Monthly,2023-07-01,2023-07-31,KG,3.268,3.268
PEAR_COMICE,ONLINE,NL-NH,3816.12,Monthly,2023-08-01,2023-08-31,KG,2.597,2.597
PEAR_COMICE,ONLINE,NL-NH,4514.33,Monthly,2023-09-01,2023-09-30,KG,2.613,2.613
PEAR_COMICE,ONLINE,NL-NH,4058.5,Monthly,2023-10-01,2023-10-31,KG,2.608,2.608
PEAR_COMICE,ONLINE,NL-NH,3694.19,Monthly,2023-11-01,2023-11-30,KG,3.242,3.242
PEAR_COMICE,ONLINE,NL-NH,3827.99,Monthly,2023-12-01,2023-12-31,KG,3.235,3.235
PEAR_COMICE,ONLINE,NL-NH,3644.94,Monthly,2024-01-01,2024-01-31,KG,3.299,3.299
PEAR_COMICE,ONLINE,NL-NH,3047.2000000000003,Monthly,2024-02-01,2024-02-29,KG,3.237,3.237
PEAR_COMICE,ONLINE,NL-NH,3185.48,Monthly,2024-03-01,2024-03-31,KG,3.259,3.259
PEAR_COMICE,ONLINE,NL-NH,2775.2799999999997,Monthly,2024-04-01,2024-04-30,KG,3.234,3.234
PEAR_COMICE,ONLINE,NL-NH,2772.72,Monthly,2024-05-01,2024-05-31,KG,3.25,3.25
PEAR_COMICE,ONLINE,NL-NH,2880.88,Monthly,2024-06-01,2024-06-30,KG,3.272,3.272
PEAR_COMICE,ONLINE,NL-NH,3304.25,Monthly,2024-07-01,2024-07-31,KG,3.23,3.23
PEAR_COMICE,ONLINE,NL-NH,4161.4400000000005,Monthly,2024-08-01,2024-08-31,KG,2.625,2.625
PEAR_COMICE,ONLINE,NL-NH,3986.01,Monthly,2024-09-01,2024-09-30,KG,2.604,2.604
PEAR_COMICE,ONLINE,NL-NH,4549.42,Monthly,2024-10-01,2024-10-31,KG,2.61,2.61
PEAR_COMICE,ONLINE,NL-NH,3901.12,Monthly,2024-11-01,2024-11-30,KG,3.259,3.259
PEAR_COMICE,ONLINE,NL-NH,3919.72,Monthly,2024-12-01,2024-12-31,KG,3.254,3.254
PEAR_COMICE,ONLINE,NL-NH,3625.42,Monthly,2025-01-01,2025-01-31,KG,3.266,3.266
PEAR_COMICE,ONLINE,NL-NH,3220.37,Monthly,2025-02-01,2025-02-28,KG,3.24,3.24
PEAR_COMICE,ONLINE,NL-NH,3568.09,Monthly,2025-03-01,2025-03-31,KG,3.257,3.257
PEAR_COMICE,ONLINE,NL-NH,3140.84,Monthly,2025-04-01,2025-04-30,KG,3.267,3.267
PEAR_COMICE,ONLINE,NL-NH,3098.1,Monthly,2025-05-01,2025-05-31,KG,3.199,3.199
PEAR_COMICE,ONLINE,NL-NH,3035.04,Monthly,2025-06-01,2025-06-30,KG,3.24,3.24
PEAR_COMICE,ONLINE,NL-NH,3467.3599999999997,Monthly,2025-07-01,2025-07-31,KG,3.264,3.264
PEAR_COMICE,ONLINE,NL-NH,4045.85,Monthly,2025-08-01,2025-08-31,KG,2.597,2.597
PEAR_COMICE,ONLINE,NL-NH,4240.81,Monthly,2025-09-01,2025-09-30,KG,2.635,2.635
PEAR_COMICE,ONLINE,NL-NH,4167.15,Monthly,2025-10-01,2025-10-31,KG,2.589,2.589
PEAR_COMICE,ONLINE,NL-NH,4100.55,Monthly,2025-11-01,2025-11-30,KG,3.268,3.268
PEAR_COMICE,ONLINE,NL-NH,4149.09,Monthly,2025-12-01,2025-12-31,KG,3.265,3.265
PEAR_COMICE,ONLINE,NL-NH,3560.07,Monthly,2026-01-01,2026-01-31,KG,3.267,3.267
PEAR_COMICE,ONLINE,NL-NH,106.95,Monthly,2026-02-01,2026-02-28,KG,3.399,3.399
PEAR_COMICE,ONLINE,NL-ZH,3089.05,Monthly,2023-02-01,2023-02-28,KG,3.345,3.345
PEAR_COMICE,ONLINE,NL-ZH,3014.42,Monthly,2023-03-01,2023-03-31,KG,3.316,3.316
PEAR_COMICE,ONLINE,NL-ZH,2817.25,Monthly,2023-04-01,2023-04-30,KG,3.362,3.362
PEAR_COMICE,ONLINE,NL-ZH,3108.5,Monthly,2023-05-01,2023-05-31,KG,3.366,3.366
PEAR_COMICE,ONLINE,NL-ZH,3352.74,Monthly,2023-06-01,2023-06-30,KG,3.377,3.377
PEAR_COMICE,ONLINE,NL-ZH,3408.0,Monthly,2023-07-01,2023-07-31,KG,3.369,3.369
PEAR_COMICE,ONLINE,NL-ZH,4052.5600000000004,Monthly,2023-08-01,2023-08-31,KG,2.702,2.702
PEAR_COMICE,ONLINE,NL-ZH,4620.5599999999995,Monthly,2023-09-01,2023-09-30,KG,2.644,2.644
PEAR_COMICE,ONLINE,NL-ZH,4375.55,Monthly,2023-10-01,2023-10-31,KG,2.692,2.692
PEAR_COMICE,ONLINE,NL-ZH,3950.36,Monthly,2023-11-01,2023-11-30,KG,3.367,3.367
PEAR_COMICE,ONLINE,NL-ZH,3892.79,Monthly,2023-12-01,2023-12-31,KG,3.328,3.328
PEAR_COMICE,ONLINE,NL-ZH,3779.51,Monthly,2024-01-01,2024-01-31,KG,3.335,3.335
PEAR_COMICE,ONLINE,NL-ZH,3144.74,Monthly,2024-02-01,2024-02-29,KG,3.387,3.387
PEAR_COMICE,ONLINE,NL-ZH,3269.57,Monthly,2024-03-01,2024-03-31,KG,3.355,3.355
PEAR_COMICE,ONLINE,NL-ZH,2934.7799999999997,Monthly,2024-04-01,2024-04-30,KG,3.397,3.397
PEAR_COMICE,ONLINE,NL-ZH,2964.17,Monthly,2024-05-01,2024-05-31,KG,3.305,3.305
PEAR_COMICE,ONLINE,NL-ZH,3096.9,Monthly,2024-06-01,2024-06-30,KG,3.368,3.368
PEAR_COMICE,ONLINE,NL-ZH,3419.89,Monthly,2024-07-01,2024-07-31,KG,3.345,3.345
PEAR_COMICE,ONLINE,NL-ZH,4066.94,Monthly,2024-08-01,2024-08-31,KG,2.677,2.677
PEAR_COMICE,ONLINE,NL-ZH,4167.47,Monthly,2024-09-01,2024-09-30,KG,2.676,2.676
PEAR_COMICE,ONLINE,NL-ZH,4459.98,Monthly,2024-10-01,2024-10-31,KG,2.676,2.676
PEAR_COMICE,ONLINE,NL-ZH,3995.59,Monthly,2024-11-01,2024-11-30,KG,3.386,3.386
PEAR_COMICE,ONLINE,NL-ZH,4058.04,Monthly,2024-12-01,2024-12-31,KG,3.316,3.316
PEAR_COMICE,ONLINE,NL-ZH,3661.8,Monthly,2025-01-01,2025-01-31,KG,3.389,3.389
PEAR_COMICE,ONLINE,NL-ZH,3154.7,Monthly,2025-02-01,2025-02-28,KG,3.345,3.345
PEAR_COMICE,ONLINE,NL-ZH,3573.11,Monthly,2025-03-01,2025-03-31,KG,3.325,3.325
PEAR_COMICE,ONLINE,NL-ZH,3345.58,Monthly,2025-04-01,2025-04-30,KG,3.326,3.326
PEAR_COMICE,ONLINE,NL-ZH,3217.5699999999997,Monthly,2025-05-01,2025-05-31,KG,3.343,3.343
PEAR_COMICE,ONLINE,NL-ZH,3400.84,Monthly,2025-06-01,2025-06-30,KG,3.168,3.315
PEAR_COMICE,ONLINE,NL-ZH,3559.26,Monthly,2025-07-01,2025-07-31,KG,3.37,3.37
PEAR_COMICE,ONLINE,NL-ZH,4190.860000000001,Monthly,2025-08-01,2025-08-31,KG,2.686,2.686
PEAR_COMICE,ONLINE,NL-ZH,4347.639999999999,Monthly,2025-09-01,2025-09-30,KG,2.668,2.668
PEAR_COMICE,ONLINE,NL-ZH,4230.72,Monthly,2025-10-01,2025-10-31,KG,2.691,2.691
PEAR_COMICE,ONLINE,NL-ZH,4078.2799999999997,Monthly,2025-11-01,2025-11-30,KG,3.286,3.286
PEAR_COMICE,ONLINE,NL-ZH,4241.54,Monthly,2025-12-01,2025-12-31,KG,3.347,3.347
PEAR_COMICE,ONLINE,NL-ZH,3727.38,Monthly,2026-01-01,2026-01-31,KG,3.368,3.368
PEAR_COMICE,ONLINE,NL-ZH,112.0,Monthly,2026-02-01,2026-02-28,KG,3.239,3.239
PEAR_COMICE,RETAIL,NL-GE,5994.4400000000005,Monthly,2023-02-01,2023-02-28,KG,2.887,3.043
PEAR_COMICE,RETAIL,NL-GE,5324.49,Monthly,2023-03-01,2023-03-31,KG,3.058,3.058
PEAR_COMICE,RETAIL,NL-GE,5176.11,Monthly,2023-04-01,2023-04-30,KG,3.019,3.019
PEAR_COMICE,RETAIL,NL-GE,5447.17,Monthly,2023-05-01,2023-05-31,KG,3.077,3.077
PEAR_COMICE,RETAIL,NL-GE,5703.74,Monthly,2023-06-01,2023-06-30,KG,3.076,3.076
PEAR_COMICE,RETAIL,NL-GE,6484.45,Monthly,2023-07-01,2023-07-31,KG,3.005,3.062
PEAR_COMICE,RETAIL,NL-GE,6951.299999999999,Monthly,2023-08-01,2023-08-31,KG,2.459,2.459
PEAR_COMICE,RETAIL,NL-GE,8443.54,Monthly,2023-09-01,2023-09-30,KG,2.468,2.468
PEAR_COMICE,RETAIL,NL-GE,7544.17,Monthly,2023-10-01,2023-10-31,KG,2.471,2.471
PEAR_COMICE,RETAIL,NL-GE,7122.72,Monthly,2023-11-01,2023-11-30,KG,3.062,3.062
PEAR_COMICE,RETAIL,NL-GE,6914.73,Monthly,2023-12-01,2023-12-31,KG,3.022,3.022
PEAR_COMICE,RETAIL,NL-GE,6762.84,Monthly,2024-01-01,2024-01-31,KG,3.061,3.061
PEAR_COMICE,RETAIL,NL-GE,5413.96,Monthly,2024-02-01,2024-02-29,KG,3.037,3.037
PEAR_COMICE,RETAIL,NL-GE,6125.71,Monthly,2024-03-01,2024-03-31,KG,3.084,3.084
PEAR_COMICE,RETAIL,NL-GE,5118.59,Monthly,2024-04-01,2024-04-30,KG,3.072,3.072
PEAR_COMICE,RETAIL,NL-GE,5491.33,Monthly,2024-05-01,2024-05-31,KG,3.047,3.047
PEAR_COMICE,RETAIL,NL-GE,5486.7,Monthly,2024-06-01,2024-06-30,KG,3.017,3.017
PEAR_COMICE,RETAIL,NL-GE,6162.61,Monthly,2024-07-01,2024-07-31,KG,3.04,3.04
PEAR_COMICE,RETAIL,NL-GE,7565.74,Monthly,2024-08-01,2024-08-31,KG,2.45,2.45
PEAR_COMICE,RETAIL,NL-GE,7897.299999999999,Monthly,2024-09-01,2024-09-30,KG,2.46,2.46
PEAR_COMICE,RETAIL,NL-GE,8213.46,Monthly,2024-10-01,2024-10-31,KG,2.466,2.466
PEAR_COMICE,RETAIL,NL-GE,7173.02,Monthly,2024-11-01,2024-11-30,KG,3.066,3.066
PEAR_COMICE,RETAIL,NL-GE,7921.47,Monthly,2024-12-01,2024-12-31,KG,2.791,3.041
PEAR_COMICE,RETAIL,NL-GE,6871.99,Monthly,2025-01-01,2025-01-31,KG,3.048,3.048
PEAR_COMICE,RETAIL,NL-GE,5849.37,Monthly,2025-02-01,2025-02-28,KG,3.031,3.031
PEAR_COMICE,RETAIL,NL-GE,6634.42,Monthly,2025-03-01,2025-03-31,KG,3.091,3.091
PEAR_COMICE,RETAIL,NL-GE,5686.96,Monthly,2025-04-01,2025-04-30,KG,3.035,3.035
PEAR_COMICE,RETAIL,NL-GE,5742.5599999999995,Monthly,2025-05-01,2025-05-31,KG,3.031,3.031
PEAR_COMICE,RETAIL,NL-GE,5782.0,Monthly,2025-06-01,2025-06-30,KG,3.089,3.089
PEAR_COMICE,RETAIL,NL-GE,6852.639999999999,Monthly,2025-07-01,2025-07-31,KG,2.957,3.025
PEAR_COMICE,RETAIL,NL-GE,8720.96,Monthly,2025-08-01,2025-08-31,KG,2.282,2.47
PEAR_COMICE,RETAIL,NL-GE,8068.95,Monthly,2025-09-01,2025-09-30,KG,2.446,2.446
PEAR_COMICE,RETAIL,NL-GE,8080.42,Monthly,2025-10-01,2025-10-31,KG,2.469,2.469
PEAR_COMICE,RETAIL,NL-GE,7683.46,Monthly,2025-11-01,2025-11-30,KG,3.039,3.039
PEAR_COMICE,RETAIL,NL-GE,7476.27,Monthly,2025-12-01,2025-12-31,KG,3.071,3.071
PEAR_COMICE,RETAIL,NL-GE,6698.950000000001,Monthly,2026-01-01,2026-01-31,KG,3.004,3.004
PEAR_COMICE,RETAIL,NL-GE,311.52,Monthly,2026-02-01,2026-02-28,KG,2.823,2.823
