Data/History_121_Monthly.csv
ProductID,ChannelID,LocationID,Qty,Period,StartDate,EndDate,UOM,NetPrice,ListPrice
PEAR_COMICE,RETAIL,NL-NB,5844.4,Monthly,2023-02-01,2023-02-28,KG,3.154,3.154
PEAR_COMICE,RETAIL,NL-NB,5742.389999999999,Monthly,2023-03-01,2023-03-31,KG,3.156,3.156
PEAR_COMICE,RETAIL,NL-NB,5125.4,Monthly,2023-04-01,2023-04-30,KG,3.179,3.179
PEAR_COMICE,RETAIL,NL-NB,5688.110000000001,Monthly,2023-05-01,2023-05-31,KG,3.124,3.124
PEAR_COMICE,RETAIL,NL-NB,6055.35,Monthly,2023-06-01,2023-06-30,KG,3.158,3.158
PEAR_COMICE,RETAIL,NL-NB,6453.6,Monthly,2023-07-01,2023-07-31,KG,3.17,3.17
PEAR_COMICE,RETAIL,NL-NB,7300.62,Monthly,2023-08-01,2023-08-31,KG,2.571,2.571
PEAR_COMICE,RETAIL,NL-NB,8810.970000000001,Monthly,2023-09-01,2023-09-30,KG,2.53,2.53
PEAR_COMICE,RETAIL,NL-NB,8294.220000000001,Monthly,2023-10-01,2023-10-31,KG,2.523,2.523
PEAR_COMICE,RETAIL,NL-NB,7325.41,Monthly,2023-11-01,2023-11-30,KG,3.145,3.145
PEAR_COMICE,RETAIL,NL-NB,7281.04,Monthly,2023-12-01,2023-12-31,KG,3.144,3.144
PEAR_COMICE,RETAIL,NL-NB,6923.3,Monthly,2024-01-01,2024-01-31,KG,3.123,3.123
PEAR_COMICE,RETAIL,NL-NB,5736.889999999999,Monthly,2024-02-01,2024-02-29,KG,3.138,3.138
PEAR_COMICE,RETAIL,NL-NB,6296.030000000001,Monthly,2024-03-01,2024-03-31,KG,3.136,3.136
PEAR_COMICE,RETAIL,NL-NB,5229.32,Monthly,2024-04-01,2024-04-30,KG,3.146,3.146
PEAR_COMICE,RETAIL,NL-NB,5292.2,Monthly,2024-05-01,2024-05-31,KG,3.127,3.127
PEAR_COMICE,RETAIL,NL-NB,5605.6,Monthly,2024-06-01,2024-06-30,KG,3.141,3.141
PEAR_COMICE,RETAIL,NL-NB,6523.68,Monthly,2024-07-01,2024-07-31,KG,3.143,3.143
PEAR_COMICE,RETAIL,NL-NB,8511.11,Monthly,2024-08-01,2024-08-31,KG,2.363,2.526
PEAR_COMICE,RETAIL,NL-NB,8379.52,Monthly,2024-09-01,2024-09-30,KG,2.541,2.541
PEAR_COMICE,RETAIL,NL-NB,7931.03,Monthly,2024-10-01,2024-10-31,KG,2.549,2.549
PEAR_COMICE,RETAIL,NL-NB,7643.55,Monthly,2024-11-01,2024-11-30,KG,3.13,3.13
PEAR_COMICE,RETAIL,NL-NB,7483.82,Monthly,2024-12-01,2024-12-31,KG,3.177,3.177
PEAR_COMICE,RETAIL,NL-NB,6612.360000000001,Monthly,2025-01-01,2025-01-31,KG,3.122,3.122
PEAR_COMICE,RETAIL,NL-NB,5868.1,Monthly,2025-02-01,2025-02-28,KG,3.174,3.174
PEAR_COMICE,RETAIL,NL-NB,6827.53,Monthly,2025-03-01,2025-03-31,KG,3.159,3.159
PEAR_COMICE,RETAIL,NL-NB,5898.48,Monthly,2025-04-01,2025-04-30,KG,3.131,3.131
PEAR_COMICE,RETAIL,NL-NB,5961.46,Monthly,2025-05-01,2025-05-31,KG,3.143,3.143
PEAR_COMICE,RETAIL,NL-NB,6247.62,Monthly,2025-06-01,2025-06-30,KG,3.054,3.155
PEAR_COMICE,RETAIL,NL-NB,6693.32,Monthly,2025-07-01,2025-07-31,KG,3.139,3.139
PEAR_COMICE,RETAIL,NL-NB,7838.42,Monthly,2025-08-01,2025-08-31,KG,2.532,2.532
PEAR_COMICE,RETAIL,NL-NB,8401.4,Monthly,2025-09-01,2025-09-30,KG,2.55,2.55
PEAR_COMICE,RETAIL,NL-NB,7915.37,Monthly,2025-10-01,2025-10-31,KG,2.496,2.496
PEAR_COMICE,RETAIL,NL-NB,8004.5199999999995,Monthly,2025-11-01,2025-11-30,KG,3.109,3.109
PEAR_COMICE,RETAIL,NL-NB,7801.88,Monthly,2025-12-01,2025-12-31,KG,3.151,3.151
PEAR_COMICE,RETAIL,NL-NB,6848.07,Monthly,2026-01-01,2026-01-31,KG,3.17,3.17
PEAR_COMICE,RETAIL,NL-NB,234.17,Monthly,2026-02-01,2026-02-28,KG,3.337,3.337
PEAR_COMICE,RETAIL,NL-NH,7056.0,Monthly,2023-02-01,2023-02-28,KG,3.029,3.228
PEAR_COMICE,RETAIL,NL-NH,5815.5,Monthly,2023-03-01,2023-03-31,KG,3.256,3.259
PEAR_COMICE,RETAIL,NL-NH,5376.76,Monthly,2023-04-01,2023-04-30,KG,3.275,3.288
PEAR_COMICE,RETAIL,NL-NH,6014.87,Monthly,2023-05-01,2023-05-31,KG,3.238,3.238
PEAR_COMICE,RETAIL,NL-NH,6318.039999999999,Monthly,2023-06-01,2023-06-30,KG,3.25,3.25
PEAR_COMICE,RETAIL,NL-NH,6769.700000000001,Monthly,2023-07-01,2023-07-31,KG,3.233,3.233
PEAR_COMICE,RETAIL,NL-NH,7580.8099999999995,Monthly,2023-08-01,2023-08-31,KG,2.61,2.61
PEAR_COMICE,RETAIL,NL-NH,8889.64,Monthly,2023-09-01,2023-09-30,KG,2.631,2.631
PEAR_COMICE,RETAIL,NL-NH,8046.14,Monthly,2023-10-01,2023-10-31,KG,2.609,2.609
PEAR_COMICE,RETAIL,NL-NH,7238.57,Monthly,2023-11-01,2023-11-30,KG,3.26,3.26
PEAR_COMICE,RETAIL,NL-NH,7515.34,Monthly,2023-12-01,2023-12-31,KG,3.259,3.259
PEAR_COMICE,RETAIL,NL-NH,7068.76,Monthly,2024-01-01,2024-01-31,KG,3.228,3.228
PEAR_COMICE,RETAIL,NL-NH,5739.6,Monthly,2024-02-01,2024-02-29,KG,3.231,3.231
PEAR_COMICE,RETAIL,NL-NH,6280.13,Monthly,2024-03-01,2024-03-31,KG,3.283,3.283
PEAR_COMICE,RETAIL,NL-NH,5352.77,Monthly,2024-04-01,2024-04-30,KG,3.226,3.226
PEAR_COMICE,RETAIL,NL-NH,5455.85,Monthly,2024-05-01,2024-05-31,KG,3.283,3.283
PEAR_COMICE,RETAIL,NL-NH,5733.23,Monthly,2024-06-01,2024-06-30,KG,3.251,3.251
PEAR_COMICE,RETAIL,NL-NH,6424.24,Monthly,2024-07-01,2024-07-31,KG,3.256,3.256
PEAR_COMICE,RETAIL,NL-NH,8266.65,Monthly,2024-08-01,2024-08-31,KG,2.622,2.622
PEAR_COMICE,RETAIL,NL-NH,8154.1900000000005,Monthly,2024-09-01,2024-09-30,KG,2.622,2.622
PEAR_COMICE,RETAIL,NL-NH,9260.41,Monthly,2024-10-01,2024-10-31,KG,2.593,2.593
PEAR_COMICE,RETAIL,NL-NH,7675.6,Monthly,2024-11-01,2024-11-30,KG,3.242,3.242
PEAR_COMICE,RETAIL,NL-NH,7761.82,Monthly,2024-12-01,2024-12-31,KG,3.241,3.241
PEAR_COMICE,RETAIL,NL-NH,7406.650000000001,Monthly,2025-01-01,2025-01-31,KG,3.234,3.265
PEAR_COMICE,RETAIL,NL-NH,6014.86,Monthly,2025-02-01,2025-02-28,KG,3.196,3.196
PEAR_COMICE,RETAIL,NL-NH,7021.76,Monthly,2025-03-01,2025-03-31,KG,3.233,3.233
PEAR_COMICE,RETAIL,NL-NH,6160.24,Monthly,2025-04-01,2025-04-30,KG,3.213,3.213
PEAR_COMICE,RETAIL,NL-NH,6267.46,Monthly,2025-05-01,2025-05-31,KG,3.253,3.253
PEAR_COMICE,RETAIL,NL-NH,5847.47,Monthly,2025-06-01,2025-06-30,KG,3.239,3.239
PEAR_COMICE,RETAIL,NL-NH,6504.129999999999,Monthly,2025-07-01,2025-07-31,KG,3.228,3.228
PEAR_COMICE,RETAIL,NL-NH,8300.76,Monthly,2025-08-01,2025-08-31,KG,2.614,2.614
PEAR_COMICE,RETAIL,NL-NH,8247.4,Monthly,2025-09-01,2025-09-30,KG,2.601,2.601
PEAR_COMICE,RETAIL,NL-NH,7893.460000000001,Monthly,2025-10-01,2025-10-31,KG,2.631,2.631
PEAR_COMICE,RETAIL,NL-NH,8097.16,Monthly,2025-11-01,2025-11-30,KG,3.257,3.257
PEAR_COMICE,RETAIL,NL-NH,7956.01,Monthly,2025-12-01,2025-12-31,KG,3.239,3.239
PEAR_COMICE,RETAIL,NL-NH,7007.629999999999,Monthly,2026-01-01,2026-01-31,KG,3.275,3.275
PEAR_COMICE,RETAIL,NL-NH,233.35,Monthly,2026-02-01,2026-02-28,KG,3.504,3.504
PEAR_COMICE,RETAIL,NL-ZH,6185.15,Monthly,2023-02-01,2023-02-28,KG,3.319,3.319
PEAR_COMICE,RETAIL,NL-ZH,5950.4,Monthly,2023-03-01,2023-03-31,KG,3.361,3.361
PEAR_COMICE,RETAIL,NL-ZH,5755.67,Monthly,2023-04-01,2023-04-30,KG,3.353,3.353
PEAR_COMICE,RETAIL,NL-ZH,6065.3,Monthly,2023-05-01,2023-05-31,KG,3.348,3.348
PEAR_COMICE,RETAIL,NL-ZH,6598.76,Monthly,2023-06-01,2023-06-30,KG,3.399,3.399
PEAR_COMICE,RETAIL,NL-ZH,6798.8099999999995,Monthly,2023-07-01,2023-07-31,KG,3.351,3.351
PEAR_COMICE,RETAIL,NL-ZH,7927.2,Monthly,2023-08-01,2023-08-31,KG,2.682,2.682
PEAR_COMICE,RETAIL,NL-ZH,8959.91,Monthly,2023-09-01,2023-09-30,KG,2.701,2.701
PEAR_COMICE,RETAIL,NL-ZH,8561.99,Monthly,2023-10-01,2023-10-31,KG,2.712,2.712
PEAR_COMICE,RETAIL,NL-ZH,7515.45,Monthly,2023-11-01,2023-11-30,KG,3.358,3.358
PEAR_COMICE,RETAIL,NL-ZH,7594.120000000001,Monthly,2023-12-01,2023-12-31,KG,3.333,3.333
PEAR_COMICE,RETAIL,NL-ZH,7479.58,Monthly,2024-01-01,2024-01-31,KG,3.33,3.33
PEAR_COMICE,RETAIL,NL-ZH,6243.8,Monthly,2024-02-01,2024-02-29,KG,3.36,3.36
PEAR_COMICE,RETAIL,NL-ZH,6385.79,Monthly,2024-03-01,2024-03-31,KG,3.319,3.319
PEAR_COMICE,RETAIL,NL-ZH,5508.21,Monthly,2024-04-01,2024-04-30,KG,3.346,3.346
PEAR_COMICE,RETAIL,NL-ZH,5825.389999999999,Monthly,2024-05-01,2024-05-31,KG,3.304,3.304
PEAR_COMICE,RETAIL,NL-ZH,6042.9400000000005,Monthly,2024-06-01,2024-06-30,KG,3.396,3.396
PEAR_COMICE,RETAIL,NL-ZH,6548.17,Monthly,2024-07-01,2024-07-31,KG,3.348,3.348
PEAR_COMICE,RETAIL,NL-ZH,8332.75,Monthly,2024-08-01,2024-08-31,KG,2.684,2.684
PEAR_COMICE,RETAIL,NL-ZH,8074.860000000001,Monthly,2024-09-01,2024-09-30,KG,2.655,2.655
PEAR_COMICE,RETAIL,NL-ZH,9394.51,Monthly,2024-10-01,2024-10-31,KG,2.695,2.695
PEAR_COMICE,RETAIL,NL-ZH,8075.59,Monthly,2024-11-01,2024-11-30,KG,3.372,3.372
PEAR_COMICE,RETAIL,NL-ZH,7905.71,Monthly,2024-12-01,2024-12-31,KG,3.3,3.3
PEAR_COMICE,RETAIL,NL-ZH,7360.639999999999,Monthly,2025-01-01,2025-01-31,KG,3.323,3.323
PEAR_COMICE,RETAIL,NL-ZH,6405.3099999999995,Monthly,2025-02-01,2025-02-28,KG,3.34,3.34
PEAR_COMICE,RETAIL,NL-ZH,7410.33,Monthly,2025-03-01,2025-03-31,KG,3.352,3.352
PEAR_COMICE,RETAIL,NL-ZH,6374.23,Monthly,2025-04-01,2025-04-30,KG,3.336,3.336
PEAR_COMICE,RETAIL,NL-ZH,6384.219999999999,Monthly,2025-05-01,2025-05-31,KG,3.338,3.338
PEAR_COMICE,RETAIL,NL-ZH,6241.67,Monthly,2025-06-01,2025-06-30,KG,3.384,3.384
PEAR_COMICE,RETAIL,NL-ZH,7144.07,Monthly,2025-07-01,2025-07-31,KG,3.359,3.359
PEAR_COMICE,RETAIL,NL-ZH,8472.28,Monthly,2025-08-01,2025-08-31,KG,2.702,2.702
PEAR_COMICE,RETAIL,NL-ZH,8683.22,Monthly,2025-09-01,2025-09-30,KG,2.695,2.695
PEAR_COMICE,RETAIL,NL-ZH,8657.24,Monthly,2025-10-01,2025-10-31,KG,2.702,2.702
PEAR_COMICE,RETAIL,NL-ZH,8224.78,Monthly,2025-11-01,2025-11-30,KG,3.322,3.322
PEAR_COMICE,RETAIL,NL-ZH,8687.51,Monthly,2025-12-01,2025-12-31,KG,3.325,3.325
PEAR_COMICE,RETAIL,NL-ZH,7552.6900000000005,Monthly,2026-01-01,2026-01-31,KG,3.323,3.323
PEAR_COMICE,RETAIL,NL-ZH,325.44,Monthly,2026-02-01,2026-02-28,KG,3.299,3.299
PEAR_COMICE,WHOLESALE,NL-GE,4916.71,Monthly,2023-02-01,2023-02-28,KG,3.071,3.071
PEAR_COMICE,WHOLESALE,NL-GE,4724.8,Monthly,2023-03-01,2023-03-31,KG,3.039,3.039
PEAR_COMICE,WHOLESALE,NL-GE,4332.65,Monthly,2023-04-01,2023-04-30,KG,3.076,3.076
PEAR_COMICE,WHOLESALE,NL-GE,4868.03,Monthly,2023-05-01,2023-05-31,KG,3.062,3.062
PEAR_COMICE,WHOLESALE,NL-GE,4979.530000000001,Monthly,2023-06-01,2023-06-30,KG,3.079,3.079
PEAR_COMICE,WHOLESALE,NL-GE,5173.88,Monthly,2023-07-01,2023-07-31,KG,3.047,3.047
PEAR_COMICE,WHOLESALE,NL-GE,6158.52,Monthly,2023-08-01,2023-08-31,KG,2.456,2.456
PEAR_COMICE,WHOLESALE,NL-GE,7375.48,Monthly,2023-09-01,2023-09-30,KG,2.487,2.487
PEAR_COMICE,WHOLESALE,NL-GE,6634.88,Monthly,2023-10-01,2023-10-31,KG,2.433,2.433
PEAR_COMICE,WHOLESALE,NL-GE,6183.01,Monthly,2023-11-01,2023-11-30,KG,3.042,3.042
PEAR_COMICE,WHOLESALE,NL-GE,5879.25,Monthly,2023-12-01,2023-12-31,KG,3.09,3.09
PEAR_COMICE,WHOLESALE,NL-GE,5708.61,Monthly,2024-01-01,2024-01-31,KG,3.049,3.049
PEAR_COMICE,WHOLESALE,NL-GE,4841.639999999999,Monthly,2024-02-01,2024-02-29,KG,3.069,3.069
PEAR_COMICE,WHOLESALE,NL-GE,5216.45,Monthly,2024-03-01,2024-03-31,KG,3.067,3.067
PEAR_COMICE,WHOLESALE,NL-GE,4363.33,Monthly,2024-04-01,2024-04-30,KG,3.043,3.043
PEAR_COMICE,WHOLESALE,NL-GE,4656.42,Monthly,2024-05-01,2024-05-31,KG,3.075,3.075
PEAR_COMICE,WHOLESALE,NL-GE,4636.08,Monthly,2024-06-01,2024-06-30,KG,3.073,3.073
PEAR_COMICE,WHOLESALE,NL-GE,5438.46,Monthly,2024-07-01,2024-07-31,KG,3.015,3.015
PEAR_COMICE,WHOLESALE,NL-GE,6360.66,Monthly,2024-08-01,2024-08-31,KG,2.464,2.464
PEAR_COMICE,WHOLESALE,NL-GE,6647.01,Monthly,2024-09-01,2024-09-30,KG,2.479,2.479
PEAR_COMICE,WHOLESALE,NL-GE,7016.6,Monthly,2024-10-01,2024-10-31,KG,2.44,2.44
PEAR_COMICE,WHOLESALE,NL-GE,6526.77,Monthly,2024-11-01,2024-11-30,KG,3.054,3.054
PEAR_COMICE,WHOLESALE,NL-GE,6273.9,Monthly,2024-12-01,2024-12-31,KG,3.047,3.047
PEAR_COMICE,WHOLESALE,NL-GE,5669.92,Monthly,2025-01-01,2025-01-31,KG,3.045,3.045
PEAR_COMICE,WHOLESALE,NL-GE,4820.09,Monthly,2025-02-01,2025-02-28,KG,3.067,3.067
PEAR_COMICE,WHOLESALE,NL-GE,5624.219999999999,Monthly,2025-03-01,2025-03-31,KG,3.043,3.043
PEAR_COMICE,WHOLESALE,NL-GE,4944.5,Monthly,2025-04-01,2025-04-30,KG,3.059,3.059
PEAR_COMICE,WHOLESALE,NL-GE,4796.5599999999995,Monthly,2025-05-01,2025-05-31,KG,3.054,3.054
PEAR_COMICE,WHOLESALE,NL-GE,4881.78,Monthly,2025-06-01,2025-06-30,KG,3.05,3.05
PEAR_COMICE,WHOLESALE,NL-GE,5583.37,Monthly,2025-07-01,2025-07-31,KG,3.063,3.063
PEAR_COMICE,WHOLESALE,NL-GE,6541.76,Monthly,2025-08-01,2025-08-31,KG,2.441,2.441
PEAR_COMICE,WHOLESALE,NL-GE,6743.12,Monthly,2025-09-01,2025-09-30,KG,2.45,2.45
PEAR_COMICE,WHOLESALE,NL-GE,6706.42,Monthly,2025-10-01,2025-10-31,KG,2.45,2.45
PEAR_COMICE,WHOLESALE,NL-GE,6450.85,Monthly,2025-11-01,2025-11-30,KG,3.072,3.072
PEAR_COMICE,WHOLESALE,NL-GE,6606.5,Monthly,2025-12-01,2025-12-31,KG,3.067,3.067
PEAR_COMICE,WHOLESALE,NL-GE,5683.18,Monthly,2026-01-01,2026-01-31,KG,3.054,3.054
PEAR_COMICE,WHOLESALE,NL-GE,173.49,Monthly,2026-02-01,2026-02-28,KG,3.166,3.166
PEAR_COMICE,WHOLESALE,NL-NB,5091.55,Monthly,2023-02-01,2023-02-28,KG,3.141,3.141
PEAR_COMICE,WHOLESALE,NL-NB,4786.2300000000005,Monthly,2023-03-01,2023-03-31,KG,3.147,3.147
PEAR_COMICE,WHOLESALE,NL-NB,4389.049999999999,Monthly,2023-04-01,2023-04-30,KG,3.156,3.156
PEAR_COMICE,WHOLESALE,NL-NB,4838.58,Monthly,2023-05-01,2023-05-31,KG,3.182,3.182
PEAR_COMICE,WHOLESALE,NL-NB,5157.16,Monthly,2023-06-01,2023-06-30,KG,3.15,3.15
PEAR_COMICE,WHOLESALE,NL-NB,5642.08,Monthly,2023-07-01,2023-07-31,KG,3.113,3.113
PEAR_COMICE,WHOLESALE,NL-NB,6597.43,Monthly,2023-08-01,2023-08-31,KG,2.545,2.545
PEAR_COMICE,WHOLESALE,NL-NB,7247.79,Monthly,2023-09-01,2023-09-30,KG,2.512,2.512
PEAR_COMICE,WHOLESALE,NL-NB,7134.01,Monthly,2023-10-01,2023-10-31,KG,2.531,2.531
PEAR_COMICE,WHOLESALE,NL-NB,6470.09,Monthly,2023-11-01,2023-11-30,KG,3.182,3.182
PEAR_COMICE,WHOLESALE,NL-NB,6251.79,Monthly,2023-12-01,2023-12-31,KG,3.163,3.163
PEAR_COMICE,WHOLESALE,NL-NB,6027.64,Monthly,2024-01-01,2024-01-31,KG,3.115,3.115
PEAR_COMICE,WHOLESALE,NL-NB,5017.37,Monthly,2024-02-01,2024-02-29,KG,3.126,3.126
PEAR_COMICE,WHOLESALE,NL-NB,5211.68,Monthly,2024-03-01,2024-03-31,KG,3.151,3.151
PEAR_COMICE,WHOLESALE,NL-NB,4619.37,Monthly,2024-04-01,2024-04-30,KG,3.138,3.138
PEAR_COMICE,WHOLESALE,NL-NB,4700.04,Monthly,2024-05-01,2024-05-31,KG,3.16,3.16
PEAR_COMICE,WHOLESALE,NL-NB,4665.23,Monthly,2024-06-01,2024-06-30,KG,3.146,3.146
PEAR_COMICE,WHOLESALE,NL-NB,5594.27,Monthly,2024-07-01,2024-07-31,KG,3.149,3.149
PEAR_COMICE,WHOLESALE,NL-NB,6471.22,Monthly,2024-08-01,2024-08-31,KG,2.538,2.538
PEAR_COMICE,WHOLESALE,NL-NB,6962.38,Monthly,2024-09-01,2024-09-30,KG,2.55,2.55
PEAR_COMICE,WHOLESALE,NL-NB,7240.37,Monthly,2024-10-01,2024-10-31,KG,2.555,2.555
PEAR_COMICE,WHOLESALE,NL-NB,6607.82,Monthly,2024-11-01,2024-11-30,KG,3.112,3.112
PEAR_COMICE,WHOLESALE,NL-NB,6305.9400000000005,Monthly,2024-12-01,2024-12-31,KG,3.173,3.173
PEAR_COMICE,WHOLESALE,NL-NB,5771.94,Monthly,2025-01-01,2025-01-31,KG,3.181,3.181
PEAR_COMICE,WHOLESALE,NL-NB,5152.37,Monthly,2025-02-01,2025-02-28,KG,3.142,3.142
PEAR_COMICE,WHOLESALE,NL-NB,5918.25,Monthly,2025-03-01,2025-03-31,KG,3.152,3.152
PEAR_COMICE,WHOLESALE,NL-NB,5119.07,Monthly,2025-04-01,2025-04-30,KG,3.141,3.141
PEAR_COMICE,WHOLESALE,NL-NB,5136.88,Monthly,2025-05-01,2025-05-31,KG,3.162,3.162
PEAR_COMICE,WHOLESALE,NL-NB,5174.02,Monthly,2025-06-01,2025-06-30,KG,3.155,3.155
PEAR_COMICE,WHOLESALE,NL-NB,5634.85,Monthly,2025-07-01,2025-07-31,KG,3.138,3.138
PEAR_COMICE,WHOLESALE,NL-NB,6833.74,Monthly,2025-08-01,2025-08-31,KG,2.555,2.555
PEAR_COMICE,WHOLESALE,NL-NB,7220.33,Monthly,2025-09-01,2025-09-30,KG,2.537,2.537
PEAR_COMICE,WHOLESALE,NL-NB,6903.34,Monthly,2025-10-01,2025-10-31,KG,2.525,2.525
PEAR_COMICE,WHOLESALE,NL-NB,6754.85,Monthly,2025-11-01,2025-11-30,KG,3.168,3.168
PEAR_COMICE,WHOLESALE,NL-NB,6726.97,Monthly,2025-12-01,2025-12-31,KG,3.157,3.157
PEAR_COMICE,WHOLESALE,NL-NB,5953.27,Monthly,2026-01-01,2026-01-31,KG,3.152,3.152
PEAR_COMICE,WHOLESALE,NL-NB,149.07999999999998,Monthly,2026-02-01,2026-02-28,KG,3.012,3.012
