Data/History_121_Monthly.csv
ProductID,ChannelID,LocationID,Qty,Period,StartDate,EndDate,UOM,NetPrice,ListPrice
PEAR_COMICE,WHOLESALE,NL-NH,5144.8,Monthly,2023-02-01,2023-02-28,KG,3.277,3.277
PEAR_COMICE,WHOLESALE,NL-NH,5032.02,Monthly,2023-03-01,2023-03-31,KG,3.203,3.203
PEAR_COMICE,WHOLESALE,NL-NH,4460.05,Monthly,2023-04-01,2023-04-30,KG,3.261,3.261
PEAR_COMICE,WHOLESALE,NL-NH,5209.09,Monthly,2023-05-01,2023-05-31,KG,3.237,3.237
PEAR_COMICE,WHOLESALE,NL-NH,5334.46,Monthly,2023-06-01,2023-06-30,KG,3.276,3.276
PEAR_COMICE,WHOLESALE,NL-NH,5651.64,Monthly,2023-07-01,2023-07-31,KG,3.215,3.215
PEAR_COMICE,WHOLESALE,NL-NH,6600.28,Monthly,2023-08-01,2023-08-31,KG,2.629,2.629
PEAR_COMICE,WHOLESALE,NL-NH,7320.1900000000005,Monthly,2023-09-01,2023-09-30,KG,2.621,2.621
PEAR_COMICE,WHOLESALE,NL-NH,7014.219999999999,Monthly,2023-10-01,2023-10-31,KG,2.604,2.604
PEAR_COMICE,WHOLESALE,NL-NH,6529.45,Monthly,2023-11-01,2023-11-30,KG,3.235,3.235
PEAR_COMICE,WHOLESALE,NL-NH,6303.21,Monthly,2023-12-01,2023-12-31,KG,3.268,3.268
PEAR_COMICE,WHOLESALE,NL-NH,6060.87,Monthly,2024-01-01,2024-01-31,KG,3.247,3.247
PEAR_COMICE,WHOLESALE,NL-NH,5060.67,Monthly,2024-02-01,2024-02-29,KG,3.241,3.241
PEAR_COMICE,WHOLESALE,NL-NH,5629.97,Monthly,2024-03-01,2024-03-31,KG,3.263,3.263
PEAR_COMICE,WHOLESALE,NL-NH,4728.82,Monthly,2024-04-01,2024-04-30,KG,3.247,3.247
PEAR_COMICE,WHOLESALE,NL-NH,4852.65,Monthly,2024-05-01,2024-05-31,KG,3.252,3.252
PEAR_COMICE,WHOLESALE,NL-NH,4950.32,Monthly,2024-06-01,2024-06-30,KG,3.215,3.215
PEAR_COMICE,WHOLESALE,NL-NH,5688.59,Monthly,2024-07-01,2024-07-31,KG,3.213,3.213
PEAR_COMICE,WHOLESALE,NL-NH,6843.26,Monthly,2024-08-01,2024-08-31,KG,2.603,2.603
PEAR_COMICE,WHOLESALE,NL-NH,6834.2699999999995,Monthly,2024-09-01,2024-09-30,KG,2.621,2.621
PEAR_COMICE,WHOLESALE,NL-NH,7613.45,Monthly,2024-10-01,2024-10-31,KG,2.602,2.602
PEAR_COMICE,WHOLESALE,NL-NH,6595.88,Monthly,2024-11-01,2024-11-30,KG,3.258,3.258
PEAR_COMICE,WHOLESALE,NL-NH,6750.01,Monthly,2024-12-01,2024-12-31,KG,3.252,3.252
PEAR_COMICE,WHOLESALE,NL-NH,5982.4800000000005,Monthly,2025-01-01,2025-01-31,KG,3.256,3.256
PEAR_COMICE,WHOLESALE,NL-NH,5310.48,Monthly,2025-02-01,2025-02-28,KG,3.258,3.258
PEAR_COMICE,WHOLESALE,NL-NH,6074.11,Monthly,2025-03-01,2025-03-31,KG,3.285,3.285
PEAR_COMICE,WHOLESALE,NL-NH,5427.18,Monthly,2025-04-01,2025-04-30,KG,3.262,3.262
PEAR_COMICE,WHOLESALE,NL-NH,5164.67,Monthly,2025-05-01,2025-05-31,KG,3.257,3.257
PEAR_COMICE,WHOLESALE,NL-NH,5331.610000000001,Monthly,2025-06-01,2025-06-30,KG,3.242,3.242
PEAR_COMICE,WHOLESALE,NL-NH,5921.62,Monthly,2025-07-01,2025-07-31,KG,3.238,3.238
PEAR_COMICE,WHOLESALE,NL-NH,7018.02,Monthly,2025-08-01,2025-08-31,KG,2.596,2.596
PEAR_COMICE,WHOLESALE,NL-NH,7068.7,Monthly,2025-09-01,2025-09-30,KG,2.601,2.601
PEAR_COMICE,WHOLESALE,NL-NH,7001.93,Monthly,2025-10-01,2025-10-31,KG,2.627,2.627
PEAR_COMICE,WHOLESALE,NL-NH,7058.3,Monthly,2025-11-01,2025-11-30,KG,3.226,3.226
PEAR_COMICE,WHOLESALE,NL-NH,7125.14,Monthly,2025-12-01,2025-12-31,KG,3.203,3.203
PEAR_COMICE,WHOLESALE,NL-NH,5933.14,Monthly,2026-01-01,2026-01-31,KG,3.237,3.237
PEAR_COMICE,WHOLESALE,NL-NH,168.86,Monthly,2026-02-01,2026-02-28,KG,3.391,3.391
PEAR_COMICE,WHOLESALE,NL-ZH,5399.32,Monthly,2023-02-01,2023-02-28,KG,3.361,3.361
PEAR_COMICE,WHOLESALE,NL-ZH,5172.54,Monthly,2023-03-01,2023-03-31,KG,3.35,3.35
PEAR_COMICE,WHOLESALE,NL-ZH,4697.17,Monthly,2023-04-01,2023-04-30,KG,3.348,3.348
PEAR_COMICE,WHOLESALE,NL-ZH,5289.39,Monthly,2023-05-01,2023-05-31,KG,3.357,3.357
PEAR_COMICE,WHOLESALE,NL-ZH,5320.14,Monthly,2023-06-01,2023-06-30,KG,3.346,3.346
PEAR_COMICE,WHOLESALE,NL-ZH,5706.42,Monthly,2023-07-01,2023-07-31,KG,3.289,3.289
PEAR_COMICE,WHOLESALE,NL-ZH,6857.4,Monthly,2023-08-01,2023-08-31,KG,2.658,2.658
PEAR_COMICE,WHOLESALE,NL-ZH,7770.95,Monthly,2023-09-01,2023-09-30,KG,2.668,2.668
PEAR_COMICE,WHOLESALE,NL-ZH,7476.719999999999,Monthly,2023-10-01,2023-10-31,KG,2.697,2.697
PEAR_COMICE,WHOLESALE,NL-ZH,6672.24,Monthly,2023-11-01,2023-11-30,KG,3.321,3.321
PEAR_COMICE,WHOLESALE,NL-ZH,6567.4,Monthly,2023-12-01,2023-12-31,KG,3.321,3.321
PEAR_COMICE,WHOLESALE,NL-ZH,6548.32,Monthly,2024-01-01,2024-01-31,KG,3.348,3.348
PEAR_COMICE,WHOLESALE,NL-ZH,5531.52,Monthly,2024-02-01,2024-02-29,KG,3.34,3.34
PEAR_COMICE,WHOLESALE,NL-ZH,5595.49,Monthly,2024-03-01,2024-03-31,KG,3.347,3.347
PEAR_COMICE,WHOLESALE,NL-ZH,4816.18,Monthly,2024-04-01,2024-04-30,KG,3.342,3.342
PEAR_COMICE,WHOLESALE,NL-ZH,5047.47,Monthly,2024-05-01,2024-05-31,KG,3.344,3.344
PEAR_COMICE,WHOLESALE,NL-ZH,5018.46,Monthly,2024-06-01,2024-06-30,KG,3.349,3.349
PEAR_COMICE,WHOLESALE,NL-ZH,5857.84,Monthly,2024-07-01,2024-07-31,KG,3.296,3.346
PEAR_COMICE,WHOLESALE,NL-ZH,7098.77,Monthly,2024-08-01,2024-08-31,KG,2.674,2.674
PEAR_COMICE,WHOLESALE,NL-ZH,6902.07,Monthly,2024-09-01,2024-09-30,KG,2.683,2.683
PEAR_COMICE,WHOLESALE,NL-ZH,7896.77,Monthly,2024-10-01,2024-10-31,KG,2.68,2.68
PEAR_COMICE,WHOLESALE,NL-ZH,6873.92,Monthly,2024-11-01,2024-11-30,KG,3.323,3.323
PEAR_COMICE,WHOLESALE,NL-ZH,6848.18,Monthly,2024-12-01,2024-12-31,KG,3.316,3.316
PEAR_COMICE,WHOLESALE,NL-ZH,6358.07,Monthly,2025-01-01,2025-01-31,KG,3.35,3.35
PEAR_COMICE,WHOLESALE,NL-ZH,5402.67,Monthly,2025-02-01,2025-02-28,KG,3.342,3.342
PEAR_COMICE,WHOLESALE,NL-ZH,6287.04,Monthly,2025-03-01,2025-03-31,KG,3.376,3.376
PEAR_COMICE,WHOLESALE,NL-ZH,5519.13,Monthly,2025-04-01,2025-04-30,KG,3.335,3.335
PEAR_COMICE,WHOLESALE,NL-ZH,5508.74,Monthly,2025-05-01,2025-05-31,KG,3.351,3.351
PEAR_COMICE,WHOLESALE,NL-ZH,5362.88,Monthly,2025-06-01,2025-06-30,KG,3.36,3.36
PEAR_COMICE,WHOLESALE,NL-ZH,6044.14,Monthly,2025-07-01,2025-07-31,KG,3.338,3.338
PEAR_COMICE,WHOLESALE,NL-ZH,6988.55,Monthly,2025-08-01,2025-08-31,KG,2.696,2.696
PEAR_COMICE,WHOLESALE,NL-ZH,7688.47,Monthly,2025-09-01,2025-09-30,KG,2.714,2.714
PEAR_COMICE,WHOLESALE,NL-ZH,7402.16,Monthly,2025-10-01,2025-10-31,KG,2.695,2.695
PEAR_COMICE,WHOLESALE,NL-ZH,7189.91,Monthly,2025-11-01,2025-11-30,KG,3.352,3.352
PEAR_COMICE,WHOLESALE,NL-ZH,7213.34,Monthly,2025-12-01,2025-12-31,KG,3.347,3.347
PEAR_COMICE,WHOLESALE,NL-ZH,6012.22,Monthly,2026-01-01,2026-01-31,KG,3.298,3.298
PEAR_COMICE,WHOLESALE,NL-ZH,238.61,Monthly,2026-02-01,2026-02-28,KG,3.491,3.491
PEAR_CONFERENCE,ONLINE,NL-GE,3501.06,Monthly,2023-02-01,2023-02-28,KG,3.043,3.043
PEAR_CONFERENCE,ONLINE,NL-GE,3348.96,Monthly,2023-03-01,2023-03-31,KG,3.041,3.041
PEAR_CONFERENCE,ONLINE,NL-GE,3064.82,Monthly,2023-04-01,2023-04-30,KG,3.057,3.057
PEAR_CONFERENCE,ONLINE,NL-GE,3395.8199999999997,Monthly,2023-05-01,2023-05-31,KG,3.066,3.066
PEAR_CONFERENCE,ONLINE,NL-GE,3607.99,Monthly,2023-06-01,2023-06-30,KG,3.051,3.051
PEAR_CONFERENCE,ONLINE,NL-GE,3841.56,Monthly,2023-07-01,2023-07-31,KG,3.079,3.079
PEAR_CONFERENCE,ONLINE,NL-GE,4429.07,Monthly,2023-08-01,2023-08-31,KG,2.471,2.471
PEAR_CONFERENCE,ONLINE,NL-GE,5158.18,Monthly,2023-09-01,2023-09-30,KG,2.47,2.47
PEAR_CONFERENCE,ONLINE,NL-GE,4590.63,Monthly,2023-10-01,2023-10-31,KG,2.477,2.477
PEAR_CONFERENCE,ONLINE,NL-GE,4315.110000000001,Monthly,2023-11-01,2023-11-30,KG,3.032,3.032
PEAR_CONFERENCE,ONLINE,NL-GE,3979.98,Monthly,2023-12-01,2023-12-31,KG,3.046,3.046
PEAR_CONFERENCE,ONLINE,NL-GE,4061.04,Monthly,2024-01-01,2024-01-31,KG,3.072,3.072
PEAR_CONFERENCE,ONLINE,NL-GE,3327.7400000000002,Monthly,2024-02-01,2024-02-29,KG,3.062,3.062
PEAR_CONFERENCE,ONLINE,NL-GE,3745.68,Monthly,2024-03-01,2024-03-31,KG,3.047,3.047
PEAR_CONFERENCE,ONLINE,NL-GE,3036.1,Monthly,2024-04-01,2024-04-30,KG,3.035,3.035
PEAR_CONFERENCE,ONLINE,NL-GE,3379.45,Monthly,2024-05-01,2024-05-31,KG,3.032,3.032
PEAR_CONFERENCE,ONLINE,NL-GE,3234.7200000000003,Monthly,2024-06-01,2024-06-30,KG,3.081,3.081
PEAR_CONFERENCE,ONLINE,NL-GE,3867.06,Monthly,2024-07-01,2024-07-31,KG,3.045,3.045
PEAR_CONFERENCE,ONLINE,NL-GE,4519.88,Monthly,2024-08-01,2024-08-31,KG,2.487,2.487
PEAR_CONFERENCE,ONLINE,NL-GE,4817.79,Monthly,2024-09-01,2024-09-30,KG,2.476,2.476
PEAR_CONFERENCE,ONLINE,NL-GE,4987.56,Monthly,2024-10-01,2024-10-31,KG,2.455,2.455
PEAR_CONFERENCE,ONLINE,NL-GE,4356.63,Monthly,2024-11-01,2024-11-30,KG,3.045,3.045
PEAR_CONFERENCE,ONLINE,NL-GE,4582.43,Monthly,2024-12-01,2024-12-31,KG,3.072,3.072
PEAR_CONFERENCE,ONLINE,NL-GE,4115.52,Monthly,2025-01-01,2025-01-31,KG,3.032,3.032
PEAR_CONFERENCE,ONLINE,NL-GE,3530.61,Monthly,2025-02-01,2025-02-28,KG,3.068,3.068
PEAR_CONFERENCE,ONLINE,NL-GE,3995.64,Monthly,2025-03-01,2025-03-31,KG,3.031,3.031
PEAR_CONFERENCE,ONLINE,NL-GE,3590.9700000000003,Monthly,2025-04-01,2025-04-30,KG,3.08,3.08
PEAR_CONFERENCE,ONLINE,NL-GE,3450.6000000000004,Monthly,2025-05-01,2025-05-31,KG,3.105,3.105
PEAR_CONFERENCE,ONLINE,NL-GE,3457.6899999999996,Monthly,2025-06-01,2025-06-30,KG,3.063,3.063
PEAR_CONFERENCE,ONLINE,NL-GE,4229.81,Monthly,2025-07-01,2025-07-31,KG,3.056,3.056
PEAR_CONFERENCE,ONLINE,NL-GE,4618.45,Monthly,2025-08-01,2025-08-31,KG,2.479,2.479
PEAR_CONFERENCE,ONLINE,NL-GE,4651.37,Monthly,2025-09-01,2025-09-30,KG,2.462,2.462
PEAR_CONFERENCE,ONLINE,NL-GE,4788.8099999999995,Monthly,2025-10-01,2025-10-31,KG,2.474,2.474
PEAR_CONFERENCE,ONLINE,NL-GE,4663.24,Monthly,2025-11-01,2025-11-30,KG,3.038,3.038
PEAR_CONFERENCE,ONLINE,NL-GE,4773.33,Monthly,2025-12-01,2025-12-31,KG,3.034,3.034
PEAR_CONFERENCE,ONLINE,NL-GE,4004.63,Monthly,2026-01-01,2026-01-31,KG,3.071,3.071
PEAR_CONFERENCE,ONLINE,NL-GE,125.85,Monthly,2026-02-01,2026-02-28,KG,2.933,2.933
PEAR_CONFERENCE,ONLINE,NL-NB,3600.1800000000003,Monthly,2023-02-01,2023-02-28,KG,3.176,3.176
PEAR_CONFERENCE,ONLINE,NL-NB,3369.01,Monthly,2023-03-01,2023-03-31,KG,3.143,3.143
PEAR_CONFERENCE,ONLINE,NL-NB,3253.85,Monthly,2023-04-01,2023-04-30,KG,3.174,3.174
PEAR_CONFERENCE,ONLINE,NL-NB,3570.2,Monthly,2023-05-01,2023-05-31,KG,3.134,3.134
PEAR_CONFERENCE,ONLINE,NL-NB,3692.3,Monthly,2023-06-01,2023-06-30,KG,3.186,3.186
PEAR_CONFERENCE,ONLINE,NL-NB,3928.92,Monthly,2023-07-01,2023-07-31,KG,3.186,3.186
PEAR_CONFERENCE,ONLINE,NL-NB,4643.36,Monthly,2023-08-01,2023-08-31,KG,2.491,2.491
PEAR_CONFERENCE,ONLINE,NL-NB,5244.91,Monthly,2023-09-01,2023-09-30,KG,2.506,2.506
PEAR_CONFERENCE,ONLINE,NL-NB,4983.24,Monthly,2023-10-01,2023-10-31,KG,2.564,2.564
PEAR_CONFERENCE,ONLINE,NL-NB,4569.05,Monthly,2023-11-01,2023-11-30,KG,3.193,3.193
PEAR_CONFERENCE,ONLINE,NL-NB,4452.83,Monthly,2023-12-01,2023-12-31,KG,3.175,3.175
PEAR_CONFERENCE,ONLINE,NL-NB,4134.47,Monthly,2024-01-01,2024-01-31,KG,3.149,3.149
PEAR_CONFERENCE,ONLINE,NL-NB,3622.25,Monthly,2024-02-01,2024-02-29,KG,3.129,3.129
PEAR_CONFERENCE,ONLINE,NL-NB,3846.3199999999997,Monthly,2024-03-01,2024-03-31,KG,3.152,3.152
PEAR_CONFERENCE,ONLINE,NL-NB,3194.34,Monthly,2024-04-01,2024-04-30,KG,3.145,3.145
PEAR_CONFERENCE,ONLINE,NL-NB,3200.25,Monthly,2024-05-01,2024-05-31,KG,3.156,3.156
PEAR_CONFERENCE,ONLINE,NL-NB,3361.3599999999997,Monthly,2024-06-01,2024-06-30,KG,3.155,3.155
PEAR_CONFERENCE,ONLINE,NL-NB,3992.3599999999997,Monthly,2024-07-01,2024-07-31,KG,3.171,3.171
PEAR_CONFERENCE,ONLINE,NL-NB,4655.99,Monthly,2024-08-01,2024-08-31,KG,2.555,2.555
PEAR_CONFERENCE,ONLINE,NL-NB,4987.53,Monthly,2024-09-01,2024-09-30,KG,2.558,2.558
PEAR_CONFERENCE,ONLINE,NL-NB,5289.96,Monthly,2024-10-01,2024-10-31,KG,2.516,2.516
PEAR_CONFERENCE,ONLINE,NL-NB,4652.04,Monthly,2024-11-01,2024-11-30,KG,3.176,3.176
PEAR_CONFERENCE,ONLINE,NL-NB,4574.54,Monthly,2024-12-01,2024-12-31,KG,3.136,3.136
PEAR_CONFERENCE,ONLINE,NL-NB,4071.9,Monthly,2025-01-01,2025-01-31,KG,3.147,3.147
PEAR_CONFERENCE,ONLINE,NL-NB,3649.98,Monthly,2025-02-01,2025-02-28,KG,3.112,3.112
PEAR_CONFERENCE,ONLINE,NL-NB,3991.7200000000003,Monthly,2025-03-01,2025-03-31,KG,3.114,3.114
PEAR_CONFERENCE,ONLINE,NL-NB,3679.33,Monthly,2025-04-01,2025-04-30,KG,3.151,3.151
PEAR_CONFERENCE,ONLINE,NL-NB,3582.8900000000003,Monthly,2025-05-01,2025-05-31,KG,3.175,3.175
PEAR_CONFERENCE,ONLINE,NL-NB,3686.87,Monthly,2025-06-01,2025-06-30,KG,3.156,3.156
PEAR_CONFERENCE,ONLINE,NL-NB,4136.26,Monthly,2025-07-01,2025-07-31,KG,3.161,3.161
PEAR_CONFERENCE,ONLINE,NL-NB,4683.92,Monthly,2025-08-01,2025-08-31,KG,2.513,2.513
PEAR_CONFERENCE,ONLINE,NL-NB,5259.3,Monthly,2025-09-01,2025-09-30,KG,2.522,2.522
PEAR_CONFERENCE,ONLINE,NL-NB,4831.52,Monthly,2025-10-01,2025-10-31,KG,2.509,2.509
PEAR_CONFERENCE,ONLINE,NL-NB,4746.76,Monthly,2025-11-01,2025-11-30,KG,3.155,3.155
PEAR_CONFERENCE,ONLINE,NL-NB,4856.84,Monthly,2025-12-01,2025-12-31,KG,3.148,3.148
PEAR_CONFERENCE,ONLINE,NL-NB,4210.5,Monthly,2026-01-01,2026-01-31,KG,3.168,3.168
PEAR_CONFERENCE,ONLINE,NL-NB,142.08,Monthly,2026-02-01,2026-02-28,KG,3.161,3.161
PEAR_CONFERENCE,ONLINE,NL-NH,3780.54,Monthly,2023-02-01,2023-02-28,KG,3.224,3.224
PEAR_CONFERENCE,ONLINE,NL-NH,3470.2299999999996,Monthly,2023-03-01,2023-03-31,KG,3.234,3.234
PEAR_CONFERENCE,ONLINE,NL-NH,3225.11,Monthly,2023-04-01,2023-04-30,KG,3.251,3.251
PEAR_CONFERENCE,ONLINE,NL-NH,3574.35,Monthly,2023-05-01,2023-05-31,KG,3.219,3.219
PEAR_CONFERENCE,ONLINE,NL-NH,3788.29,Monthly,2023-06-01,2023-06-30,KG,3.294,3.294
PEAR_CONFERENCE,ONLINE,NL-NH,4000.51,Monthly,2023-07-01,2023-07-31,KG,3.24,3.24
PEAR_CONFERENCE,ONLINE,NL-NH,4880.74,Monthly,2023-08-01,2023-08-31,KG,2.601,2.601
PEAR_CONFERENCE,ONLINE,NL-NH,5168.42,Monthly,2023-09-01,2023-09-30,KG,2.597,2.597
PEAR_CONFERENCE,ONLINE,NL-NH,5132.4,Monthly,2023-10-01,2023-10-31,KG,2.592,2.592
PEAR_CONFERENCE,ONLINE,NL-NH,4670.469999999999,Monthly,2023-11-01,2023-11-30,KG,3.232,3.232
PEAR_CONFERENCE,ONLINE,NL-NH,4417.41,Monthly,2023-12-01,2023-12-31,KG,3.2,3.2
PEAR_CONFERENCE,ONLINE,NL-NH,4417.73,Monthly,2024-01-01,2024-01-31,KG,3.255,3.255
PEAR_CONFERENCE,ONLINE,NL-NH,3670.12,Monthly,2024-02-01,2024-02-29,KG,3.207,3.207
PEAR_CONFERENCE,ONLINE,NL-NH,3906.7,Monthly,2024-03-01,2024-03-31,KG,3.267,3.267
PEAR_CONFERENCE,ONLINE,NL-NH,3321.48,Monthly,2024-04-01,2024-04-30,KG,3.248,3.248
PEAR_CONFERENCE,ONLINE,NL-NH,3300.01,Monthly,2024-05-01,2024-05-31,KG,3.234,3.234
PEAR_CONFERENCE,ONLINE,NL-NH,3509.6400000000003,Monthly,2024-06-01,2024-06-30,KG,3.246,3.246
PEAR_CONFERENCE,ONLINE,NL-NH,3910.7299999999996,Monthly,2024-07-01,2024-07-31,KG,3.222,3.222
PEAR_CONFERENCE,ONLINE,NL-NH,5039.3099999999995,Monthly,2024-08-01,2024-08-31,KG,2.602,2.602
PEAR_CONFERENCE,ONLINE,NL-NH,4995.67,Monthly,2024-09-01,2024-09-30,KG,2.613,2.613
PEAR_CONFERENCE,ONLINE,NL-NH,5618.6,Monthly,2024-10-01,2024-10-31,KG,2.604,2.604
PEAR_CONFERENCE,ONLINE,NL-NH,4861.14,Monthly,2024-11-01,2024-11-30,KG,3.261,3.261
PEAR_CONFERENCE,ONLINE,NL-NH,4797.9,Monthly,2024-12-01,2024-12-31,KG,3.208,3.208
PEAR_CONFERENCE,ONLINE,NL-NH,4318.29,Monthly,2025-01-01,2025-01-31,KG,3.264,3.264
PEAR_CONFERENCE,ONLINE,NL-NH,3722.08,Monthly,2025-02-01,2025-02-28,KG,3.261,3.261
PEAR_CONFERENCE,ONLINE,NL-NH,4251.29,Monthly,2025-03-01,2025-03-31,KG,3.195,3.195
PEAR_CONFERENCE,ONLINE,NL-NH,3837.4,Monthly,2025-04-01,2025-04-30,KG,3.228,3.228
PEAR_CONFERENCE,ONLINE,NL-NH,3643.35,Monthly,2025-05-01,2025-05-31,KG,3.225,3.225
PEAR_CONFERENCE,ONLINE,NL-NH,3710.62,Monthly,2025-06-01,2025-06-30,KG,3.209,3.209
PEAR_CONFERENCE,ONLINE,NL-NH,4181.71,Monthly,2025-07-01,2025-07-31,KG,3.24,3.24
PEAR_CONFERENCE,ONLINE,NL-NH,4921.43,Monthly,2025-08-01,2025-08-31,KG,2.614,2.614
PEAR_CONFERENCE,ONLINE,NL-NH,5119.12,Monthly,2025-09-01,2025-09-30,KG,2.64,2.64
PEAR_CONFERENCE,ONLINE,NL-NH,5055.84,Monthly,2025-10-01,2025-10-31,KG,2.632,2.632
PEAR_CONFERENCE,ONLINE,NL-NH,4602.39,Monthly,2025-11-01,2025-11-30,KG,3.265,3.265
PEAR_CONFERENCE,ONLINE,NL-NH,5066.34,Monthly,2025-12-01,2025-12-31,KG,3.255,3.255
PEAR_CONFERENCE,ONLINE,NL-NH,4080.58,Monthly,2026-01-01,2026-01-31,KG,3.288,3.288
PEAR_CONFERENCE,ONLINE,NL-NH,125.62,Monthly,2026-02-01,2026-02-28,KG,3.343,3.343
