Data/History_121_Monthly.csv
ProductID,ChannelID,LocationID,Qty,Period,StartDate,EndDate,UOM,NetPrice,ListPrice
PEAR_CONFERENCE,ONLINE,NL-ZH,3902.33,Monthly,2023-02-01,2023-02-28,KG,3.349,3.349
PEAR_CONFERENCE,ONLINE,NL-ZH,3674.9700000000003,Monthly,2023-03-01,2023-03-31,KG,3.367,3.367
PEAR_CONFERENCE,ONLINE,NL-ZH,3348.19,Monthly,2023-04-01,2023-04-30,KG,3.364,3.364
PEAR_CONFERENCE,ONLINE,NL-ZH,3602.8,Monthly,2023-05-01,2023-05-31,KG,3.303,3.303
PEAR_CONFERENCE,ONLINE,NL-ZH,3880.35,Monthly,2023-06-01,2023-06-30,KG,3.348,3.348
PEAR_CONFERENCE,ONLINE,NL-ZH,3987.08,Monthly,2023-07-01,2023-07-31,KG,3.335,3.335
PEAR_CONFERENCE,ONLINE,NL-ZH,4897.46,Monthly,2023-08-01,2023-08-31,KG,2.688,2.688
PEAR_CONFERENCE,ONLINE,NL-ZH,5455.77,Monthly,2023-09-01,2023-09-30,KG,2.671,2.671
PEAR_CONFERENCE,ONLINE,NL-ZH,5280.93,Monthly,2023-10-01,2023-10-31,KG,2.661,2.661
PEAR_CONFERENCE,ONLINE,NL-ZH,4761.610000000001,Monthly,2023-11-01,2023-11-30,KG,3.353,3.353
PEAR_CONFERENCE,ONLINE,NL-ZH,4718.62,Monthly,2023-12-01,2023-12-31,KG,3.341,3.341
PEAR_CONFERENCE,ONLINE,NL-ZH,4633.66,Monthly,2024-01-01,2024-01-31,KG,3.373,3.373
PEAR_CONFERENCE,ONLINE,NL-ZH,3870.32,Monthly,2024-02-01,2024-02-29,KG,3.217,3.283
PEAR_CONFERENCE,ONLINE,NL-ZH,4108.85,Monthly,2024-03-01,2024-03-31,KG,3.332,3.332
PEAR_CONFERENCE,ONLINE,NL-ZH,3485.2200000000003,Monthly,2024-04-01,2024-04-30,KG,3.36,3.36
PEAR_CONFERENCE,ONLINE,NL-ZH,3467.31,Monthly,2024-05-01,2024-05-31,KG,3.342,3.342
PEAR_CONFERENCE,ONLINE,NL-ZH,3695.98,Monthly,2024-06-01,2024-06-30,KG,3.37,3.37
PEAR_CONFERENCE,ONLINE,NL-ZH,3962.06,Monthly,2024-07-01,2024-07-31,KG,3.328,3.328
PEAR_CONFERENCE,ONLINE,NL-ZH,5041.57,Monthly,2024-08-01,2024-08-31,KG,2.73,2.73
PEAR_CONFERENCE,ONLINE,NL-ZH,5231.3099999999995,Monthly,2024-09-01,2024-09-30,KG,2.691,2.691
PEAR_CONFERENCE,ONLINE,NL-ZH,5626.72,Monthly,2024-10-01,2024-10-31,KG,2.661,2.661
PEAR_CONFERENCE,ONLINE,NL-ZH,4788.95,Monthly,2024-11-01,2024-11-30,KG,3.343,3.343
PEAR_CONFERENCE,ONLINE,NL-ZH,4744.58,Monthly,2024-12-01,2024-12-31,KG,3.373,3.373
PEAR_CONFERENCE,ONLINE,NL-ZH,4360.08,Monthly,2025-01-01,2025-01-31,KG,3.361,3.361
PEAR_CONFERENCE,ONLINE,NL-ZH,3836.83,Monthly,2025-02-01,2025-02-28,KG,3.35,3.35
PEAR_CONFERENCE,ONLINE,NL-ZH,4375.7,Monthly,2025-03-01,2025-03-31,KG,3.332,3.332
PEAR_CONFERENCE,ONLINE,NL-ZH,4015.02,Monthly,2025-04-01,2025-04-30,KG,3.337,3.337
PEAR_CONFERENCE,ONLINE,NL-ZH,3935.35,Monthly,2025-05-01,2025-05-31,KG,3.384,3.384
PEAR_CONFERENCE,ONLINE,NL-ZH,4035.43,Monthly,2025-06-01,2025-06-30,KG,3.191,3.344
PEAR_CONFERENCE,ONLINE,NL-ZH,4285.54,Monthly,2025-07-01,2025-07-31,KG,3.358,3.358
PEAR_CONFERENCE,ONLINE,NL-ZH,5098.67,Monthly,2025-08-01,2025-08-31,KG,2.716,2.716
PEAR_CONFERENCE,ONLINE,NL-ZH,5706.18,Monthly,2025-09-01,2025-09-30,KG,2.709,2.709
PEAR_CONFERENCE,ONLINE,NL-ZH,5135.98,Monthly,2025-10-01,2025-10-31,KG,2.702,2.702
PEAR_CONFERENCE,ONLINE,NL-ZH,5116.51,Monthly,2025-11-01,2025-11-30,KG,3.383,3.383
PEAR_CONFERENCE,ONLINE,NL-ZH,5190.71,Monthly,2025-12-01,2025-12-31,KG,3.339,3.339
PEAR_CONFERENCE,ONLINE,NL-ZH,4347.14,Monthly,2026-01-01,2026-01-31,KG,3.307,3.307
PEAR_CONFERENCE,ONLINE,NL-ZH,168.38,Monthly,2026-02-01,2026-02-28,KG,3.336,3.336
PEAR_CONFERENCE,RETAIL,NL-GE,7498.530000000001,Monthly,2023-02-01,2023-02-28,KG,2.91,3.06
PEAR_CONFERENCE,RETAIL,NL-GE,6564.08,Monthly,2023-03-01,2023-03-31,KG,3.048,3.048
PEAR_CONFERENCE,RETAIL,NL-GE,6426.92,Monthly,2023-04-01,2023-04-30,KG,3.071,3.071
PEAR_CONFERENCE,RETAIL,NL-GE,6861.43,Monthly,2023-05-01,2023-05-31,KG,3.06,3.06
PEAR_CONFERENCE,RETAIL,NL-GE,7050.96,Monthly,2023-06-01,2023-06-30,KG,3.04,3.04
PEAR_CONFERENCE,RETAIL,NL-GE,7805.25,Monthly,2023-07-01,2023-07-31,KG,3.002,3.056
PEAR_CONFERENCE,RETAIL,NL-GE,8908.849999999999,Monthly,2023-08-01,2023-08-31,KG,2.46,2.46
PEAR_CONFERENCE,RETAIL,NL-GE,9994.91,Monthly,2023-09-01,2023-09-30,KG,2.433,2.433
PEAR_CONFERENCE,RETAIL,NL-GE,9511.16,Monthly,2023-10-01,2023-10-31,KG,2.486,2.486
PEAR_CONFERENCE,RETAIL,NL-GE,8647.32,Monthly,2023-11-01,2023-11-30,KG,3.049,3.049
PEAR_CONFERENCE,RETAIL,NL-GE,8129.0599999999995,Monthly,2023-12-01,2023-12-31,KG,3.056,3.056
PEAR_CONFERENCE,RETAIL,NL-GE,7935.79,Monthly,2024-01-01,2024-01-31,KG,3.06,3.06
PEAR_CONFERENCE,RETAIL,NL-GE,6784.56,Monthly,2024-02-01,2024-02-29,KG,3.085,3.085
PEAR_CONFERENCE,RETAIL,NL-GE,7320.049999999999,Monthly,2024-03-01,2024-03-31,KG,3.08,3.08
PEAR_CONFERENCE,RETAIL,NL-GE,6305.54,Monthly,2024-04-01,2024-04-30,KG,3.05,3.05
PEAR_CONFERENCE,RETAIL,NL-GE,6421.21,Monthly,2024-05-01,2024-05-31,KG,3.063,3.063
PEAR_CONFERENCE,RETAIL,NL-GE,6532.63,Monthly,2024-06-01,2024-06-30,KG,3.085,3.085
PEAR_CONFERENCE,RETAIL,NL-GE,7673.26,Monthly,2024-07-01,2024-07-31,KG,3.069,3.069
PEAR_CONFERENCE,RETAIL,NL-GE,8788.0,Monthly,2024-08-01,2024-08-31,KG,2.468,2.468
PEAR_CONFERENCE,RETAIL,NL-GE,9523.26,Monthly,2024-09-01,2024-09-30,KG,2.451,2.451
PEAR_CONFERENCE,RETAIL,NL-GE,10240.29,Monthly,2024-10-01,2024-10-31,KG,2.444,2.444
PEAR_CONFERENCE,RETAIL,NL-GE,9068.71,Monthly,2024-11-01,2024-11-30,KG,3.051,3.051
PEAR_CONFERENCE,RETAIL,NL-GE,9764.75,Monthly,2024-12-01,2024-12-31,KG,2.839,3.068
PEAR_CONFERENCE,RETAIL,NL-GE,7834.959999999999,Monthly,2025-01-01,2025-01-31,KG,3.045,3.045
PEAR_CONFERENCE,RETAIL,NL-GE,6964.84,Monthly,2025-02-01,2025-02-28,KG,3.05,3.05
PEAR_CONFERENCE,RETAIL,NL-GE,8031.03,Monthly,2025-03-01,2025-03-31,KG,3.056,3.056
PEAR_CONFERENCE,RETAIL,NL-GE,7227.08,Monthly,2025-04-01,2025-04-30,KG,3.061,3.061
PEAR_CONFERENCE,RETAIL,NL-GE,6964.82,Monthly,2025-05-01,2025-05-31,KG,3.034,3.034
PEAR_CONFERENCE,RETAIL,NL-GE,6671.76,Monthly,2025-06-01,2025-06-30,KG,3.064,3.064
PEAR_CONFERENCE,RETAIL,NL-GE,7943.28,Monthly,2025-07-01,2025-07-31,KG,3.019,3.093
PEAR_CONFERENCE,RETAIL,NL-GE,10081.11,Monthly,2025-08-01,2025-08-31,KG,2.286,2.477
PEAR_CONFERENCE,RETAIL,NL-GE,9589.150000000001,Monthly,2025-09-01,2025-09-30,KG,2.482,2.482
PEAR_CONFERENCE,RETAIL,NL-GE,9121.74,Monthly,2025-10-01,2025-10-31,KG,2.451,2.451
PEAR_CONFERENCE,RETAIL,NL-GE,9277.45,Monthly,2025-11-01,2025-11-30,KG,3.046,3.046
PEAR_CONFERENCE,RETAIL,NL-GE,8930.47,Monthly,2025-12-01,2025-12-31,KG,3.031,3.031
PEAR_CONFERENCE,RETAIL,NL-GE,8099.9400000000005,Monthly,2026-01-01,2026-01-31,KG,2.985,2.985
PEAR_CONFERENCE,RETAIL,NL-GE,274.0,Monthly,2026-02-01,2026-02-28,KG,3.206,3.206
PEAR_CONFERENCE,RETAIL,NL-NB,7079.14,Monthly,2023-02-01,2023-02-28,KG,3.133,3.133
PEAR_CONFERENCE,RETAIL,NL-NB,6786.209999999999,Monthly,2023-03-01,2023-03-31,KG,3.145,3.145
PEAR_CONFERENCE,RETAIL,NL-NB,6447.32,Monthly,2023-04-01,2023-04-30,KG,3.144,3.144
PEAR_CONFERENCE,RETAIL,NL-NB,6963.8099999999995,Monthly,2023-05-01,2023-05-31,KG,3.139,3.139
PEAR_CONFERENCE,RETAIL,NL-NB,7216.780000000001,Monthly,2023-06-01,2023-06-30,KG,3.111,3.111
PEAR_CONFERENCE,RETAIL,NL-NB,7666.86,Monthly,2023-07-01,2023-07-31,KG,3.195,3.195
PEAR_CONFERENCE,RETAIL,NL-NB,9037.36,Monthly,2023-08-01,2023-08-31,KG,2.517,2.517
PEAR_CONFERENCE,RETAIL,NL-NB,10625.96,Monthly,2023-09-01,2023-09-30,KG,2.534,2.534
PEAR_CONFERENCE,RETAIL,NL-NB,9911.029999999999,Monthly,2023-10-01,2023-10-31,KG,2.511,2.511
PEAR_CONFERENCE,RETAIL,NL-NB,8891.11,Monthly,2023-11-01,2023-11-30,KG,3.114,3.114
PEAR_CONFERENCE,RETAIL,NL-NB,8983.45,Monthly,2023-12-01,2023-12-31,KG,3.131,3.131
PEAR_CONFERENCE,RETAIL,NL-NB,8480.66,Monthly,2024-01-01,2024-01-31,KG,3.132,3.132
PEAR_CONFERENCE,RETAIL,NL-NB,7200.5,Monthly,2024-02-01,2024-02-29,KG,3.157,3.157
PEAR_CONFERENCE,RETAIL,NL-NB,7362.83,Monthly,2024-03-01,2024-03-31,KG,3.178,3.178
PEAR_CONFERENCE,RETAIL,NL-NB,6587.9,Monthly,2024-04-01,2024-04-30,KG,3.168,3.197
PEAR_CONFERENCE,RETAIL,NL-NB,6267.150000000001,Monthly,2024-05-01,2024-05-31,KG,3.15,3.15
PEAR_CONFERENCE,RETAIL,NL-NB,6813.86,Monthly,2024-06-01,2024-06-30,KG,3.123,3.123
PEAR_CONFERENCE,RETAIL,NL-NB,7783.48,Monthly,2024-07-01,2024-07-31,KG,3.121,3.121
PEAR_CONFERENCE,RETAIL,NL-NB,10399.92,Monthly,2024-08-01,2024-08-31,KG,2.366,2.523
PEAR_CONFERENCE,RETAIL,NL-NB,9784.0,Monthly,2024-09-01,2024-09-30,KG,2.535,2.535
PEAR_CONFERENCE,RETAIL,NL-NB,10058.46,Monthly,2024-10-01,2024-10-31,KG,2.539,2.539
PEAR_CONFERENCE,RETAIL,NL-NB,9471.45,Monthly,2024-11-01,2024-11-30,KG,3.157,3.157
PEAR_CONFERENCE,RETAIL,NL-NB,8754.01,Monthly,2024-12-01,2024-12-31,KG,3.133,3.133
PEAR_CONFERENCE,RETAIL,NL-NB,8086.7300000000005,Monthly,2025-01-01,2025-01-31,KG,3.172,3.172
PEAR_CONFERENCE,RETAIL,NL-NB,7535.6,Monthly,2025-02-01,2025-02-28,KG,3.19,3.19
PEAR_CONFERENCE,RETAIL,NL-NB,8283.73,Monthly,2025-03-01,2025-03-31,KG,3.157,3.157
PEAR_CONFERENCE,RETAIL,NL-NB,7088.84,Monthly,2025-04-01,2025-04-30,KG,3.169,3.169
PEAR_CONFERENCE,RETAIL,NL-NB,7291.91,Monthly,2025-05-01,2025-05-31,KG,3.166,3.166
PEAR_CONFERENCE,RETAIL,NL-NB,7705.299999999999,Monthly,2025-06-01,2025-06-30,KG,3.063,3.167
PEAR_CONFERENCE,RETAIL,NL-NB,7874.08,Monthly,2025-07-01,2025-07-31,KG,3.174,3.174
PEAR_CONFERENCE,RETAIL,NL-NB,9406.77,Monthly,2025-08-01,2025-08-31,KG,2.5,2.5
PEAR_CONFERENCE,RETAIL,NL-NB,10142.52,Monthly,2025-09-01,2025-09-30,KG,2.533,2.533
PEAR_CONFERENCE,RETAIL,NL-NB,10058.99,Monthly,2025-10-01,2025-10-31,KG,2.563,2.563
PEAR_CONFERENCE,RETAIL,NL-NB,9986.74,Monthly,2025-11-01,2025-11-30,KG,3.157,3.157
PEAR_CONFERENCE,RETAIL,NL-NB,9441.119999999999,Monthly,2025-12-01,2025-12-31,KG,3.146,3.146
PEAR_CONFERENCE,RETAIL,NL-NB,8435.84,Monthly,2026-01-01,2026-01-31,KG,3.132,3.132
PEAR_CONFERENCE,RETAIL,NL-NB,335.57,Monthly,2026-02-01,2026-02-28,KG,3.194,3.194
PEAR_CONFERENCE,RETAIL,NL-NH,8250.8,Monthly,2023-02-01,2023-02-28,KG,3.013,3.233
PEAR_CONFERENCE,RETAIL,NL-NH,7253.02,Monthly,2023-03-01,2023-03-31,KG,3.244,3.244
PEAR_CONFERENCE,RETAIL,NL-NH,6467.83,Monthly,2023-04-01,2023-04-30,KG,3.269,3.269
PEAR_CONFERENCE,RETAIL,NL-NH,7281.79,Monthly,2023-05-01,2023-05-31,KG,3.258,3.258
PEAR_CONFERENCE,RETAIL,NL-NH,7408.59,Monthly,2023-06-01,2023-06-30,KG,3.251,3.251
PEAR_CONFERENCE,RETAIL,NL-NH,8022.76,Monthly,2023-07-01,2023-07-31,KG,3.237,3.237
PEAR_CONFERENCE,RETAIL,NL-NH,9072.58,Monthly,2023-08-01,2023-08-31,KG,2.592,2.592
PEAR_CONFERENCE,RETAIL,NL-NH,10632.439999999999,Monthly,2023-09-01,2023-09-30,KG,2.611,2.611
PEAR_CONFERENCE,RETAIL,NL-NH,9931.95,Monthly,2023-10-01,2023-10-31,KG,2.598,2.598
PEAR_CONFERENCE,RETAIL,NL-NH,8556.39,Monthly,2023-11-01,2023-11-30,KG,3.239,3.239
PEAR_CONFERENCE,RETAIL,NL-NH,9365.57,Monthly,2023-12-01,2023-12-31,KG,3.242,3.271
PEAR_CONFERENCE,RETAIL,NL-NH,8579.68,Monthly,2024-01-01,2024-01-31,KG,3.259,3.259
PEAR_CONFERENCE,RETAIL,NL-NH,6953.58,Monthly,2024-02-01,2024-02-29,KG,3.254,3.254
PEAR_CONFERENCE,RETAIL,NL-NH,7686.66,Monthly,2024-03-01,2024-03-31,KG,3.281,3.281
PEAR_CONFERENCE,RETAIL,NL-NH,6613.87,Monthly,2024-04-01,2024-04-30,KG,3.256,3.256
PEAR_CONFERENCE,RETAIL,NL-NH,6525.23,Monthly,2024-05-01,2024-05-31,KG,3.279,3.279
PEAR_CONFERENCE,RETAIL,NL-NH,6907.63,Monthly,2024-06-01,2024-06-30,KG,3.279,3.279
PEAR_CONFERENCE,RETAIL,NL-NH,7811.66,Monthly,2024-07-01,2024-07-31,KG,3.26,3.26
PEAR_CONFERENCE,RETAIL,NL-NH,9798.5,Monthly,2024-08-01,2024-08-31,KG,2.598,2.598
PEAR_CONFERENCE,RETAIL,NL-NH,9829.04,Monthly,2024-09-01,2024-09-30,KG,2.605,2.605
PEAR_CONFERENCE,RETAIL,NL-NH,10736.19,Monthly,2024-10-01,2024-10-31,KG,2.628,2.628
PEAR_CONFERENCE,RETAIL,NL-NH,9732.57,Monthly,2024-11-01,2024-11-30,KG,3.218,3.218
PEAR_CONFERENCE,RETAIL,NL-NH,9853.02,Monthly,2024-12-01,2024-12-31,KG,3.195,3.251
PEAR_CONFERENCE,RETAIL,NL-NH,8557.48,Monthly,2025-01-01,2025-01-31,KG,3.2,3.2
PEAR_CONFERENCE,RETAIL,NL-NH,7409.57,Monthly,2025-02-01,2025-02-28,KG,3.237,3.237
PEAR_CONFERENCE,RETAIL,NL-NH,8423.93,Monthly,2025-03-01,2025-03-31,KG,3.255,3.255
PEAR_CONFERENCE,RETAIL,NL-NH,7637.289999999999,Monthly,2025-04-01,2025-04-30,KG,3.214,3.214
PEAR_CONFERENCE,RETAIL,NL-NH,7309.74,Monthly,2025-05-01,2025-05-31,KG,3.249,3.249
PEAR_CONFERENCE,RETAIL,NL-NH,7405.9,Monthly,2025-06-01,2025-06-30,KG,3.262,3.262
PEAR_CONFERENCE,RETAIL,NL-NH,8426.72,Monthly,2025-07-01,2025-07-31,KG,3.224,3.224
PEAR_CONFERENCE,RETAIL,NL-NH,10245.95,Monthly,2025-08-01,2025-08-31,KG,2.63,2.63
PEAR_CONFERENCE,RETAIL,NL-NH,9887.23,Monthly,2025-09-01,2025-09-30,KG,2.601,2.601
PEAR_CONFERENCE,RETAIL,NL-NH,9651.05,Monthly,2025-10-01,2025-10-31,KG,2.613,2.613
PEAR_CONFERENCE,RETAIL,NL-NH,9847.82,Monthly,2025-11-01,2025-11-30,KG,3.275,3.275
PEAR_CONFERENCE,RETAIL,NL-NH,9689.45,Monthly,2025-12-01,2025-12-31,KG,3.278,3.278
PEAR_CONFERENCE,RETAIL,NL-NH,8433.82,Monthly,2026-01-01,2026-01-31,KG,3.252,3.252
PEAR_CONFERENCE,RETAIL,NL-NH,311.6,Monthly,2026-02-01,2026-02-28,KG,3.128,3.128
PEAR_CONFERENCE,RETAIL,NL-ZH,7735.35,Monthly,2023-02-01,2023-02-28,KG,3.335,3.335
PEAR_CONFERENCE,RETAIL,NL-ZH,7202.91,Monthly,2023-03-01,2023-03-31,KG,3.344,3.344
PEAR_CONFERENCE,RETAIL,NL-ZH,6503.27,Monthly,2023-04-01,2023-04-30,KG,3.34,3.34
PEAR_CONFERENCE,RETAIL,NL-ZH,7390.83,Monthly,2023-05-01,2023-05-31,KG,3.359,3.359
PEAR_CONFERENCE,RETAIL,NL-ZH,7927.6900000000005,Monthly,2023-06-01,2023-06-30,KG,3.327,3.352
PEAR_CONFERENCE,RETAIL,NL-ZH,8273.54,Monthly,2023-07-01,2023-07-31,KG,3.385,3.385
PEAR_CONFERENCE,RETAIL,NL-ZH,9614.62,Monthly,2023-08-01,2023-08-31,KG,2.714,2.714
PEAR_CONFERENCE,RETAIL,NL-ZH,11038.35,Monthly,2023-09-01,2023-09-30,KG,2.702,2.702
PEAR_CONFERENCE,RETAIL,NL-ZH,10251.36,Monthly,2023-10-01,2023-10-31,KG,2.698,2.698
PEAR_CONFERENCE,RETAIL,NL-ZH,9417.2,Monthly,2023-11-01,2023-11-30,KG,3.324,3.324
PEAR_CONFERENCE,RETAIL,NL-ZH,9649.73,Monthly,2023-12-01,2023-12-31,KG,3.372,3.372
PEAR_CONFERENCE,RETAIL,NL-ZH,9164.11,Monthly,2024-01-01,2024-01-31,KG,3.342,3.342
PEAR_CONFERENCE,RETAIL,NL-ZH,7599.860000000001,Monthly,2024-02-01,2024-02-29,KG,3.308,3.308
PEAR_CONFERENCE,RETAIL,NL-ZH,7950.92,Monthly,2024-03-01,2024-03-31,KG,3.337,3.337
PEAR_CONFERENCE,RETAIL,NL-ZH,6765.8,Monthly,2024-04-01,2024-04-30,KG,3.37,3.37
PEAR_CONFERENCE,RETAIL,NL-ZH,6816.02,Monthly,2024-05-01,2024-05-31,KG,3.327,3.327
PEAR_CONFERENCE,RETAIL,NL-ZH,7419.35,Monthly,2024-06-01,2024-06-30,KG,3.351,3.351
PEAR_CONFERENCE,RETAIL,NL-ZH,7712.42,Monthly,2024-07-01,2024-07-31,KG,3.317,3.317
PEAR_CONFERENCE,RETAIL,NL-ZH,10002.470000000001,Monthly,2024-08-01,2024-08-31,KG,2.707,2.707
PEAR_CONFERENCE,RETAIL,NL-ZH,10403.77,Monthly,2024-09-01,2024-09-30,KG,2.688,2.688
PEAR_CONFERENCE,RETAIL,NL-ZH,10752.6,Monthly,2024-10-01,2024-10-31,KG,2.683,2.683
PEAR_CONFERENCE,RETAIL,NL-ZH,9998.66,Monthly,2024-11-01,2024-11-30,KG,3.396,3.396
PEAR_CONFERENCE,RETAIL,NL-ZH,9742.8,Monthly,2024-12-01,2024-12-31,KG,3.336,3.336
PEAR_CONFERENCE,RETAIL,NL-ZH,8843.9,Monthly,2025-01-01,2025-01-31,KG,3.362,3.362
PEAR_CONFERENCE,RETAIL,NL-ZH,7669.61,Monthly,2025-02-01,2025-02-28,KG,3.345,3.345
PEAR_CONFERENCE,RETAIL,NL-ZH,8801.37,Monthly,2025-03-01,2025-03-31,KG,3.305,3.305
PEAR_CONFERENCE,RETAIL,NL-ZH,8184.99,Monthly,2025-04-01,2025-04-30,KG,3.328,3.328
PEAR_CONFERENCE,RETAIL,NL-ZH,7752.950000000001,Monthly,2025-05-01,2025-05-31,KG,3.318,3.318
PEAR_CONFERENCE,RETAIL,NL-ZH,7508.719999999999,Monthly,2025-06-01,2025-06-30,KG,3.324,3.324
PEAR_CONFERENCE,RETAIL,NL-ZH,8604.47,Monthly,2025-07-01,2025-07-31,KG,3.349,3.349
PEAR_CONFERENCE,RETAIL,NL-ZH,10598.12,Monthly,2025-08-01,2025-08-31,KG,2.683,2.683
PEAR_CONFERENCE,RETAIL,NL-ZH,10444.94,Monthly,2025-09-01,2025-09-30,KG,2.685,2.685
PEAR_CONFERENCE,RETAIL,NL-ZH,10261.060000000001,Monthly,2025-10-01,2025-10-31,KG,2.714,2.714
PEAR_CONFERENCE,RETAIL,NL-ZH,10203.24,Monthly,2025-11-01,2025-11-30,KG,3.363,3.363
PEAR_CONFERENCE,RETAIL,NL-ZH,10404.6,Monthly,2025-12-01,2025-12-31,KG,3.325,3.325
PEAR_CONFERENCE,RETAIL,NL-ZH,8897.779999999999,Monthly,2026-01-01,2026-01-31,KG,3.352,3.352
PEAR_CONFERENCE,RETAIL,NL-ZH,444.78000000000003,Monthly,2026-02-01,2026-02-28,KG,3.191,3.191
