Data/History_121_Monthly.csv
ProductID,ChannelID,LocationID,Qty,Period,StartDate,EndDate,UOM,NetPrice,ListPrice
PEAR_CONFERENCE,WHOLESALE,NL-GE,5798.81,Monthly,2023-02-01,2023-02-28,KG,3.081,3.081
PEAR_CONFERENCE,WHOLESALE,NL-GE,5652.88,Monthly,2023-03-01,2023-03-31,KG,3.065,3.065
PEAR_CONFERENCE,WHOLESALE,NL-GE,5289.91,Monthly,2023-04-01,2023-04-30,KG,3.069,3.069
PEAR_CONFERENCE,WHOLESALE,NL-GE,5748.97,Monthly,2023-05-01,2023-05-31,KG,3.028,3.028
PEAR_CONFERENCE,WHOLESALE,NL-GE,5969.88,Monthly,2023-06-01,2023-06-30,KG,3.063,3.063
PEAR_CONFERENCE,WHOLESALE,NL-GE,6578.21,Monthly,2023-07-01,2023-07-31,KG,3.069,3.069
PEAR_CONFERENCE,WHOLESALE,NL-GE,7518.51,Monthly,2023-08-01,2023-08-31,KG,2.42,2.42
PEAR_CONFERENCE,WHOLESALE,NL-GE,8167.450000000001,Monthly,2023-09-01,2023-09-30,KG,2.454,2.454
PEAR_CONFERENCE,WHOLESALE,NL-GE,8109.35,Monthly,2023-10-01,2023-10-31,KG,2.448,2.448
PEAR_CONFERENCE,WHOLESALE,NL-GE,7412.49,Monthly,2023-11-01,2023-11-30,KG,3.026,3.026
PEAR_CONFERENCE,WHOLESALE,NL-GE,6861.58,Monthly,2023-12-01,2023-12-31,KG,3.069,3.069
PEAR_CONFERENCE,WHOLESALE,NL-GE,6850.47,Monthly,2024-01-01,2024-01-31,KG,3.052,3.052
PEAR_CONFERENCE,WHOLESALE,NL-GE,5988.76,Monthly,2024-02-01,2024-02-29,KG,3.053,3.053
PEAR_CONFERENCE,WHOLESALE,NL-GE,6163.84,Monthly,2024-03-01,2024-03-31,KG,3.032,3.032
PEAR_CONFERENCE,WHOLESALE,NL-GE,5343.1,Monthly,2024-04-01,2024-04-30,KG,3.052,3.052
PEAR_CONFERENCE,WHOLESALE,NL-GE,5532.25,Monthly,2024-05-01,2024-05-31,KG,3.055,3.055
PEAR_CONFERENCE,WHOLESALE,NL-GE,5465.75,Monthly,2024-06-01,2024-06-30,KG,3.078,3.078
PEAR_CONFERENCE,WHOLESALE,NL-GE,6540.16,Monthly,2024-07-01,2024-07-31,KG,3.058,3.058
PEAR_CONFERENCE,WHOLESALE,NL-GE,7469.72,Monthly,2024-08-01,2024-08-31,KG,2.468,2.468
PEAR_CONFERENCE,WHOLESALE,NL-GE,7811.62,Monthly,2024-09-01,2024-09-30,KG,2.492,2.492
PEAR_CONFERENCE,WHOLESALE,NL-GE,8640.91,Monthly,2024-10-01,2024-10-31,KG,2.439,2.439
PEAR_CONFERENCE,WHOLESALE,NL-GE,7664.1900000000005,Monthly,2024-11-01,2024-11-30,KG,3.057,3.057
PEAR_CONFERENCE,WHOLESALE,NL-GE,7392.57,Monthly,2024-12-01,2024-12-31,KG,3.056,3.056
PEAR_CONFERENCE,WHOLESALE,NL-GE,6610.2699999999995,Monthly,2025-01-01,2025-01-31,KG,3.056,3.056
PEAR_CONFERENCE,WHOLESALE,NL-GE,5871.13,Monthly,2025-02-01,2025-02-28,KG,3.064,3.064
PEAR_CONFERENCE,WHOLESALE,NL-GE,6740.61,Monthly,2025-03-01,2025-03-31,KG,3.048,3.048
PEAR_CONFERENCE,WHOLESALE,NL-GE,6139.3,Monthly,2025-04-01,2025-04-30,KG,3.051,3.051
PEAR_CONFERENCE,WHOLESALE,NL-GE,5937.5,Monthly,2025-05-01,2025-05-31,KG,3.044,3.044
PEAR_CONFERENCE,WHOLESALE,NL-GE,5877.58,Monthly,2025-06-01,2025-06-30,KG,3.047,3.047
PEAR_CONFERENCE,WHOLESALE,NL-GE,6682.59,Monthly,2025-07-01,2025-07-31,KG,3.054,3.054
PEAR_CONFERENCE,WHOLESALE,NL-GE,8149.599999999999,Monthly,2025-08-01,2025-08-31,KG,2.448,2.448
PEAR_CONFERENCE,WHOLESALE,NL-GE,8234.92,Monthly,2025-09-01,2025-09-30,KG,2.449,2.449
PEAR_CONFERENCE,WHOLESALE,NL-GE,8035.4,Monthly,2025-10-01,2025-10-31,KG,2.479,2.479
PEAR_CONFERENCE,WHOLESALE,NL-GE,7780.91,Monthly,2025-11-01,2025-11-30,KG,3.084,3.084
PEAR_CONFERENCE,WHOLESALE,NL-GE,8052.07,Monthly,2025-12-01,2025-12-31,KG,3.064,3.064
PEAR_CONFERENCE,WHOLESALE,NL-GE,6843.92,Monthly,2026-01-01,2026-01-31,KG,3.068,3.068
PEAR_CONFERENCE,WHOLESALE,NL-GE,208.45,Monthly,2026-02-01,2026-02-28,KG,2.992,2.992
PEAR_CONFERENCE,WHOLESALE,NL-NB,5834.0,Monthly,2023-02-01,2023-02-28,KG,3.14,3.14
PEAR_CONFERENCE,WHOLESALE,NL-NB,5766.08,Monthly,2023-03-01,2023-03-31,KG,3.157,3.157
PEAR_CONFERENCE,WHOLESALE,NL-NB,5388.8,Monthly,2023-04-01,2023-04-30,KG,3.145,3.145
PEAR_CONFERENCE,WHOLESALE,NL-NB,6110.06,Monthly,2023-05-01,2023-05-31,KG,3.164,3.164
PEAR_CONFERENCE,WHOLESALE,NL-NB,6330.25,Monthly,2023-06-01,2023-06-30,KG,3.146,3.146
PEAR_CONFERENCE,WHOLESALE,NL-NB,6516.05,Monthly,2023-07-01,2023-07-31,KG,3.159,3.159
PEAR_CONFERENCE,WHOLESALE,NL-NB,7861.39,Monthly,2023-08-01,2023-08-31,KG,2.536,2.536
PEAR_CONFERENCE,WHOLESALE,NL-NB,8827.89,Monthly,2023-09-01,2023-09-30,KG,2.547,2.547
PEAR_CONFERENCE,WHOLESALE,NL-NB,8636.75,Monthly,2023-10-01,2023-10-31,KG,2.53,2.53
PEAR_CONFERENCE,WHOLESALE,NL-NB,7637.8099999999995,Monthly,2023-11-01,2023-11-30,KG,3.185,3.185
PEAR_CONFERENCE,WHOLESALE,NL-NB,7575.72,Monthly,2023-12-01,2023-12-31,KG,3.152,3.152
PEAR_CONFERENCE,WHOLESALE,NL-NB,7270.9,Monthly,2024-01-01,2024-01-31,KG,3.135,3.135
PEAR_CONFERENCE,WHOLESALE,NL-NB,5917.3099999999995,Monthly,2024-02-01,2024-02-29,KG,3.171,3.171
PEAR_CONFERENCE,WHOLESALE,NL-NB,6260.49,Monthly,2024-03-01,2024-03-31,KG,3.146,3.146
PEAR_CONFERENCE,WHOLESALE,NL-NB,5523.21,Monthly,2024-04-01,2024-04-30,KG,3.133,3.133
PEAR_CONFERENCE,WHOLESALE,NL-NB,5440.03,Monthly,2024-05-01,2024-05-31,KG,3.146,3.146
PEAR_CONFERENCE,WHOLESALE,NL-NB,5784.01,Monthly,2024-06-01,2024-06-30,KG,3.153,3.153
PEAR_CONFERENCE,WHOLESALE,NL-NB,6833.91,Monthly,2024-07-01,2024-07-31,KG,3.148,3.148
PEAR_CONFERENCE,WHOLESALE,NL-NB,7810.450000000001,Monthly,2024-08-01,2024-08-31,KG,2.506,2.506
PEAR_CONFERENCE,WHOLESALE,NL-NB,7853.48,Monthly,2024-09-01,2024-09-30,KG,2.547,2.547
PEAR_CONFERENCE,WHOLESALE,NL-NB,8680.39,Monthly,2024-10-01,2024-10-31,KG,2.549,2.549
PEAR_CONFERENCE,WHOLESALE,NL-NB,8109.07,Monthly,2024-11-01,2024-11-30,KG,3.133,3.133
PEAR_CONFERENCE,WHOLESALE,NL-NB,7520.79,Monthly,2024-12-01,2024-12-31,KG,3.145,3.145
PEAR_CONFERENCE,WHOLESALE,NL-NB,6943.34,Monthly,2025-01-01,2025-01-31,KG,3.134,3.134
PEAR_CONFERENCE,WHOLESALE,NL-NB,6212.91,Monthly,2025-02-01,2025-02-28,KG,3.165,3.165
PEAR_CONFERENCE,WHOLESALE,NL-NB,6706.469999999999,Monthly,2025-03-01,2025-03-31,KG,3.177,3.177
PEAR_CONFERENCE,WHOLESALE,NL-NB,6178.3,Monthly,2025-04-01,2025-04-30,KG,3.155,3.155
PEAR_CONFERENCE,WHOLESALE,NL-NB,6188.65,Monthly,2025-05-01,2025-05-31,KG,3.17,3.17
PEAR_CONFERENCE,WHOLESALE,NL-NB,6391.34,Monthly,2025-06-01,2025-06-30,KG,3.149,3.149
PEAR_CONFERENCE,WHOLESALE,NL-NB,7007.32,Monthly,2025-07-01,2025-07-31,KG,3.155,3.155
PEAR_CONFERENCE,WHOLESALE,NL-NB,8081.61,Monthly,2025-08-01,2025-08-31,KG,2.546,2.546
PEAR_CONFERENCE,WHOLESALE,NL-NB,8842.220000000001,Monthly,2025-09-01,2025-09-30,KG,2.534,2.534
PEAR_CONFERENCE,WHOLESALE,NL-NB,8234.34,Monthly,2025-10-01,2025-10-31,KG,2.544,2.544
PEAR_CONFERENCE,WHOLESALE,NL-NB,8161.9,Monthly,2025-11-01,2025-11-30,KG,3.137,3.137
PEAR_CONFERENCE,WHOLESALE,NL-NB,7952.389999999999,Monthly,2025-12-01,2025-12-31,KG,3.14,3.14
PEAR_CONFERENCE,WHOLESALE,NL-NB,7128.65,Monthly,2026-01-01,2026-01-31,KG,3.168,3.168
PEAR_CONFERENCE,WHOLESALE,NL-NB,199.03,Monthly,2026-02-01,2026-02-28,KG,3.299,3.299
PEAR_CONFERENCE,WHOLESALE,NL-NH,6038.6,Monthly,2023-02-01,2023-02-28,KG,3.269,3.269
PEAR_CONFERENCE,WHOLESALE,NL-NH,6194.39,Monthly,2023-03-01,2023-03-31,KG,3.239,3.239
PEAR_CONFERENCE,WHOLESALE,NL-NH,5440.07,Monthly,2023-04-01,2023-04-30,KG,3.23,3.23
PEAR_CONFERENCE,WHOLESALE,NL-NH,6202.5,Monthly,2023-05-01,2023-05-31,KG,3.227,3.227
PEAR_CONFERENCE,WHOLESALE,NL-NH,6410.96,Monthly,2023-06-01,2023-06-30,KG,3.224,3.224
PEAR_CONFERENCE,WHOLESALE,NL-NH,6960.24,Monthly,2023-07-01,2023-07-31,KG,3.224,3.224
PEAR_CONFERENCE,WHOLESALE,NL-NH,8127.44,Monthly,2023-08-01,2023-08-31,KG,2.608,2.608
PEAR_CONFERENCE,WHOLESALE,NL-NH,8917.09,Monthly,2023-09-01,2023-09-30,KG,2.608,2.608
PEAR_CONFERENCE,WHOLESALE,NL-NH,8635.08,Monthly,2023-10-01,2023-10-31,KG,2.61,2.61
PEAR_CONFERENCE,WHOLESALE,NL-NH,7556.28,Monthly,2023-11-01,2023-11-30,KG,3.216,3.216
PEAR_CONFERENCE,WHOLESALE,NL-NH,7890.9,Monthly,2023-12-01,2023-12-31,KG,3.235,3.235
PEAR_CONFERENCE,WHOLESALE,NL-NH,7420.53,Monthly,2024-01-01,2024-01-31,KG,3.233,3.233
PEAR_CONFERENCE,WHOLESALE,NL-NH,6159.530000000001,Monthly,2024-02-01,2024-02-29,KG,3.256,3.256
PEAR_CONFERENCE,WHOLESALE,NL-NH,6698.0599999999995,Monthly,2024-03-01,2024-03-31,KG,3.246,3.246
PEAR_CONFERENCE,WHOLESALE,NL-NH,5669.29,Monthly,2024-04-01,2024-04-30,KG,3.262,3.262
PEAR_CONFERENCE,WHOLESALE,NL-NH,5788.63,Monthly,2024-05-01,2024-05-31,KG,3.255,3.255
PEAR_CONFERENCE,WHOLESALE,NL-NH,6057.46,Monthly,2024-06-01,2024-06-30,KG,3.25,3.25
PEAR_CONFERENCE,WHOLESALE,NL-NH,6656.04,Monthly,2024-07-01,2024-07-31,KG,3.26,3.26
PEAR_CONFERENCE,WHOLESALE,NL-NH,8360.6,Monthly,2024-08-01,2024-08-31,KG,2.598,2.598
PEAR_CONFERENCE,WHOLESALE,NL-NH,8441.779999999999,Monthly,2024-09-01,2024-09-30,KG,2.6,2.6
PEAR_CONFERENCE,WHOLESALE,NL-NH,9508.18,Monthly,2024-10-01,2024-10-31,KG,2.635,2.635
PEAR_CONFERENCE,WHOLESALE,NL-NH,8189.89,Monthly,2024-11-01,2024-11-30,KG,3.236,3.236
PEAR_CONFERENCE,WHOLESALE,NL-NH,7907.35,Monthly,2024-12-01,2024-12-31,KG,3.25,3.25
PEAR_CONFERENCE,WHOLESALE,NL-NH,7408.52,Monthly,2025-01-01,2025-01-31,KG,3.205,3.205
PEAR_CONFERENCE,WHOLESALE,NL-NH,6516.5599999999995,Monthly,2025-02-01,2025-02-28,KG,3.261,3.261
PEAR_CONFERENCE,WHOLESALE,NL-NH,7245.75,Monthly,2025-03-01,2025-03-31,KG,3.267,3.267
PEAR_CONFERENCE,WHOLESALE,NL-NH,6562.67,Monthly,2025-04-01,2025-04-30,KG,3.268,3.268
PEAR_CONFERENCE,WHOLESALE,NL-NH,6327.08,Monthly,2025-05-01,2025-05-31,KG,3.238,3.238
PEAR_CONFERENCE,WHOLESALE,NL-NH,6385.0,Monthly,2025-06-01,2025-06-30,KG,3.237,3.237
PEAR_CONFERENCE,WHOLESALE,NL-NH,7029.360000000001,Monthly,2025-07-01,2025-07-31,KG,3.23,3.23
PEAR_CONFERENCE,WHOLESALE,NL-NH,8197.720000000001,Monthly,2025-08-01,2025-08-31,KG,2.596,2.596
PEAR_CONFERENCE,WHOLESALE,NL-NH,8574.86,Monthly,2025-09-01,2025-09-30,KG,2.582,2.582
PEAR_CONFERENCE,WHOLESALE,NL-NH,8430.43,Monthly,2025-10-01,2025-10-31,KG,2.644,2.644
PEAR_CONFERENCE,WHOLESALE,NL-NH,8243.72,Monthly,2025-11-01,2025-11-30,KG,3.257,3.257
PEAR_CONFERENCE,WHOLESALE,NL-NH,8490.66,Monthly,2025-12-01,2025-12-31,KG,3.27,3.27
PEAR_CONFERENCE,WHOLESALE,NL-NH,7068.46,Monthly,2026-01-01,2026-01-31,KG,3.248,3.248
PEAR_CONFERENCE,WHOLESALE,NL-NH,197.06,Monthly,2026-02-01,2026-02-28,KG,3.145,3.145
PEAR_CONFERENCE,WHOLESALE,NL-ZH,6654.14,Monthly,2023-02-01,2023-02-28,KG,3.304,3.304
PEAR_CONFERENCE,WHOLESALE,NL-ZH,6275.32,Monthly,2023-03-01,2023-03-31,KG,3.363,3.363
PEAR_CONFERENCE,WHOLESALE,NL-ZH,5673.469999999999,Monthly,2023-04-01,2023-04-30,KG,3.341,3.341
PEAR_CONFERENCE,WHOLESALE,NL-ZH,6323.26,Monthly,2023-05-01,2023-05-31,KG,3.332,3.332
PEAR_CONFERENCE,WHOLESALE,NL-ZH,6831.02,Monthly,2023-06-01,2023-06-30,KG,3.331,3.331
PEAR_CONFERENCE,WHOLESALE,NL-ZH,6840.62,Monthly,2023-07-01,2023-07-31,KG,3.302,3.302
PEAR_CONFERENCE,WHOLESALE,NL-ZH,8089.47,Monthly,2023-08-01,2023-08-31,KG,2.698,2.698
PEAR_CONFERENCE,WHOLESALE,NL-ZH,9272.2,Monthly,2023-09-01,2023-09-30,KG,2.695,2.695
PEAR_CONFERENCE,WHOLESALE,NL-ZH,8921.39,Monthly,2023-10-01,2023-10-31,KG,2.681,2.681
PEAR_CONFERENCE,WHOLESALE,NL-ZH,7893.2,Monthly,2023-11-01,2023-11-30,KG,3.336,3.336
PEAR_CONFERENCE,WHOLESALE,NL-ZH,8176.58,Monthly,2023-12-01,2023-12-31,KG,3.32,3.32
PEAR_CONFERENCE,WHOLESALE,NL-ZH,7903.8,Monthly,2024-01-01,2024-01-31,KG,3.334,3.334
PEAR_CONFERENCE,WHOLESALE,NL-ZH,6350.719999999999,Monthly,2024-02-01,2024-02-29,KG,3.355,3.355
PEAR_CONFERENCE,WHOLESALE,NL-ZH,6754.11,Monthly,2024-03-01,2024-03-31,KG,3.394,3.394
PEAR_CONFERENCE,WHOLESALE,NL-ZH,5752.04,Monthly,2024-04-01,2024-04-30,KG,3.354,3.354
PEAR_CONFERENCE,WHOLESALE,NL-ZH,5949.37,Monthly,2024-05-01,2024-05-31,KG,3.34,3.34
PEAR_CONFERENCE,WHOLESALE,NL-ZH,6328.88,Monthly,2024-06-01,2024-06-30,KG,3.38,3.38
PEAR_CONFERENCE,WHOLESALE,NL-ZH,6967.360000000001,Monthly,2024-07-01,2024-07-31,KG,3.392,3.392
PEAR_CONFERENCE,WHOLESALE,NL-ZH,8768.14,Monthly,2024-08-01,2024-08-31,KG,2.688,2.688
PEAR_CONFERENCE,WHOLESALE,NL-ZH,8482.22,Monthly,2024-09-01,2024-09-30,KG,2.685,2.685
PEAR_CONFERENCE,WHOLESALE,NL-ZH,9397.09,Monthly,2024-10-01,2024-10-31,KG,2.682,2.682
PEAR_CONFERENCE,WHOLESALE,NL-ZH,8378.31,Monthly,2024-11-01,2024-11-30,KG,3.328,3.328
PEAR_CONFERENCE,WHOLESALE,NL-ZH,8213.53,Monthly,2024-12-01,2024-12-31,KG,3.353,3.353
PEAR_CONFERENCE,WHOLESALE,NL-ZH,7382.96,Monthly,2025-01-01,2025-01-31,KG,3.36,3.36
PEAR_CONFERENCE,WHOLESALE,NL-ZH,6494.38,Monthly,2025-02-01,2025-02-28,KG,3.327,3.327
PEAR_CONFERENCE,WHOLESALE,NL-ZH,7503.73,Monthly,2025-03-01,2025-03-31,KG,3.376,3.376
PEAR_CONFERENCE,WHOLESALE,NL-ZH,6830.29,Monthly,2025-04-01,2025-04-30,KG,3.355,3.355
PEAR_CONFERENCE,WHOLESALE,NL-ZH,6414.64,Monthly,2025-05-01,2025-05-31,KG,3.355,3.355
PEAR_CONFERENCE,WHOLESALE,NL-ZH,6598.0599999999995,Monthly,2025-06-01,2025-06-30,KG,3.355,3.355
PEAR_CONFERENCE,WHOLESALE,NL-ZH,7422.08,Monthly,2025-07-01,2025-07-31,KG,3.376,3.376
PEAR_CONFERENCE,WHOLESALE,NL-ZH,8399.27,Monthly,2025-08-01,2025-08-31,KG,2.674,2.674
PEAR_CONFERENCE,WHOLESALE,NL-ZH,8921.380000000001,Monthly,2025-09-01,2025-09-30,KG,2.676,2.676
PEAR_CONFERENCE,WHOLESALE,NL-ZH,8855.45,Monthly,2025-10-01,2025-10-31,KG,2.68,2.68
PEAR_CONFERENCE,WHOLESALE,NL-ZH,8482.26,Monthly,2025-11-01,2025-11-30,KG,3.341,3.341
PEAR_CONFERENCE,WHOLESALE,NL-ZH,8889.44,Monthly,2025-12-01,2025-12-31,KG,3.351,3.351
PEAR_CONFERENCE,WHOLESALE,NL-ZH,7595.63,Monthly,2026-01-01,2026-01-31,KG,3.388,3.388
PEAR_CONFERENCE,WHOLESALE,NL-ZH,224.25,Monthly,2026-02-01,2026-02-28,KG,3.368,3.368
PEAR_WILLIAMS,ONLINE,NL-GE,3231.5,Monthly,2023-02-01,2023-02-28,KG,3.021,3.021
PEAR_WILLIAMS,ONLINE,NL-GE,3257.9900000000002,Monthly,2023-03-01,2023-03-31,KG,3.038,3.038
PEAR_WILLIAMS,ONLINE,NL-GE,2947.25,Monthly,2023-04-01,2023-04-30,KG,3.027,3.027
PEAR_WILLIAMS,ONLINE,NL-GE,3237.04,Monthly,2023-05-01,2023-05-31,KG,3.046,3.046
PEAR_WILLIAMS,ONLINE,NL-GE,3299.95,Monthly,2023-06-01,2023-06-30,KG,3.028,3.028
PEAR_WILLIAMS,ONLINE,NL-GE,3532.5299999999997,Monthly,2023-07-01,2023-07-31,KG,3.063,3.063
PEAR_WILLIAMS,ONLINE,NL-GE,4258.03,Monthly,2023-08-01,2023-08-31,KG,2.434,2.434
PEAR_WILLIAMS,ONLINE,NL-GE,4835.03,Monthly,2023-09-01,2023-09-30,KG,2.487,2.487
PEAR_WILLIAMS,ONLINE,NL-GE,4488.86,Monthly,2023-10-01,2023-10-31,KG,2.448,2.448
PEAR_WILLIAMS,ONLINE,NL-GE,4098.63,Monthly,2023-11-01,2023-11-30,KG,3.092,3.092
PEAR_WILLIAMS,ONLINE,NL-GE,3917.3100000000004,Monthly,2023-12-01,2023-12-31,KG,3.005,3.005
PEAR_WILLIAMS,ONLINE,NL-GE,3924.64,Monthly,2024-01-01,2024-01-31,KG,3.085,3.085
PEAR_WILLIAMS,ONLINE,NL-GE,3228.45,Monthly,2024-02-01,2024-02-29,KG,3.087,3.087
PEAR_WILLIAMS,ONLINE,NL-GE,3424.46,Monthly,2024-03-01,2024-03-31,KG,3.055,3.055
PEAR_WILLIAMS,ONLINE,NL-GE,2946.35,Monthly,2024-04-01,2024-04-30,KG,3.07,3.07
PEAR_WILLIAMS,ONLINE,NL-GE,3125.04,Monthly,2024-05-01,2024-05-31,KG,3.097,3.097
PEAR_WILLIAMS,ONLINE,NL-GE,3154.2799999999997,Monthly,2024-06-01,2024-06-30,KG,3.042,3.042
PEAR_WILLIAMS,ONLINE,NL-GE,3717.01,Monthly,2024-07-01,2024-07-31,KG,3.049,3.049
PEAR_WILLIAMS,ONLINE,NL-GE,4441.9800000000005,Monthly,2024-08-01,2024-08-31,KG,2.476,2.476
PEAR_WILLIAMS,ONLINE,NL-GE,4591.12,Monthly,2024-09-01,2024-09-30,KG,2.447,2.447
PEAR_WILLIAMS,ONLINE,NL-GE,4935.55,Monthly,2024-10-01,2024-10-31,KG,2.449,2.449
PEAR_WILLIAMS,ONLINE,NL-GE,4356.92,Monthly,2024-11-01,2024-11-30,KG,3.045,3.045
PEAR_WILLIAMS,ONLINE,NL-GE,4320.34,Monthly,2024-12-01,2024-12-31,KG,3.057,3.057
PEAR_WILLIAMS,ONLINE,NL-GE,3896.4500000000003,Monthly,2025-01-01,2025-01-31,KG,3.082,3.082
PEAR_WILLIAMS,ONLINE,NL-GE,3336.1400000000003,Monthly,2025-02-01,2025-02-28,KG,3.074,3.074
PEAR_WILLIAMS,ONLINE,NL-GE,3906.96,Monthly,2025-03-01,2025-03-31,KG,3.082,3.082
PEAR_WILLIAMS,ONLINE,NL-GE,3381.04,Monthly,2025-04-01,2025-04-30,KG,3.041,3.041
PEAR_WILLIAMS,ONLINE,NL-GE,3356.59,Monthly,2025-05-01,2025-05-31,KG,3.079,3.079
PEAR_WILLIAMS,ONLINE,NL-GE,3219.96,Monthly,2025-06-01,2025-06-30,KG,3.061,3.061
PEAR_WILLIAMS,ONLINE,NL-GE,3958.5,Monthly,2025-07-01,2025-07-31,KG,3.043,3.043
PEAR_WILLIAMS,ONLINE,NL-GE,4454.04,Monthly,2025-08-01,2025-08-31,KG,2.448,2.448
PEAR_WILLIAMS,ONLINE,NL-GE,4562.23,Monthly,2025-09-01,2025-09-30,KG,2.479,2.479
PEAR_WILLIAMS,ONLINE,NL-GE,4674.82,Monthly,2025-10-01,2025-10-31,KG,2.449,2.449
PEAR_WILLIAMS,ONLINE,NL-GE,4286.27,Monthly,2025-11-01,2025-11-30,KG,3.102,3.102
PEAR_WILLIAMS,ONLINE,NL-GE,4513.46,Monthly,2025-12-01,2025-12-31,KG,3.044,3.044
PEAR_WILLIAMS,ONLINE,NL-GE,3733.6800000000003,Monthly,2026-01-01,2026-01-31,KG,3.01,3.01
PEAR_WILLIAMS,ONLINE,NL-GE,122.47,Monthly,2026-02-01,2026-02-28,KG,3.16,3.16
