Data/History_121_Monthly.csv
ProductID,ChannelID,LocationID,Qty,Period,StartDate,EndDate,UOM,NetPrice,ListPrice
PEAR_WILLIAMS,RETAIL,NL-NH,8180.38,Monthly,2023-02-01,2023-02-28,KG,3.051,3.26
PEAR_WILLIAMS,RETAIL,NL-NH,6993.960000000001,Monthly,2023-03-01,2023-03-31,KG,3.228,3.228
PEAR_WILLIAMS,RETAIL,NL-NH,6388.950000000001,Monthly,2023-04-01,2023-04-30,KG,3.265,3.265
PEAR_WILLIAMS,RETAIL,NL-NH,6597.03,Monthly,2023-05-01,2023-05-31,KG,3.223,3.223
PEAR_WILLIAMS,RETAIL,NL-NH,7330.280000000001,Monthly,2023-06-01,2023-06-30,KG,3.271,3.271
PEAR_WILLIAMS,RETAIL,NL-NH,7653.62,Monthly,2023-07-01,2023-07-31,KG,3.202,3.202
PEAR_WILLIAMS,RETAIL,NL-NH,8611.32,Monthly,2023-08-01,2023-08-31,KG,2.597,2.597
PEAR_WILLIAMS,RETAIL,NL-NH,10032.55,Monthly,2023-09-01,2023-09-30,KG,2.599,2.599
PEAR_WILLIAMS,RETAIL,NL-NH,9499.59,Monthly,2023-10-01,2023-10-31,KG,2.589,2.589
PEAR_WILLIAMS,RETAIL,NL-NH,8433.33,Monthly,2023-11-01,2023-11-30,KG,3.216,3.216
PEAR_WILLIAMS,RETAIL,NL-NH,9043.7,Monthly,2023-12-01,2023-12-31,KG,3.21,3.266
PEAR_WILLIAMS,RETAIL,NL-NH,8325.01,Monthly,2024-01-01,2024-01-31,KG,3.23,3.23
PEAR_WILLIAMS,RETAIL,NL-NH,7048.139999999999,Monthly,2024-02-01,2024-02-29,KG,3.257,3.257
PEAR_WILLIAMS,RETAIL,NL-NH,7335.89,Monthly,2024-03-01,2024-03-31,KG,3.218,3.218
PEAR_WILLIAMS,RETAIL,NL-NH,6366.46,Monthly,2024-04-01,2024-04-30,KG,3.23,3.23
PEAR_WILLIAMS,RETAIL,NL-NH,6821.57,Monthly,2024-05-01,2024-05-31,KG,3.282,3.282
PEAR_WILLIAMS,RETAIL,NL-NH,6706.74,Monthly,2024-06-01,2024-06-30,KG,3.232,3.232
PEAR_WILLIAMS,RETAIL,NL-NH,7586.12,Monthly,2024-07-01,2024-07-31,KG,3.227,3.227
PEAR_WILLIAMS,RETAIL,NL-NH,9294.060000000001,Monthly,2024-08-01,2024-08-31,KG,2.59,2.59
PEAR_WILLIAMS,RETAIL,NL-NH,9571.86,Monthly,2024-09-01,2024-09-30,KG,2.625,2.625
PEAR_WILLIAMS,RETAIL,NL-NH,10470.33,Monthly,2024-10-01,2024-10-31,KG,2.623,2.623
PEAR_WILLIAMS,RETAIL,NL-NH,9163.1,Monthly,2024-11-01,2024-11-30,KG,3.217,3.217
PEAR_WILLIAMS,RETAIL,NL-NH,8849.74,Monthly,2024-12-01,2024-12-31,KG,3.226,3.239
PEAR_WILLIAMS,RETAIL,NL-NH,7921.64,Monthly,2025-01-01,2025-01-31,KG,3.26,3.26
PEAR_WILLIAMS,RETAIL,NL-NH,7472.11,Monthly,2025-02-01,2025-02-28,KG,3.28,3.28
PEAR_WILLIAMS,RETAIL,NL-NH,8152.46,Monthly,2025-03-01,2025-03-31,KG,3.241,3.241
PEAR_WILLIAMS,RETAIL,NL-NH,6821.610000000001,Monthly,2025-04-01,2025-04-30,KG,3.231,3.231
PEAR_WILLIAMS,RETAIL,NL-NH,7151.700000000001,Monthly,2025-05-01,2025-05-31,KG,3.261,3.261
PEAR_WILLIAMS,RETAIL,NL-NH,6975.13,Monthly,2025-06-01,2025-06-30,KG,3.232,3.232
PEAR_WILLIAMS,RETAIL,NL-NH,7722.62,Monthly,2025-07-01,2025-07-31,KG,3.23,3.23
PEAR_WILLIAMS,RETAIL,NL-NH,9754.48,Monthly,2025-08-01,2025-08-31,KG,2.609,2.609
PEAR_WILLIAMS,RETAIL,NL-NH,9723.51,Monthly,2025-09-01,2025-09-30,KG,2.636,2.636
PEAR_WILLIAMS,RETAIL,NL-NH,9521.28,Monthly,2025-10-01,2025-10-31,KG,2.623,2.623
PEAR_WILLIAMS,RETAIL,NL-NH,9533.27,Monthly,2025-11-01,2025-11-30,KG,3.264,3.264
PEAR_WILLIAMS,RETAIL,NL-NH,9062.02,Monthly,2025-12-01,2025-12-31,KG,3.232,3.232
PEAR_WILLIAMS,RETAIL,NL-NH,7762.03,Monthly,2026-01-01,2026-01-31,KG,3.305,3.305
PEAR_WILLIAMS,RETAIL,NL-NH,275.02,Monthly,2026-02-01,2026-02-28,KG,3.327,3.327
PEAR_WILLIAMS,RETAIL,NL-ZH,7303.950000000001,Monthly,2023-02-01,2023-02-28,KG,3.34,3.34
PEAR_WILLIAMS,RETAIL,NL-ZH,7126.15,Monthly,2023-03-01,2023-03-31,KG,3.391,3.391
PEAR_WILLIAMS,RETAIL,NL-ZH,6809.26,Monthly,2023-04-01,2023-04-30,KG,3.318,3.318
PEAR_WILLIAMS,RETAIL,NL-ZH,6978.87,Monthly,2023-05-01,2023-05-31,KG,3.36,3.36
PEAR_WILLIAMS,RETAIL,NL-ZH,7640.04,Monthly,2023-06-01,2023-06-30,KG,3.33,3.33
PEAR_WILLIAMS,RETAIL,NL-ZH,7836.620000000001,Monthly,2023-07-01,2023-07-31,KG,3.3,3.3
PEAR_WILLIAMS,RETAIL,NL-ZH,9007.01,Monthly,2023-08-01,2023-08-31,KG,2.701,2.701
PEAR_WILLIAMS,RETAIL,NL-ZH,10407.29,Monthly,2023-09-01,2023-09-30,KG,2.664,2.664
PEAR_WILLIAMS,RETAIL,NL-ZH,9826.970000000001,Monthly,2023-10-01,2023-10-31,KG,2.715,2.715
PEAR_WILLIAMS,RETAIL,NL-ZH,8639.26,Monthly,2023-11-01,2023-11-30,KG,3.353,3.353
PEAR_WILLIAMS,RETAIL,NL-ZH,9022.73,Monthly,2023-12-01,2023-12-31,KG,3.363,3.363
PEAR_WILLIAMS,RETAIL,NL-ZH,8800.630000000001,Monthly,2024-01-01,2024-01-31,KG,3.398,3.398
PEAR_WILLIAMS,RETAIL,NL-ZH,6893.72,Monthly,2024-02-01,2024-02-29,KG,3.347,3.347
PEAR_WILLIAMS,RETAIL,NL-ZH,7460.280000000001,Monthly,2024-03-01,2024-03-31,KG,3.362,3.362
PEAR_WILLIAMS,RETAIL,NL-ZH,6504.530000000001,Monthly,2024-04-01,2024-04-30,KG,3.346,3.346
PEAR_WILLIAMS,RETAIL,NL-ZH,6759.58,Monthly,2024-05-01,2024-05-31,KG,3.345,3.345
PEAR_WILLIAMS,RETAIL,NL-ZH,6765.42,Monthly,2024-06-01,2024-06-30,KG,3.349,3.349
PEAR_WILLIAMS,RETAIL,NL-ZH,7488.0,Monthly,2024-07-01,2024-07-31,KG,3.357,3.357
PEAR_WILLIAMS,RETAIL,NL-ZH,9968.96,Monthly,2024-08-01,2024-08-31,KG,2.686,2.686
PEAR_WILLIAMS,RETAIL,NL-ZH,9480.9,Monthly,2024-09-01,2024-09-30,KG,2.677,2.677
PEAR_WILLIAMS,RETAIL,NL-ZH,10671.42,Monthly,2024-10-01,2024-10-31,KG,2.682,2.682
PEAR_WILLIAMS,RETAIL,NL-ZH,9488.220000000001,Monthly,2024-11-01,2024-11-30,KG,3.297,3.297
PEAR_WILLIAMS,RETAIL,NL-ZH,9226.2,Monthly,2024-12-01,2024-12-31,KG,3.364,3.364
PEAR_WILLIAMS,RETAIL,NL-ZH,7984.389999999999,Monthly,2025-01-01,2025-01-31,KG,3.357,3.357
PEAR_WILLIAMS,RETAIL,NL-ZH,7057.65,Monthly,2025-02-01,2025-02-28,KG,3.374,3.374
PEAR_WILLIAMS,RETAIL,NL-ZH,8637.470000000001,Monthly,2025-03-01,2025-03-31,KG,3.336,3.336
PEAR_WILLIAMS,RETAIL,NL-ZH,7723.610000000001,Monthly,2025-04-01,2025-04-30,KG,3.361,3.361
PEAR_WILLIAMS,RETAIL,NL-ZH,7379.96,Monthly,2025-05-01,2025-05-31,KG,3.322,3.322
PEAR_WILLIAMS,RETAIL,NL-ZH,7247.02,Monthly,2025-06-01,2025-06-30,KG,3.356,3.356
PEAR_WILLIAMS,RETAIL,NL-ZH,8164.46,Monthly,2025-07-01,2025-07-31,KG,3.333,3.333
PEAR_WILLIAMS,RETAIL,NL-ZH,9851.67,Monthly,2025-08-01,2025-08-31,KG,2.729,2.729
PEAR_WILLIAMS,RETAIL,NL-ZH,10135.53,Monthly,2025-09-01,2025-09-30,KG,2.669,2.669
PEAR_WILLIAMS,RETAIL,NL-ZH,10063.77,Monthly,2025-10-01,2025-10-31,KG,2.697,2.697
PEAR_WILLIAMS,RETAIL,NL-ZH,9746.96,Monthly,2025-11-01,2025-11-30,KG,3.347,3.347
PEAR_WILLIAMS,RETAIL,NL-ZH,9651.04,Monthly,2025-12-01,2025-12-31,KG,3.358,3.358
PEAR_WILLIAMS,RETAIL,NL-ZH,8430.119999999999,Monthly,2026-01-01,2026-01-31,KG,3.334,3.334
PEAR_WILLIAMS,RETAIL,NL-ZH,307.69,Monthly,2026-02-01,2026-02-28,KG,3.483,3.483
PEAR_WILLIAMS,WHOLESALE,NL-GE,5649.01,Monthly,2023-02-01,2023-02-28,KG,3.088,3.088
PEAR_WILLIAMS,WHOLESALE,NL-GE,5494.75,Monthly,2023-03-01,2023-03-31,KG,3.044,3.044
PEAR_WILLIAMS,WHOLESALE,NL-GE,5193.18,Monthly,2023-04-01,2023-04-30,KG,3.046,3.046
PEAR_WILLIAMS,WHOLESALE,NL-GE,5422.7,Monthly,2023-05-01,2023-05-31,KG,3.079,3.079
PEAR_WILLIAMS,WHOLESALE,NL-GE,5981.07,Monthly,2023-06-01,2023-06-30,KG,3.037,3.037
PEAR_WILLIAMS,WHOLESALE,NL-GE,6102.65,Monthly,2023-07-01,2023-07-31,KG,3.057,3.057
PEAR_WILLIAMS,WHOLESALE,NL-GE,7124.23,Monthly,2023-08-01,2023-08-31,KG,2.483,2.483
PEAR_WILLIAMS,WHOLESALE,NL-GE,8226.25,Monthly,2023-09-01,2023-09-30,KG,2.451,2.451
PEAR_WILLIAMS,WHOLESALE,NL-GE,7453.9400000000005,Monthly,2023-10-01,2023-10-31,KG,2.442,2.442
PEAR_WILLIAMS,WHOLESALE,NL-GE,7099.76,Monthly,2023-11-01,2023-11-30,KG,3.032,3.032
PEAR_WILLIAMS,WHOLESALE,NL-GE,6751.5,Monthly,2023-12-01,2023-12-31,KG,3.075,3.075
PEAR_WILLIAMS,WHOLESALE,NL-GE,6603.24,Monthly,2024-01-01,2024-01-31,KG,3.063,3.063
PEAR_WILLIAMS,WHOLESALE,NL-GE,5642.16,Monthly,2024-02-01,2024-02-29,KG,3.056,3.056
PEAR_WILLIAMS,WHOLESALE,NL-GE,5942.58,Monthly,2024-03-01,2024-03-31,KG,3.056,3.056
PEAR_WILLIAMS,WHOLESALE,NL-GE,5077.26,Monthly,2024-04-01,2024-04-30,KG,3.064,3.064
PEAR_WILLIAMS,WHOLESALE,NL-GE,5367.12,Monthly,2024-05-01,2024-05-31,KG,3.08,3.08
PEAR_WILLIAMS,WHOLESALE,NL-GE,5354.54,Monthly,2024-06-01,2024-06-30,KG,3.059,3.059
PEAR_WILLIAMS,WHOLESALE,NL-GE,6439.75,Monthly,2024-07-01,2024-07-31,KG,3.059,3.059
PEAR_WILLIAMS,WHOLESALE,NL-GE,7114.389999999999,Monthly,2024-08-01,2024-08-31,KG,2.429,2.429
PEAR_WILLIAMS,WHOLESALE,NL-GE,7542.92,Monthly,2024-09-01,2024-09-30,KG,2.436,2.436
PEAR_WILLIAMS,WHOLESALE,NL-GE,8146.95,Monthly,2024-10-01,2024-10-31,KG,2.474,2.474
PEAR_WILLIAMS,WHOLESALE,NL-GE,7285.97,Monthly,2024-11-01,2024-11-30,KG,3.034,3.034
PEAR_WILLIAMS,WHOLESALE,NL-GE,6985.219999999999,Monthly,2024-12-01,2024-12-31,KG,3.057,3.057
PEAR_WILLIAMS,WHOLESALE,NL-GE,6390.02,Monthly,2025-01-01,2025-01-31,KG,3.061,3.061
PEAR_WILLIAMS,WHOLESALE,NL-GE,5609.86,Monthly,2025-02-01,2025-02-28,KG,3.036,3.036
PEAR_WILLIAMS,WHOLESALE,NL-GE,6697.49,Monthly,2025-03-01,2025-03-31,KG,3.06,3.06
PEAR_WILLIAMS,WHOLESALE,NL-GE,5967.62,Monthly,2025-04-01,2025-04-30,KG,3.021,3.021
PEAR_WILLIAMS,WHOLESALE,NL-GE,5614.93,Monthly,2025-05-01,2025-05-31,KG,3.056,3.056
PEAR_WILLIAMS,WHOLESALE,NL-GE,5482.95,Monthly,2025-06-01,2025-06-30,KG,3.083,3.083
PEAR_WILLIAMS,WHOLESALE,NL-GE,6616.02,Monthly,2025-07-01,2025-07-31,KG,3.042,3.042
PEAR_WILLIAMS,WHOLESALE,NL-GE,7583.3,Monthly,2025-08-01,2025-08-31,KG,2.429,2.429
PEAR_WILLIAMS,WHOLESALE,NL-GE,7883.7,Monthly,2025-09-01,2025-09-30,KG,2.444,2.444
PEAR_WILLIAMS,WHOLESALE,NL-GE,7849.77,Monthly,2025-10-01,2025-10-31,KG,2.445,2.445
PEAR_WILLIAMS,WHOLESALE,NL-GE,7371.83,Monthly,2025-11-01,2025-11-30,KG,3.072,3.072
PEAR_WILLIAMS,WHOLESALE,NL-GE,7915.610000000001,Monthly,2025-12-01,2025-12-31,KG,3.041,3.041
PEAR_WILLIAMS,WHOLESALE,NL-GE,6478.7,Monthly,2026-01-01,2026-01-31,KG,3.038,3.038
PEAR_WILLIAMS,WHOLESALE,NL-GE,218.21,Monthly,2026-02-01,2026-02-28,KG,3.186,3.186
PEAR_WILLIAMS,WHOLESALE,NL-NB,5748.48,Monthly,2023-02-01,2023-02-28,KG,3.141,3.141
PEAR_WILLIAMS,WHOLESALE,NL-NB,5293.34,Monthly,2023-03-01,2023-03-31,KG,3.189,3.189
PEAR_WILLIAMS,WHOLESALE,NL-NB,5123.05,Monthly,2023-04-01,2023-04-30,KG,3.143,3.143
PEAR_WILLIAMS,WHOLESALE,NL-NB,5552.72,Monthly,2023-05-01,2023-05-31,KG,3.171,3.171
PEAR_WILLIAMS,WHOLESALE,NL-NB,5980.67,Monthly,2023-06-01,2023-06-30,KG,3.138,3.138
PEAR_WILLIAMS,WHOLESALE,NL-NB,6293.5,Monthly,2023-07-01,2023-07-31,KG,3.15,3.15
PEAR_WILLIAMS,WHOLESALE,NL-NB,7416.0599999999995,Monthly,2023-08-01,2023-08-31,KG,2.547,2.547
PEAR_WILLIAMS,WHOLESALE,NL-NB,8220.439999999999,Monthly,2023-09-01,2023-09-30,KG,2.53,2.53
PEAR_WILLIAMS,WHOLESALE,NL-NB,8062.08,Monthly,2023-10-01,2023-10-31,KG,2.52,2.52
PEAR_WILLIAMS,WHOLESALE,NL-NB,7602.6900000000005,Monthly,2023-11-01,2023-11-30,KG,3.143,3.143
PEAR_WILLIAMS,WHOLESALE,NL-NB,7033.05,Monthly,2023-12-01,2023-12-31,KG,3.144,3.144
PEAR_WILLIAMS,WHOLESALE,NL-NB,6957.63,Monthly,2024-01-01,2024-01-31,KG,3.116,3.116
PEAR_WILLIAMS,WHOLESALE,NL-NB,5780.0,Monthly,2024-02-01,2024-02-29,KG,3.168,3.168
PEAR_WILLIAMS,WHOLESALE,NL-NB,6029.2300000000005,Monthly,2024-03-01,2024-03-31,KG,3.185,3.185
PEAR_WILLIAMS,WHOLESALE,NL-NB,5100.25,Monthly,2024-04-01,2024-04-30,KG,3.17,3.17
PEAR_WILLIAMS,WHOLESALE,NL-NB,5211.63,Monthly,2024-05-01,2024-05-31,KG,3.134,3.134
PEAR_WILLIAMS,WHOLESALE,NL-NB,5460.39,Monthly,2024-06-01,2024-06-30,KG,3.119,3.119
PEAR_WILLIAMS,WHOLESALE,NL-NB,6509.78,Monthly,2024-07-01,2024-07-31,KG,3.162,3.162
PEAR_WILLIAMS,WHOLESALE,NL-NB,7776.08,Monthly,2024-08-01,2024-08-31,KG,2.544,2.544
PEAR_WILLIAMS,WHOLESALE,NL-NB,8004.87,Monthly,2024-09-01,2024-09-30,KG,2.444,2.518
PEAR_WILLIAMS,WHOLESALE,NL-NB,8410.97,Monthly,2024-10-01,2024-10-31,KG,2.551,2.551
PEAR_WILLIAMS,WHOLESALE,NL-NB,7359.82,Monthly,2024-11-01,2024-11-30,KG,3.174,3.174
PEAR_WILLIAMS,WHOLESALE,NL-NB,7501.2,Monthly,2024-12-01,2024-12-31,KG,3.156,3.156
PEAR_WILLIAMS,WHOLESALE,NL-NB,6425.15,Monthly,2025-01-01,2025-01-31,KG,3.135,3.135
PEAR_WILLIAMS,WHOLESALE,NL-NB,5953.35,Monthly,2025-02-01,2025-02-28,KG,3.137,3.137
PEAR_WILLIAMS,WHOLESALE,NL-NB,6872.32,Monthly,2025-03-01,2025-03-31,KG,3.131,3.131
PEAR_WILLIAMS,WHOLESALE,NL-NB,5934.49,Monthly,2025-04-01,2025-04-30,KG,3.162,3.162
PEAR_WILLIAMS,WHOLESALE,NL-NB,5751.92,Monthly,2025-05-01,2025-05-31,KG,3.139,3.139
PEAR_WILLIAMS,WHOLESALE,NL-NB,5802.82,Monthly,2025-06-01,2025-06-30,KG,3.151,3.151
PEAR_WILLIAMS,WHOLESALE,NL-NB,6751.0,Monthly,2025-07-01,2025-07-31,KG,3.148,3.148
PEAR_WILLIAMS,WHOLESALE,NL-NB,7882.95,Monthly,2025-08-01,2025-08-31,KG,2.53,2.53
PEAR_WILLIAMS,WHOLESALE,NL-NB,8403.25,Monthly,2025-09-01,2025-09-30,KG,2.529,2.529
PEAR_WILLIAMS,WHOLESALE,NL-NB,8150.53,Monthly,2025-10-01,2025-10-31,KG,2.543,2.543
PEAR_WILLIAMS,WHOLESALE,NL-NB,7906.8,Monthly,2025-11-01,2025-11-30,KG,3.139,3.139
PEAR_WILLIAMS,WHOLESALE,NL-NB,7791.96,Monthly,2025-12-01,2025-12-31,KG,3.123,3.123
PEAR_WILLIAMS,WHOLESALE,NL-NB,6841.4400000000005,Monthly,2026-01-01,2026-01-31,KG,3.149,3.149
PEAR_WILLIAMS,WHOLESALE,NL-NB,203.96,Monthly,2026-02-01,2026-02-28,KG,3.044,3.044
PEAR_WILLIAMS,WHOLESALE,NL-NH,5893.38,Monthly,2023-02-01,2023-02-28,KG,3.248,3.248
PEAR_WILLIAMS,WHOLESALE,NL-NH,5792.59,Monthly,2023-03-01,2023-03-31,KG,3.249,3.249
PEAR_WILLIAMS,WHOLESALE,NL-NH,5380.25,Monthly,2023-04-01,2023-04-30,KG,3.239,3.239
PEAR_WILLIAMS,WHOLESALE,NL-NH,5782.85,Monthly,2023-05-01,2023-05-31,KG,3.244,3.244
PEAR_WILLIAMS,WHOLESALE,NL-NH,6053.91,Monthly,2023-06-01,2023-06-30,KG,3.211,3.211
PEAR_WILLIAMS,WHOLESALE,NL-NH,6578.49,Monthly,2023-07-01,2023-07-31,KG,3.263,3.263
PEAR_WILLIAMS,WHOLESALE,NL-NH,7813.25,Monthly,2023-08-01,2023-08-31,KG,2.592,2.592
PEAR_WILLIAMS,WHOLESALE,NL-NH,8423.74,Monthly,2023-09-01,2023-09-30,KG,2.614,2.614
PEAR_WILLIAMS,WHOLESALE,NL-NH,7929.41,Monthly,2023-10-01,2023-10-31,KG,2.626,2.626
PEAR_WILLIAMS,WHOLESALE,NL-NH,7547.7,Monthly,2023-11-01,2023-11-30,KG,3.251,3.251
PEAR_WILLIAMS,WHOLESALE,NL-NH,7260.3099999999995,Monthly,2023-12-01,2023-12-31,KG,3.263,3.263
PEAR_WILLIAMS,WHOLESALE,NL-NH,7229.860000000001,Monthly,2024-01-01,2024-01-31,KG,3.233,3.233
PEAR_WILLIAMS,WHOLESALE,NL-NH,5703.48,Monthly,2024-02-01,2024-02-29,KG,3.246,3.246
PEAR_WILLIAMS,WHOLESALE,NL-NH,6415.26,Monthly,2024-03-01,2024-03-31,KG,3.267,3.267
PEAR_WILLIAMS,WHOLESALE,NL-NH,5250.77,Monthly,2024-04-01,2024-04-30,KG,3.259,3.259
PEAR_WILLIAMS,WHOLESALE,NL-NH,5752.9,Monthly,2024-05-01,2024-05-31,KG,3.233,3.233
PEAR_WILLIAMS,WHOLESALE,NL-NH,5762.26,Monthly,2024-06-01,2024-06-30,KG,3.236,3.236
PEAR_WILLIAMS,WHOLESALE,NL-NH,6664.93,Monthly,2024-07-01,2024-07-31,KG,3.258,3.258
PEAR_WILLIAMS,WHOLESALE,NL-NH,8125.06,Monthly,2024-08-01,2024-08-31,KG,2.617,2.617
PEAR_WILLIAMS,WHOLESALE,NL-NH,8190.12,Monthly,2024-09-01,2024-09-30,KG,2.65,2.65
PEAR_WILLIAMS,WHOLESALE,NL-NH,8918.25,Monthly,2024-10-01,2024-10-31,KG,2.597,2.597
PEAR_WILLIAMS,WHOLESALE,NL-NH,7523.91,Monthly,2024-11-01,2024-11-30,KG,3.229,3.229
PEAR_WILLIAMS,WHOLESALE,NL-NH,7529.86,Monthly,2024-12-01,2024-12-31,KG,3.262,3.262
PEAR_WILLIAMS,WHOLESALE,NL-NH,6999.139999999999,Monthly,2025-01-01,2025-01-31,KG,3.23,3.23
PEAR_WILLIAMS,WHOLESALE,NL-NH,6108.99,Monthly,2025-02-01,2025-02-28,KG,3.268,3.268
PEAR_WILLIAMS,WHOLESALE,NL-NH,6896.78,Monthly,2025-03-01,2025-03-31,KG,3.242,3.242
PEAR_WILLIAMS,WHOLESALE,NL-NH,6263.14,Monthly,2025-04-01,2025-04-30,KG,3.239,3.239
PEAR_WILLIAMS,WHOLESALE,NL-NH,6192.73,Monthly,2025-05-01,2025-05-31,KG,3.27,3.27
PEAR_WILLIAMS,WHOLESALE,NL-NH,5972.23,Monthly,2025-06-01,2025-06-30,KG,3.243,3.243
PEAR_WILLIAMS,WHOLESALE,NL-NH,6841.79,Monthly,2025-07-01,2025-07-31,KG,3.254,3.254
PEAR_WILLIAMS,WHOLESALE,NL-NH,8208.71,Monthly,2025-08-01,2025-08-31,KG,2.615,2.615
PEAR_WILLIAMS,WHOLESALE,NL-NH,8176.4800000000005,Monthly,2025-09-01,2025-09-30,KG,2.622,2.622
PEAR_WILLIAMS,WHOLESALE,NL-NH,8086.3,Monthly,2025-10-01,2025-10-31,KG,2.592,2.592
PEAR_WILLIAMS,WHOLESALE,NL-NH,7916.83,Monthly,2025-11-01,2025-11-30,KG,3.243,3.243
PEAR_WILLIAMS,WHOLESALE,NL-NH,8008.84,Monthly,2025-12-01,2025-12-31,KG,3.233,3.233
PEAR_WILLIAMS,WHOLESALE,NL-NH,6827.85,Monthly,2026-01-01,2026-01-31,KG,3.238,3.238
PEAR_WILLIAMS,WHOLESALE,NL-NH,252.02999999999997,Monthly,2026-02-01,2026-02-28,KG,3.184,3.184
