Data/History_121_Monthly.csv
ProductID,ChannelID,LocationID,Qty,Period,StartDate,EndDate,UOM,NetPrice,ListPrice
PEAR_WILLIAMS,WHOLESALE,NL-ZH,6159.13,Monthly,2023-02-01,2023-02-28,KG,3.358,3.358
PEAR_WILLIAMS,WHOLESALE,NL-ZH,5925.32,Monthly,2023-03-01,2023-03-31,KG,3.323,3.323
PEAR_WILLIAMS,WHOLESALE,NL-ZH,5570.55,Monthly,2023-04-01,2023-04-30,KG,3.362,3.362
PEAR_WILLIAMS,WHOLESALE,NL-ZH,6005.610000000001,Monthly,2023-05-01,2023-05-31,KG,3.351,3.351
PEAR_WILLIAMS,WHOLESALE,NL-ZH,6593.83,Monthly,2023-06-01,2023-06-30,KG,3.342,3.342
PEAR_WILLIAMS,WHOLESALE,NL-ZH,6663.2,Monthly,2023-07-01,2023-07-31,KG,3.349,3.349
PEAR_WILLIAMS,WHOLESALE,NL-ZH,7799.65,Monthly,2023-08-01,2023-08-31,KG,2.689,2.689
PEAR_WILLIAMS,WHOLESALE,NL-ZH,8882.99,Monthly,2023-09-01,2023-09-30,KG,2.71,2.71
PEAR_WILLIAMS,WHOLESALE,NL-ZH,8426.79,Monthly,2023-10-01,2023-10-31,KG,2.655,2.655
PEAR_WILLIAMS,WHOLESALE,NL-ZH,7497.13,Monthly,2023-11-01,2023-11-30,KG,3.319,3.319
PEAR_WILLIAMS,WHOLESALE,NL-ZH,7785.75,Monthly,2023-12-01,2023-12-31,KG,3.362,3.362
PEAR_WILLIAMS,WHOLESALE,NL-ZH,7424.08,Monthly,2024-01-01,2024-01-31,KG,3.348,3.348
PEAR_WILLIAMS,WHOLESALE,NL-ZH,6254.75,Monthly,2024-02-01,2024-02-29,KG,3.321,3.321
PEAR_WILLIAMS,WHOLESALE,NL-ZH,6332.8099999999995,Monthly,2024-03-01,2024-03-31,KG,3.338,3.338
PEAR_WILLIAMS,WHOLESALE,NL-ZH,5635.47,Monthly,2024-04-01,2024-04-30,KG,3.324,3.324
PEAR_WILLIAMS,WHOLESALE,NL-ZH,5637.5599999999995,Monthly,2024-05-01,2024-05-31,KG,3.332,3.332
PEAR_WILLIAMS,WHOLESALE,NL-ZH,5857.5,Monthly,2024-06-01,2024-06-30,KG,3.336,3.336
PEAR_WILLIAMS,WHOLESALE,NL-ZH,6640.55,Monthly,2024-07-01,2024-07-31,KG,3.323,3.323
PEAR_WILLIAMS,WHOLESALE,NL-ZH,8211.640000000001,Monthly,2024-08-01,2024-08-31,KG,2.698,2.698
PEAR_WILLIAMS,WHOLESALE,NL-ZH,8175.27,Monthly,2024-09-01,2024-09-30,KG,2.693,2.693
PEAR_WILLIAMS,WHOLESALE,NL-ZH,9129.86,Monthly,2024-10-01,2024-10-31,KG,2.705,2.705
PEAR_WILLIAMS,WHOLESALE,NL-ZH,8093.11,Monthly,2024-11-01,2024-11-30,KG,3.366,3.366
PEAR_WILLIAMS,WHOLESALE,NL-ZH,7910.54,Monthly,2024-12-01,2024-12-31,KG,3.341,3.341
PEAR_WILLIAMS,WHOLESALE,NL-ZH,7354.84,Monthly,2025-01-01,2025-01-31,KG,3.328,3.328
PEAR_WILLIAMS,WHOLESALE,NL-ZH,6250.9400000000005,Monthly,2025-02-01,2025-02-28,KG,3.362,3.362
PEAR_WILLIAMS,WHOLESALE,NL-ZH,7232.65,Monthly,2025-03-01,2025-03-31,KG,3.356,3.356
PEAR_WILLIAMS,WHOLESALE,NL-ZH,6462.01,Monthly,2025-04-01,2025-04-30,KG,3.352,3.352
PEAR_WILLIAMS,WHOLESALE,NL-ZH,6164.5599999999995,Monthly,2025-05-01,2025-05-31,KG,3.39,3.39
PEAR_WILLIAMS,WHOLESALE,NL-ZH,6135.77,Monthly,2025-06-01,2025-06-30,KG,3.364,3.364
PEAR_WILLIAMS,WHOLESALE,NL-ZH,7206.25,Monthly,2025-07-01,2025-07-31,KG,3.319,3.319
PEAR_WILLIAMS,WHOLESALE,NL-ZH,8416.81,Monthly,2025-08-01,2025-08-31,KG,2.71,2.71
PEAR_WILLIAMS,WHOLESALE,NL-ZH,8605.29,Monthly,2025-09-01,2025-09-30,KG,2.69,2.69
PEAR_WILLIAMS,WHOLESALE,NL-ZH,8485.779999999999,Monthly,2025-10-01,2025-10-31,KG,2.68,2.68
PEAR_WILLIAMS,WHOLESALE,NL-ZH,8445.77,Monthly,2025-11-01,2025-11-30,KG,3.327,3.327
PEAR_WILLIAMS,WHOLESALE,NL-ZH,8525.25,Monthly,2025-12-01,2025-12-31,KG,3.363,3.363
PEAR_WILLIAMS,WHOLESALE,NL-ZH,7212.09,Monthly,2026-01-01,2026-01-31,KG,3.327,3.327
PEAR_WILLIAMS,WHOLESALE,NL-ZH,209.72000000000003,Monthly,2026-02-01,2026-02-28,KG,3.332,3.332
